 dAUB

 Timestamp is 5f2e87a3 (Sat Aug  8 13:08:19 2020)

 Preferred load address is 00400000

 Start         Length     Name                   Class
 0001:00000000 00004680H .text$di                CODE
 0001:00004680 0002a420H .text$mn                CODE
 0001:0002eaa0 00001390H .text$x                 CODE
 0001:0002fe30 000011ceH .text$yd                CODE
 0002:00000000 00000104H .CRT$XCA                DATA
 0002:00000104 00000104H .CRT$XCAA               DATA
 0002:00000208 0000010cH .CRT$XCL                DATA
 0002:00000314 00000184H .CRT$XCU                DATA
 0002:00000498 00000104H .CRT$XCZ                DATA
 0002:0000059c 00000104H .CRT$XIA                DATA
 0002:000006a0 00000104H .CRT$XIAA               DATA
 0002:000007a4 00000104H .CRT$XIAC               DATA
 0002:000008a8 00000104H .CRT$XIC                DATA
 0002:000009ac 00000104H .CRT$XIZ                DATA
 0002:00000ab0 00000004H .CRT$XLA                DATA
 0002:00000ab4 00000004H .CRT$XLZ                DATA
 0002:00000ab8 00000104H .CRT$XPA                DATA
 0002:00000bbc 00000104H .CRT$XPZ                DATA
 0002:00000cc0 00000104H .CRT$XTA                DATA
 0002:00000dc4 0000010cH .CRT$XTZ                DATA
 0002:00000ed0 0000a95cH .rdata                  DATA
 0002:0000b82c 0000011cH .rdata$T                DATA
 0002:0000b948 0000059cH .rdata$r                DATA
 0002:0000bee4 00000148H .rdata$sxdata           DATA
 0002:0000c02c 0000017cH .rdata$zzzdbg           DATA
 0002:0000c1a8 00000104H .rtc$IAA                DATA
 0002:0000c2ac 00000114H .rtc$IMZ                DATA
 0002:0000c3c0 00000104H .rtc$IZZ                DATA
 0002:0000c4c4 00000104H .rtc$TAA                DATA
 0002:0000c5c8 00000114H .rtc$TMZ                DATA
 0002:0000c6dc 00000104H .rtc$TZZ                DATA
 0002:0000c7e0 000004f8H .xdata$x                DATA
 0002:0000ccd8 00000104H ATL$__a                 DATA
 0002:0000cddc 00000104H ATL$__z                 DATA
 0002:0000cee0 00000000H .edata                  DATA
 0003:00000000 00000ce0H .data                   DATA
 0003:00000ce0 000002c8H .data$r                 DATA
 0003:00000fa8 00063cd4H .bss                    DATA
 0004:00000000 0000084cH .idata$5                DATA
 0004:0000084c 000000a0H .idata$2                DATA
 0004:000008ec 00000014H .idata$3                DATA
 0004:00000900 0000084cH .idata$4                DATA
 0004:0000114c 00000d2bH .idata$6                DATA
 0005:00000000 00000104H .tls                    DATA
 0005:00000104 00000104H .tls$                   DATA
 0005:00000208 00000101H .tls$ZZZ                DATA
 0006:00000000 00000109H .00cfg                  DATA
 0007:00000000 000004f0H .rsrc$01                DATA
 0007:000004f0 00003126H .rsrc$02                DATA

  Address         Publics by Value              Rva+Base       Lib:Object

 0000:00000000       ___enclave_config          00000000     <absolute>
 0000:00000000       ___guard_iat_table         00000000     <absolute>
 0000:00000000       ___volatile_metadata       00000000     <absolute>
 0000:00000000       ___dynamic_value_reloc_table 00000000     <absolute>
 0000:00000000       ___guard_eh_cont_count     00000000     <absolute>
 0000:00000000       ___guard_longjmp_table     00000000     <absolute>
 0000:00000000       ___guard_iat_count         00000000     <absolute>
 0000:00000000       ___guard_longjmp_count     00000000     <absolute>
 0000:00000000       ___AbsoluteZero            00000000     <absolute>
 0000:00000000       ___hybrid_auxiliary_iat    00000000     <absolute>
 0000:00000000       ___guard_fids_table        00000000     <absolute>
 0000:00000000       ___guard_eh_cont_table     00000000     <absolute>
 0000:00000000       ___hybrid_code_map         00000000     <absolute>
 0000:00000000       ___guard_fids_count        00000000     <absolute>
 0000:00000000       ___hybrid_code_map_count   00000000     <absolute>
 0000:0000000f       ___safe_se_handler_count   0000000f     <absolute>
 0000:0000002c       __tls_array                0000002c     <absolute>
 0000:00000100       ___guard_flags             00000100     <absolute>
 0000:00000000       ___ImageBase               00400000     <linker-defined>
 0001:000046a0       ?get_seconds@@YAJXZ        004056a0 f   AUBTime.obj
 0001:000046d0       ?ctime2str@@YAPADXZ        004056d0 f   AUBTime.obj
 0001:000046f0       ?time2str@@YAPADJ@Z        004056f0 f   AUBTime.obj
 0001:00004760       ?cdate2str@@YAPADXZ        00405760 f   AUBTime.obj
 0001:000047c0       ?__empty_global_delete@@YAXPAX@Z 004057c0 f i AUBTime.obj
 0001:000047d0       ?__empty_global_delete@@YAXPAXI@Z 004057d0 f i AUBTime.obj
 0001:000047d0       ?__global_delete@@YAXPAXI@Z 004057d0 f i AUBTime.obj
 0001:000047e0       ___local_stdio_printf_options 004057e0 f i AUBTime.obj
 0001:000047f0       __vsnprintf_l              004057f0 f i AUBTime.obj
 0001:00004860       __vsprintf_l               00405860 f i AUBTime.obj
 0001:00004890       _sprintf                   00405890 f i AUBTime.obj
 0001:000048d0       ?OpenIORbuf@@YAXXZ         004058d0 f   ComFun.obj
 0001:00004910       ?ClearIORbuf@@YAXXZ        00405910 f   ComFun.obj
 0001:00004960       ?Send@@YAXPAU_msgid@@PAEHH@Z 00405960 f   ComFun.obj
 0001:00004ac0       ?Receive@@YAXPAU_msgid@@H@Z 00405ac0 f   ComFun.obj
 0001:00004ba0       ?SendRawMsg@@YAXPAU_msgid@@PAEHH@Z 00405ba0 f   ComFun.obj
 0001:00004c90       ?ExecuteIOReq@@YAXXZ       00405c90 f   ComFun.obj
 0001:00004da0       ?on_rtu_ok@@YAXPAU_rtut@@@Z 00405da0 f   ComFun.obj
 0001:00004e70       ?on_rtu_err@@YAXPAU_rtut@@@Z 00405e70 f   ComFun.obj
 0001:00004f10       ?GetIORbuf@@YAPAU_iorb@@H@Z 00405f10 f   ComFun.obj
 0001:00004fc0       ?PutIORbuf@@YAXPAU_iorb@@@Z 00405fc0 f   ComFun.obj
 0001:00005000       ?TakeIORbuf@@YAHPAU_iorb@@@Z 00406000 f   ComFun.obj
 0001:000050d0       ?ProcessRxMsg@@YAXPAU_iorb@@@Z 004060d0 f   ComFun.obj
 0001:00005110       ?check_sts@@YAXPAU_iorb@@@Z 00406110 f   ComFun.obj
 0001:000051f0       ?do_execute@@YAXPAU_iorb@@@Z 004061f0 f   ComFun.obj
 0001:000053a0       ?get_io_count@@YAHXZ       004063a0 f   ComFun.obj
 0001:00005670       ?OpenComPorts@@YAXXZ       00406670 f   ComPort.obj
 0001:000056f0       ?ConnectComPort@@YAHH@Z    004066f0 f   ComPort.obj
 0001:00005770       ?DisconnectComPort@@YAXH@Z 00406770 f   ComPort.obj
 0001:000057f0       ?CloseComPorts@@YAXXZ      004067f0 f   ComPort.obj
 0001:00005850       ?putMsg@@YAHPAU_iorb@@@Z   00406850 f   ComPort.obj
 0001:000058c0       ?getMsg@@YAHPAU_iorb@@@Z   004068c0 f   ComPort.obj
 0001:00005950       ?print_msg@@YAXHPAU_iorb@@@Z 00406950 f   ComPort.obj
 0001:00005b30       ?OpenComPort@@YAHPAU_chanet@@@Z 00406b30 f   ComPort.obj
 0001:00005b90       ?CloseComPort@@YAXPAU_chanet@@@Z 00406b90 f   ComPort.obj
 0001:00005d10       ?initAUB@@YAHXZ            00406d10 f   dAUB.obj
 0001:00005e40       ?deinitAUB@@YAXXZ          00406e40 f   dAUB.obj
 0001:00005e60       ?PeriodicProcessingTask@@YGKPAX@Z 00406e60 f   dAUB.obj
 0001:00005ee0       ?CommunicationTask@@YGKPAX@Z 00406ee0 f   dAUB.obj
 0001:00005f40       ?AcquisitionTask@@YGKPAX@Z 00406f40 f   dAUB.obj
 0001:00006040       ?PipeTask@@YGKPAX@Z        00407040 f   dAUB.obj
 0001:00006070       ?RefreshTask@@YGKPAX@Z     00407070 f   dAUB.obj
 0001:00006180       ??0?$CTraceCategoryEx@$0CAAA@$0A@@ATL@@QAE@PBD@Z 00407180 f i dAUB.obj
 0001:000061b0       ?RegisterCategory@CTrace@ATL@@SAXPBDI@Z 004071b0 f i dAUB.obj
 0001:000062c0       __vswprintf_s_l            004072c0 f i dAUB.obj
 0001:00006330       _swprintf_s                00407330 f i dAUB.obj
 0001:00006380       ??0CDemoAUBApp@@QAE@XZ     00407380 f   DemoAUB.obj
 0001:000063b0       ?InitInstance@CDemoAUBApp@@UAEHXZ 004073b0 f   DemoAUB.obj
 0001:00006460       ?ExitInstance@CDemoAUBApp@@UAEHXZ 00407460 f   DemoAUB.obj
 0001:00006480       ?GetThisMessageMap@CDemoAUBApp@@KGPBUAFX_MSGMAP@@XZ 00407480 f   DemoAUB.obj
 0001:00006490       ?GetMessageMap@CDemoAUBApp@@MBEPBUAFX_MSGMAP@@XZ 00407490 f   DemoAUB.obj
 0001:000064f0       ??1CDemoAUBApp@@UAE@XZ     004074f0 f i DemoAUB.obj
 0001:00006510       ??1CDemoAUBDlg@@UAE@XZ     00407510 f i DemoAUB.obj
 0001:000065d0       ??_GCDemoAUBApp@@UAEPAXI@Z 004075d0 f i DemoAUB.obj
 0001:000065d0       ??_ECDemoAUBApp@@UAEPAXI@Z 004075d0 f i DemoAUB.obj
 0001:00006630       ?GetApplicationRecoveryParameter@CWinApp@@UAEPAXXZ 00407630 f i DemoAUB.obj
 0001:00006640       ?GetApplicationRecoveryPingInterval@CWinApp@@UAEKXZ 00407640 f i DemoAUB.obj
 0001:00006660       ?GetApplicationRestartFlags@CWinApp@@UAEKXZ 00407660 f i DemoAUB.obj
 0001:00006670       ?ReopenPreviousFilesAtRestart@CWinApp@@UBEHXZ 00407670 f i DemoAUB.obj
 0001:00006690       ?RestoreAutosavedFilesAtRestart@CWinApp@@UBEHXZ 00407690 f i DemoAUB.obj
 0001:000066b0       ?SupportsApplicationRecovery@CWinApp@@UBEHXZ 004076b0 f i DemoAUB.obj
 0001:000066d0       ?SupportsAutosaveAtInterval@CWinApp@@UBEHXZ 004076d0 f i DemoAUB.obj
 0001:000066f0       ?SupportsAutosaveAtRestart@CWinApp@@UBEHXZ 004076f0 f i DemoAUB.obj
 0001:00006710       ?SupportsRestartManager@CWinApp@@UBEHXZ 00407710 f i DemoAUB.obj
 0001:00006730       ?wputs@@YAXHPADZZ          00407730 f   DemoAUBDlg.obj
 0001:00006870       ?lputs@@YAXPADZZ           00407870 f   DemoAUBDlg.obj
 0001:00006990       ?_abort@@YAXPADH@Z         00407990 f   DemoAUBDlg.obj
 0001:000069f0       ??0CDemoAUBDlg@@QAE@PAVCWnd@@@Z 004079f0 f   DemoAUBDlg.obj
 0001:00006b10       ?DoDataExchange@CDemoAUBDlg@@MAEXPAVCDataExchange@@@Z 00407b10 f   DemoAUBDlg.obj
 0001:00006bf0       ?OnInitDialog@CDemoAUBDlg@@MAEHXZ 00407bf0 f   DemoAUBDlg.obj
 0001:00006eb0       ?StartScadaTasks@CDemoAUBDlg@@IAEXXZ 00407eb0 f   DemoAUBDlg.obj
 0001:00007070       ?OnSysCommand@CDemoAUBDlg@@IAEXIJ@Z 00408070 f   DemoAUBDlg.obj
 0001:00007100       ?OnOK@CDemoAUBDlg@@MAEXXZ  00408100 f   DemoAUBDlg.obj
 0001:00007130       ?GetThisMessageMap@CDemoAUBDlg@@KGPBUAFX_MSGMAP@@XZ 00408130 f   DemoAUBDlg.obj
 0001:00007140       ?GetMessageMap@CDemoAUBDlg@@MBEPBUAFX_MSGMAP@@XZ 00408140 f   DemoAUBDlg.obj
 0001:00007150       ?OnClose@CDemoAUBDlg@@QAEXXZ 00408150 f   DemoAUBDlg.obj
 0001:00007180       ?OnBnClickedClrevents@CDemoAUBDlg@@QAEXXZ 00408180 f   DemoAUBDlg.obj
 0001:000071a0       ?OnBnClickedTndSwap@CDemoAUBDlg@@QAEXXZ 004081a0 f   DemoAUBDlg.obj
 0001:000071b0       ??0CAboutDlg@@QAE@XZ       004081b0 f   DemoAUBDlg.obj
 0001:000071e0       ?DoDataExchange@CAboutDlg@@MAEXPAVCDataExchange@@@Z 004081e0 f   DemoAUBDlg.obj
 0001:00007200       ?GetThisMessageMap@CAboutDlg@@KGPBUAFX_MSGMAP@@XZ 00408200 f   DemoAUBDlg.obj
 0001:00007210       ?GetMessageMap@CAboutDlg@@MBEPBUAFX_MSGMAP@@XZ 00408210 f   DemoAUBDlg.obj
 0001:00007220       ?Timer1@@YGXIIKKK@Z        00408220 f   DemoAUBDlg.obj
 0001:00007270       ?Ispad@@YAXXZ              00408270 f   DemoAUBDlg.obj
 0001:00007290       ?DebugTask@@YGKPAX@Z       00408290 f   DemoAUBDlg.obj
 0001:00007350       ?SetCloseApp@@YAXXZ        00408350 f   DemoAUBDlg.obj
 0001:00007680       ??1CAboutDlg@@UAE@XZ       00408680 f i DemoAUBDlg.obj
 0001:000076a0       ??_GCAboutDlg@@UAEPAXI@Z   004086a0 f i DemoAUBDlg.obj
 0001:000076a0       ??_ECAboutDlg@@UAEPAXI@Z   004086a0 f i DemoAUBDlg.obj
 0001:00007700       ??_GCDemoAUBDlg@@UAEPAXI@Z 00408700 f i DemoAUBDlg.obj
 0001:00007700       ??_ECDemoAUBDlg@@UAEPAXI@Z 00408700 f i DemoAUBDlg.obj
 0001:00007760       ?strrchr@@YAPADQADH@Z      00408760 f i DemoAUBDlg.obj
 0001:00007780       _vsprintf                  00408780 f i DemoAUBDlg.obj
 0001:000077b0       ?PutEvent@@YAXPAU_ProcessVariableID@@PADZZ 004087b0 f   Event.obj
 0001:00007820       ?PutStaEvent@@YAXHPAU_ProcessVariableID@@PADZZ 00408820 f   Event.obj
 0001:00007890       ?PutLocEvent@@YAXPAU_ProcessVariableID@@PADZZ 00408890 f   Event.obj
 0001:00007900       ?FireEvent@@YAXHPAD@Z      00408900 f   Event.obj
 0001:000079c0       ?put_event@@YAXHPAU_ProcessVariableID@@PADZZ 004089c0 f   Event.obj
 0001:00007c20       ?InitHashTable@@YAXXZ      00408c20 f   HashFun.obj
 0001:00007e00       ?FreeHashTable@@YAXXZ      00408e00 f   HashFun.obj
 0001:00007e10       ?find_rtu@@YAPAU_ProcessVariableID@@PAD@Z 00408e10 f   HashFun.obj
 0001:00007e50       ?find_var@@YAPAU_ProcessVariableID@@PAD0@Z 00408e50 f   HashFun.obj
 0001:00007e90       ?hash_add_rtu@@YAPAUhash_item@@PAU_ProcessVariableID@@PAD@Z 00408e90 f   HashFun.obj
 0001:00008980       ?hash_add_var@@YAXPAUhash_item@@PAU_ProcessVariableID@@PAD@Z 00409980 f   HashFun.obj
 0001:00009470       ?hash_find_rtu@@YAPAUhash_item@@PAD@Z 0040a470 f   HashFun.obj
 0001:00009a50       ?hash_find_var@@YAPAUhash_item@@PAD0@Z 0040aa50 f   HashFun.obj
 0001:0000a600       ?delete_var@@YAXPAUhash_item@@@Z 0040b600 f   HashFun.obj
 0001:0000a7d0       ?delete_all@@YAXXZ         0040b7d0 f   HashFun.obj
 0001:0000ac50       ?count_all@@YAHXZ          0040bc50 f   HashFun.obj
 0001:0000b920       ?PutLogMessage@@YAXPADZZ   0040c920 f   Loger.obj
 0001:0000b9f0       ?ShowNetError@@YAXPADH@Z   0040c9f0 f   Loger.obj
 0001:0000ba90       ?OpenPipe@@YAHXZ           0040ca90 f   PipeFun.obj
 0001:0000bc60       ?ClosePipe@@YAXXZ          0040cc60 f   PipeFun.obj
 0001:0000bce0       ?DisconnectClient@@YAXXZ   0040cce0 f   PipeFun.obj
 0001:0000bd20       ?SendToPipe@@YAHPAD@Z      0040cd20 f   PipeFun.obj
 0001:0000be30       ?WaitForMessage@@YAHXZ     0040ce30 f   PipeFun.obj
 0001:0000c0b0       ?RefreshClient@@YAXXZ      0040d0b0 f   PipeFun.obj
 0001:0000c960       ?InitClient@@YAXXZ         0040d960 f   PipeFun.obj
 0001:0000d270       ?PutRtuSts@@YAHPADH@Z      0040e270 f   PipeFun.obj
 0001:0000d2c0       ?ProcessCmd@@YAXXZ         0040e2c0 f   PipeFun.obj
 0001:0000d700       ?put_flag@@YAPADH@Z        0040e700 f   PipeFun.obj
 0001:0000d720       ?get_flag@@YA_NPAD@Z       0040e720 f   PipeFun.obj
 0001:0000d750       ?putTags@@YAXPADG00@Z      0040e750 f   PipeFun.obj
 0001:0000df10       ___local_stdio_scanf_options 0040ef10 f i PipeFun.obj
 0001:0000df20       __vfprintf_l               0040ef20 f i PipeFun.obj
 0001:0000df60       __vsscanf_l                0040ef60 f i PipeFun.obj
 0001:0000dfa0       _fprintf                   0040efa0 f i PipeFun.obj
 0001:0000dfe0       _printf                    0040efe0 f i PipeFun.obj
 0001:0000e030       _sscanf                    0040f030 f i PipeFun.obj
 0001:0000e070       ?LinearConversion@@YAMMIIMMH@Z 0040f070 f   Conversion.obj
 0001:0000e270       ?pow_i@@YAHHH@Z            0040f270 f   Conversion.obj
 0001:0000e340       ?ProcessAnalogInput@@YAXPAUanain@@HM@Z 0040f340 f   Processing.obj
 0001:0000e680       ?ProcessAnalogOutput@@YAXPAUanaout@@GM@Z 0040f680 f   Processing.obj
 0001:0000e8e0       ?CalculateAnalogCommand@@YAMPAUanaout@@@Z 0040f8e0 f   Processing.obj
 0001:0000ea40       ?ProcessCounter@@YAXPAUcounter@@JM@Z 0040fa40 f   Processing.obj
 0001:0000eb80       ?OnClearCounterDone@@YAXPAUcounter@@@Z 0040fb80 f   Processing.obj
 0001:0000ec20       ?GetRawDigitalInput@@YAHHH@Z 0040fc20 f   Processing.obj
 0001:0000ec80       ?PutRawDigitalInput@@YAXHHH@Z 0040fc80 f   Processing.obj
 0001:0000ed70       ?ProcessDigitalInput@@YAXPAUdigital@@@Z 0040fd70 f   Processing.obj
 0001:0000ef80       ?GetDigitalOutputValue@@YAHHH@Z 0040ff80 f   Processing.obj
 0001:0000efe0       ?SetDigitalOutputValue@@YAXHHH@Z 0040ffe0 f   Processing.obj
 0001:0000f0d0       ?ProcessDigitalOutput@@YAXPAUdigital@@@Z 004100d0 f   Processing.obj
 0001:0000f1e0       ?GetRawCommand@@YAHPAUdigital@@C@Z 004101e0 f   Processing.obj
 0001:0000f240       ?PutCommand@@YAHPAU_ProcessVariableID@@MGF@Z 00410240 f   Processing.obj
 0001:0000fa30       ?PutClearCounter@@YAHPAU_ProcessVariableID@@GF@Z 00410a30 f   Processing.obj
 0001:0000fa80       ?CommandInspector@@YAXXZ   00410a80 f   Processing.obj
 0001:0000fce0       ?ObjectsProcessor@@YAXXZ   00410ce0 f   Processing.obj
 0001:0000fdc0       ?SetObjectValue@@YA_NPAUobject@@MCC_N@Z 00410dc0 f   Processing.obj
 0001:0000fe90       ?SetManualValue@@YAXPAU_ProcessVariableID@@M@Z 00410e90 f   Processing.obj
 0001:00010250       ?ResetManualFlag@@YAXPAU_ProcessVariableID@@@Z 00411250 f   Processing.obj
 0001:00010570       ?PutManualValue@@YAHPAU_ProcessVariableID@@M_NF@Z 00411570 f   Processing.obj
 0001:00010630       ?PutTags@@YAHPAU_ProcessVariableID@@GF@Z 00411630 f   Processing.obj
 0001:00010740       ?pubChg@@YAXPAU_ProcessVariableID@@H@Z 00411740 f   Processing.obj
 0001:00010750       ?analog_input_alarm@@YAXPAUanain@@@Z 00411750 f   Processing.obj
 0001:00010ab0       ?analog_output_alarm@@YAXPAUanaout@@@Z 00411ab0 f   Processing.obj
 0001:00010e10       ?counter_input_alarm@@YA_NPAUcounter@@_N@Z 00411e10 f   Processing.obj
 0001:00010fa0       ?checkManReq@@YAHPAU_ProcessVariableID@@M@Z 00411fa0 f   Processing.obj
 0001:00011150       ?put_tag@@YAHPAU_ProcessVariableID@@G_N@Z 00412150 f   Processing.obj
 0001:00011ed0       ?ReadConfigFile@@YAHXZ     00412ed0 f   ReadConfigFile.obj
 0001:000122e0       ?strstr@@YAPADQADQBD@Z     004132e0 f i ReadConfigFile.obj
 0001:00012300       ?get_PVID@@YAPAU_ProcessVariableID@@PAD0_N@Z 00413300 f   pvidstr.obj
 0001:000125c0       ?get_pvp@@YAPAXPAU_ProcessVariableID@@H@Z 004135c0 f   pvidstr.obj
 0001:00012b20       ?same_pvid@@YA_NPAU_ProcessVariableID@@0@Z 00413b20 f   pvidstr.obj
 0001:00012b50       ?get_name@@YAPADPAU_ProcessVariableID@@@Z 00413b50 f   pvidstr.obj
 0001:00012de0       ?put_chg@@YAXPAU_ProcessVariableID@@HH@Z 00413de0 f   pvidstr.obj
 0001:00012e70       ?get_chg@@YAHPAU_ProcessVariableID@@H@Z 00413e70 f   pvidstr.obj
 0001:00012f10       ?get_status@@YAGPAU_ProcessVariableID@@H@Z 00413f10 f   pvidstr.obj
 0001:00013030       ?get_timestamp@@YAJPAU_ProcessVariableID@@@Z 00414030 f   pvidstr.obj
 0001:000130d0       ?get_status_string@@YAPADPAU_ProcessVariableID@@@Z 004140d0 f   pvidstr.obj
 0001:00013120       ?put_pvid_status@@YAHPAU_ProcessVariableID@@HGH@Z 00414120 f   pvidstr.obj
 0001:00013510       ?getObjElmID@@YAPAU_ProcessVariableID@@PAU1@H@Z 00414510 f   pvidstr.obj
 0001:00013540       ?getObjElm@@YAPAXPAU_ProcessVariableID@@H@Z 00414540 f   pvidstr.obj
 0001:00013580       ?getObjPrm@@YAMPAU_ProcessVariableID@@H@Z 00414580 f   pvidstr.obj
 0001:000135b0       ?getObjType@@YAHPAU_ProcessVariableID@@@Z 004145b0 f   pvidstr.obj
 0001:000135e0       ?getObjClass@@YAHPAU_ProcessVariableID@@@Z 004145e0 f   pvidstr.obj
 0001:00013610       ?getObjCatg@@YAHPAU_ProcessVariableID@@@Z 00414610 f   pvidstr.obj
 0001:00013640       ?getDigSts@@YACPAU_ProcessVariableID@@@Z 00414640 f   pvidstr.obj
 0001:000136b0       ?getDigCmd@@YACPAU_ProcessVariableID@@@Z 004146b0 f   pvidstr.obj
 0001:00013720       ?getEguVal@@YAMPAU_ProcessVariableID@@@Z 00414720 f   pvidstr.obj
 0001:000137e0       ?getCmd@@YAHPAD@Z          004147e0 f   pvidstr.obj
 0001:00013830       ?getSts@@YAHPAD@Z          00414830 f   pvidstr.obj
 0001:00013880       ?save_var@@YAXPAU_ProcessVariableID@@PAE@Z 00414880 f   pvidstr.obj
 0001:00013940       ?save_opr@@YAXPAU_ProcessVariableID@@PAE@Z 00414940 f   pvidstr.obj
 0001:00013a00       ?get_priority_status@@YAHPAU_ProcessVariableID@@H@Z 00414a00 f   pvidstr.obj
 0001:00014230       ?_AfxInitManaged@@YAHXZ    00415230 f i StdAfx.obj
 0001:00014240       ?refresh_WD@@YAXXZ         00415240 f   StdAfx.obj
 0001:00014250       ?disable_WD@@YAXXZ         00415250 f   StdAfx.obj
 0001:00014260       ?enable_WD@@YAXXZ          00415260 f   StdAfx.obj
 0001:00014270       ?SetPriority@@YAHH@Z       00415270 f   StdAfx.obj
 0001:000142b0       ?bsplit@@YAXPAXPAPAEH@Z    004152b0 f   StdAfx.obj
 0001:00014300       ??$AtlAdd@H@ATL@@YAJPAHHH@Z 00415300 f i StdAfx.obj
 0001:00014340       ??$AtlAdd@I@ATL@@YAJPAIII@Z 00415340 f i StdAfx.obj
 0001:00014380       ??$AtlAdd@K@ATL@@YAJPAKKK@Z 00415380 f i StdAfx.obj
 0001:000143c0       ??$AtlAlignUp@H@ATL@@YGHHK@Z 004153c0 f i StdAfx.obj
 0001:000143f0       ??$AtlMultiply@I@ATL@@YAJPAIII@Z 004153f0 f i StdAfx.obj
 0001:00014440       ??$AtlMultiply@K@ATL@@YAJPAKKK@Z 00415440 f i StdAfx.obj
 0001:00014490       ??0?$CHeapPtr@DVCCRTAllocator@ATL@@@ATL@@QAE@XZ 00415490 f i StdAfx.obj
 0001:000144b0       ??0?$CHeapPtr@_WVCCRTAllocator@ATL@@@ATL@@QAE@XZ 004154b0 f i StdAfx.obj
 0001:000144d0       ??0?$CHeapPtrBase@DVCCRTAllocator@ATL@@@ATL@@IAE@XZ 004154d0 f i StdAfx.obj
 0001:000144f0       ??0?$CHeapPtrBase@_WVCCRTAllocator@ATL@@@ATL@@IAE@XZ 004154f0 f i StdAfx.obj
 0001:00014510       ??0?$CSimpleArray@GV?$CSimpleArrayEqualHelper@G@ATL@@@ATL@@QAE@XZ 00415510 f i StdAfx.obj
 0001:00014550       ??0?$CTraceCategoryEx@$00$0A@@ATL@@QAE@PBD@Z 00415550 f i StdAfx.obj
 0001:00014580       ??0?$CTraceCategoryEx@$01$0A@@ATL@@QAE@PBD@Z 00415580 f i StdAfx.obj
 0001:000145b0       ??0?$CTraceCategoryEx@$03$0A@@ATL@@QAE@PBD@Z 004155b0 f i StdAfx.obj
 0001:000145e0       ??0?$CTraceCategoryEx@$07$0A@@ATL@@QAE@PBD@Z 004155e0 f i StdAfx.obj
 0001:00014610       ??0?$CTraceCategoryEx@$0BA@$0A@@ATL@@QAE@PBD@Z 00415610 f i StdAfx.obj
 0001:00014640       ??0?$CTraceCategoryEx@$0BAA@$0A@@ATL@@QAE@PBD@Z 00415640 f i StdAfx.obj
 0001:00014670       ??0?$CTraceCategoryEx@$0BAAA@$0A@@ATL@@QAE@PBD@Z 00415670 f i StdAfx.obj
 0001:000146a0       ??0?$CTraceCategoryEx@$0BAAAA@$0A@@ATL@@QAE@PBD@Z 004156a0 f i StdAfx.obj
 0001:000146d0       ??0?$CTraceCategoryEx@$0BAAAAA@$0A@@ATL@@QAE@PBD@Z 004156d0 f i StdAfx.obj
 0001:00014700       ??0?$CTraceCategoryEx@$0CA@$0A@@ATL@@QAE@PBD@Z 00415700 f i StdAfx.obj
 0001:00014730       ??0?$CTraceCategoryEx@$0CAA@$0A@@ATL@@QAE@PBD@Z 00415730 f i StdAfx.obj
 0001:00014760       ??0?$CTraceCategoryEx@$0CAAAA@$0A@@ATL@@QAE@PBD@Z 00415760 f i StdAfx.obj
 0001:00014790       ??0?$CTraceCategoryEx@$0CAAAAA@$0A@@ATL@@QAE@PBD@Z 00415790 f i StdAfx.obj
 0001:000147c0       ??0?$CTraceCategoryEx@$0EA@$0A@@ATL@@QAE@PBD@Z 004157c0 f i StdAfx.obj
 0001:000147f0       ??0?$CTraceCategoryEx@$0EAA@$0A@@ATL@@QAE@PBD@Z 004157f0 f i StdAfx.obj
 0001:00014820       ??0?$CTraceCategoryEx@$0EAAA@$0A@@ATL@@QAE@PBD@Z 00415820 f i StdAfx.obj
 0001:00014850       ??0?$CTraceCategoryEx@$0EAAAA@$0A@@ATL@@QAE@PBD@Z 00415850 f i StdAfx.obj
 0001:00014880       ??0?$CTraceCategoryEx@$0EAAAAA@$0A@@ATL@@QAE@PBD@Z 00415880 f i StdAfx.obj
 0001:000148b0       ??0?$CTraceCategoryEx@$0IA@$0A@@ATL@@QAE@PBD@Z 004158b0 f i StdAfx.obj
 0001:000148e0       ??0?$CTraceCategoryEx@$0IAA@$0A@@ATL@@QAE@PBD@Z 004158e0 f i StdAfx.obj
 0001:00014910       ??0?$CTraceCategoryEx@$0IAAA@$0A@@ATL@@QAE@PBD@Z 00415910 f i StdAfx.obj
 0001:00014940       ??0?$CTraceCategoryEx@$0IAAAA@$0A@@ATL@@QAE@PBD@Z 00415940 f i StdAfx.obj
 0001:00014970       ??0CAtlComModule@ATL@@QAE@XZ 00415970 f i StdAfx.obj
 0001:00014a60       ??0CAtlStringMgr@ATL@@QAE@PAUIAtlMemMgr@1@@Z 00415a60 f i StdAfx.obj
 0001:00014ab0       ??0CAtlStringMgrStaticInitializer@ATLImplementationDetails@ATL@@QAE@XZ 00415ab0 f i StdAfx.obj
 0001:00014ad0       ??0CAtlWinModule@ATL@@QAE@XZ 00415ad0 f i StdAfx.obj
 0001:00014b60       ??0CComCriticalSection@ATL@@QAE@XZ 00415b60 f i StdAfx.obj
 0001:00014b90       ??0CNilStringData@ATL@@QAE@XZ 00415b90 f i StdAfx.obj
 0001:00014c00       ??0CPreserveLastError@ATL@@QAE@XZ 00415c00 f i StdAfx.obj
 0001:00014c20       ??0CTraceFileAndLineInfo@ATL@@QAE@PBDH@Z 00415c20 f i StdAfx.obj
 0001:00014c50       ??0CWin32Heap@ATL@@QAE@PAX@Z 00415c50 f i StdAfx.obj
 0001:00014cc0       ??0_ATL_COM_MODULE70@ATL@@QAE@XZ 00415cc0 f i StdAfx.obj
 0001:00014ce0       ??0_ATL_WIN_MODULE70@ATL@@QAE@XZ 00415ce0 f i StdAfx.obj
 0001:00014d60       ??1?$CHeapPtr@DVCCRTAllocator@ATL@@@ATL@@QAE@XZ 00415d60 f i StdAfx.obj
 0001:00014d80       ??1?$CHeapPtr@_WVCCRTAllocator@ATL@@@ATL@@QAE@XZ 00415d80 f i StdAfx.obj
 0001:00014da0       ??1?$CHeapPtrBase@DVCCRTAllocator@ATL@@@ATL@@QAE@XZ 00415da0 f i StdAfx.obj
 0001:00014dc0       ??1?$CHeapPtrBase@_WVCCRTAllocator@ATL@@@ATL@@QAE@XZ 00415dc0 f i StdAfx.obj
 0001:00014de0       ??1?$CSimpleArray@GV?$CSimpleArrayEqualHelper@G@ATL@@@ATL@@QAE@XZ 00415de0 f i StdAfx.obj
 0001:00014e30       ??1CAtlComModule@ATL@@QAE@XZ 00415e30 f i StdAfx.obj
 0001:00014e90       ??1CAtlStringMgr@ATL@@UAE@XZ 00415e90 f i StdAfx.obj
 0001:00014ea0       ??1CAtlWinModule@ATL@@QAE@XZ 00415ea0 f i StdAfx.obj
 0001:00014f00       ??1CComCriticalSection@ATL@@QAE@XZ 00415f00 f i StdAfx.obj
 0001:00014f10       ??1CPreserveLastError@ATL@@QAE@XZ 00415f10 f i StdAfx.obj
 0001:00014f30       ??1CWin32Heap@ATL@@UAE@XZ  00415f30 f i StdAfx.obj
 0001:00014fb0       ??1_ATL_COM_MODULE70@ATL@@QAE@XZ 00415fb0 f i StdAfx.obj
 0001:00014fd0       ??1_ATL_WIN_MODULE70@ATL@@QAE@XZ 00415fd0 f i StdAfx.obj
 0001:00015000       ??A?$CSimpleArray@GV?$CSimpleArrayEqualHelper@G@ATL@@@ATL@@QAEAAGH@Z 00416000 f i StdAfx.obj
 0001:00015090       ??B?$CHeapPtrBase@DVCCRTAllocator@ATL@@@ATL@@QBEPADXZ 00416090 f i StdAfx.obj
 0001:000150b0       ??B?$CHeapPtrBase@_WVCCRTAllocator@ATL@@@ATL@@QBEPA_WXZ 004160b0 f i StdAfx.obj
 0001:000150d0       ??B?$CTraceCategoryEx@$01$0A@@ATL@@QAEIXZ 004160d0 f i StdAfx.obj
 0001:000150f0       ??B?$CTraceCategoryEx@$0CA@$0A@@ATL@@QAEIXZ 004160f0 f i StdAfx.obj
 0001:00015110       ??RCTraceFileAndLineInfo@ATL@@QBAXHIPBDZZ 00416110 f i StdAfx.obj
 0001:000151c0       ??_ECAtlStringMgr@ATL@@UAEPAXI@Z 004161c0 f i StdAfx.obj
 0001:000151c0       ??_GCAtlStringMgr@ATL@@UAEPAXI@Z 004161c0 f i StdAfx.obj
 0001:00015200       ??_ECWin32Heap@ATL@@UAEPAXI@Z 00416200 f i StdAfx.obj
 0001:00015200       ??_GCWin32Heap@ATL@@UAEPAXI@Z 00416200 f i StdAfx.obj
 0001:00015240       ??_H@YGXPAXIIP6EPAX0@Z@Z   00416240 f i StdAfx.obj
 0001:00015280       ?AddRef@CStringData@ATL@@QAEXXZ 00416280 f i StdAfx.obj
 0001:000152e0       ?Allocate@?$CHeapPtr@DVCCRTAllocator@ATL@@@ATL@@QAE_NI@Z 004162e0 f i StdAfx.obj
 0001:00015330       ?Allocate@?$CHeapPtr@_WVCCRTAllocator@ATL@@@ATL@@QAE_NI@Z 00416330 f i StdAfx.obj
 0001:00015380       ?Allocate@CAtlStringMgr@ATL@@UAEPAUCStringData@2@HH@Z 00416380 f i StdAfx.obj
 0001:00015550       ?Allocate@CCRTAllocator@ATL@@SAPAXI@Z 00416550 f i StdAfx.obj
 0001:00015570       ?Allocate@CWin32Heap@ATL@@UAEPAXI@Z 00416570 f i StdAfx.obj
 0001:000155a0       ?AllocateBytes@?$CHeapPtrBase@DVCCRTAllocator@ATL@@@ATL@@QAE_NI@Z 004165a0 f i StdAfx.obj
 0001:00015620       ?AllocateBytes@?$CHeapPtrBase@_WVCCRTAllocator@ATL@@@ATL@@QAE_NI@Z 00416620 f i StdAfx.obj
 0001:000156a0       ?AtlWinModuleInit@ATL@@YGJPAU_ATL_WIN_MODULE70@1@@Z 004166a0 f i StdAfx.obj
 0001:00015770       ?AtlWinModuleTerm@ATL@@YGJPAU_ATL_WIN_MODULE70@1@PAUHINSTANCE__@@@Z 00416770 f i StdAfx.obj
 0001:00015830       ?Clone@CAtlStringMgr@ATL@@UAEPAUIAtlStringMgr@2@XZ 00416830 f i StdAfx.obj
 0001:00015850       ?Free@?$CHeapPtrBase@DVCCRTAllocator@ATL@@@ATL@@QAEXXZ 00416850 f i StdAfx.obj
 0001:00015880       ?Free@?$CHeapPtrBase@_WVCCRTAllocator@ATL@@@ATL@@QAEXXZ 00416880 f i StdAfx.obj
 0001:000158b0       ?Free@CAtlStringMgr@ATL@@UAEXPAUCStringData@2@@Z 004168b0 f i StdAfx.obj
 0001:00015950       ?Free@CCRTAllocator@ATL@@SAXPAX@Z 00416950 f i StdAfx.obj
 0001:00015970       ?Free@CWin32Heap@ATL@@UAEXPAX@Z 00416970 f i StdAfx.obj
 0001:000159e0       ?GetCategoryName@CTrace@ATL@@CAPA_WI@Z 004169e0 f i StdAfx.obj
 0001:00015a40       ?GetInstance@CAtlStringMgr@ATL@@SAPAUIAtlStringMgr@2@XZ 00416a40 f i StdAfx.obj
 0001:00015b40       ?GetModuleInstance@CAtlBaseModule@ATL@@QAEPAUHINSTANCE__@@XZ 00416b40 f i StdAfx.obj
 0001:00015b60       ?GetNilString@CAtlStringMgr@ATL@@UAEPAUCStringData@2@XZ 00416b60 f i StdAfx.obj
 0001:00015b90       ?GetSize@?$CSimpleArray@GV?$CSimpleArrayEqualHelper@G@ATL@@@ATL@@QBEHXZ 00416b90 f i StdAfx.obj
 0001:00015bb0       ?GetSize@CWin32Heap@ATL@@UAEIPAX@Z 00416bb0 f i StdAfx.obj
 0001:00015be0       ?Init@CComCriticalSection@ATL@@QAEJXZ 00416be0 f i StdAfx.obj
 0001:00015c30       ?Reallocate@CAtlStringMgr@ATL@@UAEPAUCStringData@2@PAU32@HH@Z 00416c30 f i StdAfx.obj
 0001:00015e10       ?Reallocate@CWin32Heap@ATL@@UAEPAXPAXI@Z 00416e10 f i StdAfx.obj
 0001:00015e80       ?RemoveAll@?$CSimpleArray@GV?$CSimpleArrayEqualHelper@G@ATL@@@ATL@@QAEXXZ 00416e80 f i StdAfx.obj
 0001:00015f00       ?SetManager@CNilStringData@ATL@@QAEXPAUIAtlStringMgr@2@@Z 00416f00 f i StdAfx.obj
 0001:00015f60       ?Term@CAtlComModule@ATL@@QAEXXZ 00416f60 f i StdAfx.obj
 0001:00016010       ?Term@CAtlWinModule@ATL@@QAEXXZ 00417010 f i StdAfx.obj
 0001:00016040       ?Term@CComCriticalSection@ATL@@QAEJXZ 00417040 f i StdAfx.obj
 0001:00016060       ?TraceV@CTrace@ATL@@CAXPBDHIIPB_W@Z 00417060 f i StdAfx.obj
 0001:000162f0       ?TraceV@CTrace@ATL@@SAXPBDHII0PAD@Z 004172f0 f i StdAfx.obj
 0001:00016520       ?_AtlInitializeCriticalSectionEx@ATL@@YAHPAU_RTL_CRITICAL_SECTION@@KK@Z 00417520 f i StdAfx.obj
 0001:00016540       ?_AtlRaiseException@ATL@@YAXKK@Z 00417540 f i StdAfx.obj
 0001:00016560       _HRESULT_FROM_WIN32        00417560 f i StdAfx.obj
 0001:000165a0       __vscprintf                004175a0 f i StdAfx.obj
 0001:000165c0       __vscprintf_l              004175c0 f i StdAfx.obj
 0001:00016620       __vsnprintf_s              00417620 f i StdAfx.obj
 0001:00016650       __vsnprintf_s_l            00417650 f i StdAfx.obj
 0001:000166c0       ?OpenTcpPort@@YAHPAU_chanet@@@Z 004176c0 f   TcpPort.obj
 0001:00016950       ?ConnectTcpPort@@YAHH@Z    00417950 f   TcpPort.obj
 0001:00016c00       ?DisconnectTcpPort@@YAXH@Z 00417c00 f   TcpPort.obj
 0001:00016c50       ?CloseTcpPort@@YAHPAU_chanet@@@Z 00417c50 f   TcpPort.obj
 0001:00016cc0       ?putTcpMsg@@YAHPAU_iorb@@@Z 00417cc0 f   TcpPort.obj
 0001:00016d60       ?getTcpMsg@@YAHPAU_iorb@@@Z 00417d60 f   TcpPort.obj
 0001:000172f0       ?OpenTimerList@@YAXH@Z     004182f0 f   Timers.obj
 0001:00017310       ?CloseTimerList@@YAXXZ     00418310 f   Timers.obj
 0001:00017390       ?GetTimer@@YAPAUtimer@@PAD@Z 00418390 f   Timers.obj
 0001:00017420       ?DelTimer@@YAXPAUtimer@@@Z 00418420 f   Timers.obj
 0001:00017490       ?StartTimer@@YAXPAUtimer@@HH@Z 00418490 f   Timers.obj
 0001:00017510       ?RestartTimer@@YAXPAUtimer@@@Z 00418510 f   Timers.obj
 0001:00017570       ?StopTimer@@YAXPAUtimer@@@Z 00418570 f   Timers.obj
 0001:000175a0       ?SuspendTimer@@YAXPAUtimer@@@Z 004185a0 f   Timers.obj
 0001:000175c0       ?ResumeTimer@@YAXPAUtimer@@@Z 004185c0 f   Timers.obj
 0001:000175e0       ?TimeLeftTimer@@YAHPAUtimer@@H@Z 004185e0 f   Timers.obj
 0001:00017600       ?UpdateTimers@@YAXXZ       00418600 f   Timers.obj
 0001:000177b0       ?OpenUartPort@@YAHPAU_chanet@@@Z 004187b0 f   UartPort.obj
 0001:00017920       ?CloseUartPort@@YAHPAU_chanet@@@Z 00418920 f   UartPort.obj
 0001:00017960       ?putUartMsg@@YAHPAU_iorb@@@Z 00418960 f   UartPort.obj
 0001:000179d0       ?getUartMsg@@YAHPAU_iorb@@@Z 004189d0 f   UartPort.obj
 0001:00017c00       ?OpenUdpPort@@YAHPAU_chanet@@@Z 00418c00 f   UdpPort.obj
 0001:00017d10       ?CloseUdpPort@@YAHPAU_chanet@@@Z 00418d10 f   UdpPort.obj
 0001:00017d30       ?putUdpMsg@@YAHPAU_iorb@@@Z 00418d30 f   UdpPort.obj
 0001:00017e50       ?getUdpMsg@@YAHPAU_iorb@@@Z 00418e50 f   UdpPort.obj
 0001:00018120       ?RestoreLastCommand@@YAXPAUdigital@@@Z 00419120 f   ApplicationSpecific.obj
 0001:000181d0       ?CheckSpontaneousChange@@YAXPAUdigital@@@Z 004191d0 f   ApplicationSpecific.obj
 0001:00018400       ?ValidateDigitalCommand@@YAHPAUdigital@@C@Z 00419400 f   ApplicationSpecific.obj
 0001:000184a0       ?CheckCommandExecution@@YAHPAUdigital@@@Z 004194a0 f   ApplicationSpecific.obj
 0001:000185a0       ?ProcessObject@@YA_NPAUobject@@@Z 004195a0 f   ApplicationSpecific.obj
 0001:00018930       ?ValidateObjectCommand@@YA_NPAUobject@@C@Z 00419930 f   ApplicationSpecific.obj
 0001:00018990       ?ValidateObjectState@@YA_NPAUobject@@C@Z 00419990 f   ApplicationSpecific.obj
 0001:00018a00       ?AutoProcedure@@YAXXZ      00419a00 f   ApplicationSpecific.obj
 0001:00018a50       ?initial_control@@YAHXZ    00419a50 f   ApplicationSpecific.obj
 0001:00018ac0       ?AutoClearCounters@@YAXXZ  00419ac0 f   ApplicationSpecific.obj
 0001:00018e00       ?mdb_get_short@@YAHPAEH@Z  00419e00 f   modbus.obj
 0001:00018ea0       ?mdb_get_long@@YAHPAEH@Z   00419ea0 f   modbus.obj
 0001:00018fd0       ?mdb_get_float@@YAMPAEH@Z  00419fd0 f   modbus.obj
 0001:00019100       ?getRegData@@YAHPADPAU_modbus_card@@PAPAEPAMPAH@Z 0041a100 f   modbus.obj
 0001:000192f0       ?mdb_put_short@@YAXPAE0H@Z 0041a2f0 f   modbus.obj
 0001:00019380       ?mdb_put_long@@YAXPAE0H@Z  0041a380 f   modbus.obj
 0001:000194b0       ?mdb_put_float@@YAXPAE0H@Z 0041a4b0 f   modbus.obj
 0001:000195e0       ?setRegData@@YAHPAEPAU_modbus_card@@MH@Z 0041a5e0 f   modbus.obj
 0001:00019710       ?getRegAdr@@YAHPAU_modbus_card@@H@Z 0041a710 f   modbus.obj
 0001:000197a0       ?ProcessModbusResponse@@YAXPAU_iorb@@@Z 0041a7a0 f   modbus.obj
 0001:0001ac80       ?get_char_tcp@@YAHEPAU_iorb@@@Z 0041bc80 f   modbus.obj
 0001:0001adf0       ?get_char_rtu@@YAHEPAU_iorb@@@Z 0041bdf0 f   modbus.obj
 0001:0001c550       __vsprintf_s_l             0041d550 f i modbus.obj
 0001:0001c5c0       _sprintf_s                 0041d5c0 f i modbus.obj
 0001:0001c610       ?ReadAsciiConfiguration@@YAHPAD@Z 0041d610 f   Ioascii.obj
 0001:0001cc30       ?InitializeConfiguration@@YAXXZ 0041dc30 f   Ioascii.obj
 0001:0001cd00       ?FreeConfigurationAllocations@@YAXXZ 0041dd00 f   Ioascii.obj
 0001:0001cfc0       ?FindKey@@YAHPADPAUKEYWRD@@@Z 0041dfc0 f   Ioascii.obj
 0001:0001d060       ?MultCfg@@YAHH@Z           0041e060 f   Ioascii.obj
 0001:0001ddb0       ?WrASCIICfg@@YAHPAD@Z      0041edb0 f   Ioascii.obj
 0001:0001e1c0       ?GetTypeID@@YAHPAD@Z       0041f1c0 f   Ioascii.obj
 0001:0001e220       ?GetTypeName@@YAPADH@Z     0041f220 f   Ioascii.obj
 0001:0001e270       ?FindKeyWord@@YAPADHPAUKEYWRD@@@Z 0041f270 f   Ioascii.obj
 0001:0001e2c0       ?ShowCfgError@@YAXXZ       0041f2c0 f   Ioascii.obj
 0001:0001e3c0       ?ReadLineCfg@@YAHPAU_iobuf@@QAUKEYWRD@@H@Z 0041f3c0 f   Ioascii.obj
 0001:0001e480       ?raise_2@@YAHH@Z           0041f480 f   Ioascii.obj
 0001:0001e4b0       ?find_string@@YAHPAPADPAD@Z 0041f4b0 f   Ioascii.obj
 0001:0001e500       ?sget_short@@YAHPADPAF@Z   0041f500 f   Ioascii.obj
 0001:0001e550       ?sget_long@@YAHPADPAJ@Z    0041f550 f   Ioascii.obj
 0001:0001e5a0       ?sget_ulong@@YAHPADPAK@Z   0041f5a0 f   Ioascii.obj
 0001:0001e5f0       ?sget_float@@YAHPADPAM@Z   0041f5f0 f   Ioascii.obj
 0001:0001e640       ?sget_on_off@@YAHPADPAF@Z  0041f640 f   Ioascii.obj
 0001:0001e700       ?sget_alltext@@YAHPAD0H@Z  0041f700 f   Ioascii.obj
 0001:0001e7f0       ?sget_string@@YAHPAD0H@Z   0041f7f0 f   Ioascii.obj
 0001:0001e8e0       ?in_system@@YAHPAU_iobuf@@H@Z 0041f8e0 f   Ioascii.obj
 0001:0001e9b0       ?in_egunit@@YAHPAU_iobuf@@H@Z 0041f9b0 f   Ioascii.obj
 0001:0001eb70       ?in_state@@YAHPAU_iobuf@@H@Z 0041fb70 f   Ioascii.obj
 0001:0001ed30       ?in_command@@YAHPAU_iobuf@@H@Z 0041fd30 f   Ioascii.obj
 0001:0001eef0       ?in_digdef@@YAHPAU_iobuf@@H@Z 0041fef0 f   Ioascii.obj
 0001:0001f2b0       ?in_objdef@@YAHPAU_iobuf@@H@Z 004202b0 f   Ioascii.obj
 0001:0001f800       ?in_channel@@YAHPAU_iobuf@@H@Z 00420800 f   Ioascii.obj
 0001:0001fea0       ?in_rtu@@YAHPAU_iobuf@@H@Z 00420ea0 f   Ioascii.obj
 0001:00020540       ?in_anain@@YAHPAU_iobuf@@H@Z 00421540 f   Ioascii.obj
 0001:00020e60       ?in_anaout@@YAHPAU_iobuf@@H@Z 00421e60 f   Ioascii.obj
 0001:000217a0       ?in_counter@@YAHPAU_iobuf@@H@Z 004227a0 f   Ioascii.obj
 0001:00021f40       ?in_digital@@YAHPAU_iobuf@@H@Z 00422f40 f   Ioascii.obj
 0001:00022700       ?in_object@@YAHPAU_iobuf@@H@Z 00423700 f   Ioascii.obj
 0001:00023060       ?on_end@@YAHH@Z            00424060 f   Ioascii.obj
 0001:00023b40       ?inc_deep_level@@YAXXZ     00424b40 f   Ioascii.obj
 0001:00023b60       ?dec_deep_level@@YAXXZ     00424b60 f   Ioascii.obj
 0001:00023b80       ?fput_text@@YAXPAU_iobuf@@PAD@Z 00424b80 f   Ioascii.obj
 0001:00023bb0       ?fput_newlin@@YAXPAU_iobuf@@@Z 00424bb0 f   Ioascii.obj
 0001:00023bd0       ?fput_keywrd@@YAXPAU_iobuf@@PAD1@Z 00424bd0 f   Ioascii.obj
 0001:00023c60       ?fput_short@@YAXPAU_iobuf@@PADF1@Z 00424c60 f   Ioascii.obj
 0001:00023d00       ?fput_long@@YAXPAU_iobuf@@PADJ1@Z 00424d00 f   Ioascii.obj
 0001:00023da0       ?fput_ulong@@YAXPAU_iobuf@@PADK1@Z 00424da0 f   Ioascii.obj
 0001:00023e40       ?fput_float@@YAXPAU_iobuf@@PADM1@Z 00424e40 f   Ioascii.obj
 0001:00023ef0       ?fput_on_off@@YAXPAU_iobuf@@PADE@Z 00424ef0 f   Ioascii.obj
 0001:00023f70       ?fput_string@@YAXPAU_iobuf@@PAD1@Z 00424f70 f   Ioascii.obj
 0001:00023fd0       ?fput_vstring@@YAXPAU_iobuf@@PAD1ZZ 00424fd0 f   Ioascii.obj
 0001:00024090       ?out_system@@YAXPAU_iobuf@@@Z 00425090 f   Ioascii.obj
 0001:000240e0       ?out_egu@@YAXPAU_iobuf@@PAU_egu@@@Z 004250e0 f   Ioascii.obj
 0001:00024150       ?out_state@@YAXPAU_iobuf@@PAU_state@@@Z 00425150 f   Ioascii.obj
 0001:000241c0       ?out_command@@YAXPAU_iobuf@@PAU_command@@@Z 004251c0 f   Ioascii.obj
 0001:00024230       ?out_digdef@@YAXPAU_iobuf@@PAU_digdev@@@Z 00425230 f   Ioascii.obj
 0001:000243f0       ?out_objdef@@YAXPAU_iobuf@@PAU_objdef@@@Z 004253f0 f   Ioascii.obj
 0001:00024620       ?out_channel@@YAXPAU_iobuf@@PAU_chanet@@@Z 00425620 f   Ioascii.obj
 0001:00024800       ?out_rtu@@YAXPAU_iobuf@@PAU_rtut@@@Z 00425800 f   Ioascii.obj
 0001:000249d0       ?out_anain@@YAXPAU_iobuf@@PAUanain@@@Z 004259d0 f   Ioascii.obj
 0001:00024ce0       ?out_anaout@@YAXPAU_iobuf@@PAUanaout@@@Z 00425ce0 f   Ioascii.obj
 0001:00025010       ?out_counter@@YAXPAU_iobuf@@PAUcounter@@@Z 00426010 f   Ioascii.obj
 0001:00025230       ?out_digital@@YAXPAU_iobuf@@PAUdigital@@@Z 00426230 f   Ioascii.obj
 0001:00025450       ?out_object@@YAXPAU_iobuf@@PAUobject@@@Z 00426450 f   Ioascii.obj
 0001:00027bd0       _timeSetEvent@20           00428bd0 f   winmm:WINMM.dll
 0001:00027bd6       _timeKillEvent@4           00428bd6 f   winmm:WINMM.dll
 0001:00027bdc       ??3@YAXPAX@Z               00428bdc f   mfc140d:mfc140d.dll
 0001:00027be2       ??B?$CSimpleStringT@D$00@ATL@@QBEPBDXZ 00428be2 f   mfc140d:mfc140d.dll
 0001:00027be8       ??0?$CStringT@DV?$StrTraitMFC_DLL@DV?$ChTraitsCRT@D@ATL@@@@@ATL@@QAE@XZ 00428be8 f   mfc140d:mfc140d.dll
 0001:00027bee       ??1?$CStringT@DV?$StrTraitMFC_DLL@DV?$ChTraitsCRT@D@ATL@@@@@ATL@@QAE@XZ 00428bee f   mfc140d:mfc140d.dll
 0001:00027bf4       ?Format@?$CStringT@DV?$StrTraitMFC_DLL@DV?$ChTraitsCRT@D@ATL@@@@@ATL@@QAAXPBDZZ 00428bf4 f   mfc140d:mfc140d.dll
 0001:00027bfa       ?AfxMessageBox@@YGHPBDII@Z 00428bfa f   mfc140d:mfc140d.dll
 0001:00027c00       ??3CObject@@SGXPAX@Z       00428c00 f   mfc140d:mfc140d.dll
 0001:00027c06       ?Serialize@CObject@@UAEXAAVCArchive@@@Z 00428c06 f   mfc140d:mfc140d.dll
 0001:00027c0c       ??1CFont@@UAE@XZ           00428c0c f   mfc140d:mfc140d.dll
 0001:00027c12       ?OnCmdMsg@CCmdTarget@@UAEHIHPAXPAUAFX_CMDHANDLERINFO@@@Z 00428c12 f   mfc140d:mfc140d.dll
 0001:00027c18       ?OnFinalRelease@CCmdTarget@@UAEXXZ 00428c18 f   mfc140d:mfc140d.dll
 0001:00027c1e       ?IsInvokeAllowed@CCmdTarget@@UAEHJ@Z 00428c1e f   mfc140d:mfc140d.dll
 0001:00027c24       ?GetDispatchIID@CCmdTarget@@UAEHPAU_GUID@@@Z 00428c24 f   mfc140d:mfc140d.dll
 0001:00027c2a       ?GetTypeInfoCount@CCmdTarget@@UAEIXZ 00428c2a f   mfc140d:mfc140d.dll
 0001:00027c30       ?GetTypeLibCache@CCmdTarget@@UAEPAVCTypeLibCache@@XZ 00428c30 f   mfc140d:mfc140d.dll
 0001:00027c36       ?GetTypeLib@CCmdTarget@@UAEJKPAPAUITypeLib@@@Z 00428c36 f   mfc140d:mfc140d.dll
 0001:00027c3c       ?GetCommandMap@CCmdTarget@@MBEPBUAFX_OLECMDMAP@@XZ 00428c3c f   mfc140d:mfc140d.dll
 0001:00027c42       ?GetDispatchMap@CCmdTarget@@MBEPBUAFX_DISPMAP@@XZ 00428c42 f   mfc140d:mfc140d.dll
 0001:00027c48       ?GetConnectionMap@CCmdTarget@@MBEPBUAFX_CONNECTIONMAP@@XZ 00428c48 f   mfc140d:mfc140d.dll
 0001:00027c4e       ?GetInterfaceMap@CCmdTarget@@MBEPBUAFX_INTERFACEMAP@@XZ 00428c4e f   mfc140d:mfc140d.dll
 0001:00027c54       ?GetEventSinkMap@CCmdTarget@@MBEPBUAFX_EVENTSINKMAP@@XZ 00428c54 f   mfc140d:mfc140d.dll
 0001:00027c5a       ?OnCreateAggregates@CCmdTarget@@UAEHXZ 00428c5a f   mfc140d:mfc140d.dll
 0001:00027c60       ?GetInterfaceHook@CCmdTarget@@UAEPAUIUnknown@@PBX@Z 00428c60 f   mfc140d:mfc140d.dll
 0001:00027c66       ?GetExtraConnectionPoints@CCmdTarget@@MAEHPAVCPtrArray@@@Z 00428c66 f   mfc140d:mfc140d.dll
 0001:00027c6c       ?GetConnectionHook@CCmdTarget@@MAEPAUIConnectionPoint@@ABU_GUID@@@Z 00428c6c f   mfc140d:mfc140d.dll
 0001:00027c72       ?DoModal@CDialog@@UAEHXZ   00428c72 f   mfc140d:mfc140d.dll
 0001:00027c78       ??1CDialog@@UAE@XZ         00428c78 f   mfc140d:mfc140d.dll
 0001:00027c7e       ??1CStatic@@UAE@XZ         00428c7e f   mfc140d:mfc140d.dll
 0001:00027c84       ??1CListBox@@UAE@XZ        00428c84 f   mfc140d:mfc140d.dll
 0001:00027c8a       ?PreTranslateMessage@CWinThread@@UAEHPAUtagMSG@@@Z 00428c8a f   mfc140d:mfc140d.dll
 0001:00027c90       ?PumpMessage@CWinThread@@UAEHXZ 00428c90 f   mfc140d:mfc140d.dll
 0001:00027c96       ?IsIdleMessage@CWinThread@@UAEHPAUtagMSG@@@Z 00428c96 f   mfc140d:mfc140d.dll
 0001:00027c9c       ?ProcessMessageFilter@CWinThread@@UAEHHPAUtagMSG@@@Z 00428c9c f   mfc140d:mfc140d.dll
 0001:00027ca2       ?GetMainWnd@CWinThread@@UAEPAVCWnd@@XZ 00428ca2 f   mfc140d:mfc140d.dll
 0001:00027ca8       ?Delete@CWinThread@@UAEXXZ 00428ca8 f   mfc140d:mfc140d.dll
 0001:00027cae       ?GetRuntimeClass@CWinApp@@UBEPAUCRuntimeClass@@XZ 00428cae f   mfc140d:mfc140d.dll
 0001:00027cb4       ??0CWinApp@@QAE@PBD@Z      00428cb4 f   mfc140d:mfc140d.dll
 0001:00027cba       ?GetProfileIntA@CWinApp@@UAEIPBD0H@Z 00428cba f   mfc140d:mfc140d.dll
 0001:00027cc0       ?WriteProfileInt@CWinApp@@UAEHPBD0H@Z 00428cc0 f   mfc140d:mfc140d.dll
 0001:00027cc6       ?GetProfileStringA@CWinApp@@UAE?AV?$CStringT@DV?$StrTraitMFC_DLL@DV?$ChTraitsCRT@D@ATL@@@@@ATL@@PBD00@Z 00428cc6 f   mfc140d:mfc140d.dll
 0001:00027ccc       ?WriteProfileStringA@CWinApp@@UAEHPBD00@Z 00428ccc f   mfc140d:mfc140d.dll
 0001:00027cd2       ?GetProfileBinary@CWinApp@@UAEHPBD0PAPAEPAI@Z 00428cd2 f   mfc140d:mfc140d.dll
 0001:00027cd8       ?WriteProfileBinary@CWinApp@@UAEHPBD0PAEI@Z 00428cd8 f   mfc140d:mfc140d.dll
 0001:00027cde       ?InitLibId@CWinApp@@UAEXXZ 00428cde f   mfc140d:mfc140d.dll
 0001:00027ce4       ?Register@CWinApp@@UAEHXZ  00428ce4 f   mfc140d:mfc140d.dll
 0001:00027cea       ?Unregister@CWinApp@@UAEHXZ 00428cea f   mfc140d:mfc140d.dll
 0001:00027cf0       ?OpenDocumentFile@CWinApp@@UAEPAVCDocument@@PBD@Z 00428cf0 f   mfc140d:mfc140d.dll
 0001:00027cf6       ?OpenDocumentFile@CWinApp@@UAEPAVCDocument@@PBDH@Z 00428cf6 f   mfc140d:mfc140d.dll
 0001:00027cfc       ?AddToRecentFileList@CWinApp@@UAEXPBD@Z 00428cfc f   mfc140d:mfc140d.dll
 0001:00027d02       ?InitApplication@CWinApp@@UAEHXZ 00428d02 f   mfc140d:mfc140d.dll
 0001:00027d08       ?SaveAllModified@CWinApp@@UAEHXZ 00428d08 f   mfc140d:mfc140d.dll
 0001:00027d0e       ?DoMessageBox@CWinApp@@UAEHPBDII@Z 00428d0e f   mfc140d:mfc140d.dll
 0001:00027d14       ?DoWaitCursor@CWinApp@@UAEXH@Z 00428d14 f   mfc140d:mfc140d.dll
 0001:00027d1a       ?OnDDECommand@CWinApp@@UAEHPAD@Z 00428d1a f   mfc140d:mfc140d.dll
 0001:00027d20       ?WinHelpA@CWinApp@@UAEXKI@Z 00428d20 f   mfc140d:mfc140d.dll
 0001:00027d26       ?HtmlHelpA@CWinApp@@UAEXKI@Z 00428d26 f   mfc140d:mfc140d.dll
 0001:00027d2c       ?WinHelpInternal@CWinApp@@UAEXKI@Z 00428d2c f   mfc140d:mfc140d.dll
 0001:00027d32       ?RegisterWithRestartManager@CWinApp@@UAEJHABV?$CStringT@DV?$StrTraitMFC_DLL@DV?$ChTraitsCRT@D@ATL@@@@@ATL@@@Z 00428d32 f   mfc140d:mfc140d.dll
 0001:00027d38       ?RegisterWithRestartManager@CWinApp@@UAEJPB_WKP6GKPAX@Z1KK@Z 00428d38 f   mfc140d:mfc140d.dll
 0001:00027d3e       ?ApplicationRecoveryCallback@CWinApp@@UAEKPAX@Z 00428d3e f   mfc140d:mfc140d.dll
 0001:00027d44       ?OnHelp@CWinApp@@IAEXXZ    00428d44 f   mfc140d:mfc140d.dll
 0001:00027d4a       ?GetDataRecoveryHandler@CWinApp@@UAEPAVCDataRecoveryHandler@@XZ 00428d4a f   mfc140d:mfc140d.dll
 0001:00027d50       ?IsTaskbarInteractionEnabled@CWinApp@@UAEHXZ 00428d50 f   mfc140d:mfc140d.dll
 0001:00027d56       ?RestartInstance@CWinApp@@UAEHXZ 00428d56 f   mfc140d:mfc140d.dll
 0001:00027d5c       ?Run@CWinApp@@UAEHXZ       00428d5c f   mfc140d:mfc140d.dll
 0001:00027d62       ?OnIdle@CWinApp@@UAEHJ@Z   00428d62 f   mfc140d:mfc140d.dll
 0001:00027d68       ?ProcessWndProcException@CWinApp@@UAEJPAVCException@@PBUtagMSG@@@Z 00428d68 f   mfc140d:mfc140d.dll
 0001:00027d6e       ?LoadAppLangResourceDLL@CWinApp@@UAEPAUHINSTANCE__@@XZ 00428d6e f   mfc140d:mfc140d.dll
 0001:00027d74       ??1CWinApp@@UAE@XZ         00428d74 f   mfc140d:mfc140d.dll
 0001:00027d7a       ?AssertValid@CWinApp@@UBEXXZ 00428d7a f   mfc140d:mfc140d.dll
 0001:00027d80       ?Dump@CWinApp@@UBEXAAVCDumpContext@@@Z 00428d80 f   mfc140d:mfc140d.dll
 0001:00027d86       ?GetThisMessageMap@CWinApp@@KGPBUAFX_MSGMAP@@XZ 00428d86 f   mfc140d:mfc140d.dll
 0001:00027d8c       ?LoadSysPolicies@CWinApp@@UAEHXZ 00428d8c f   mfc140d:mfc140d.dll
 0001:00027d92       ?AfxMessageBox@@YGHIII@Z   00428d92 f   mfc140d:mfc140d.dll
 0001:00027d98       ?AfxEnableControlContainer@@YAXPAVCOccManager@@@Z 00428d98 f   mfc140d:mfc140d.dll
 0001:00027d9e       ?IsEmpty@?$CSimpleStringT@D$00@ATL@@QBE_NXZ 00428d9e f   mfc140d:mfc140d.dll
 0001:00027da4       ?AppendFormat@?$CStringT@DV?$StrTraitMFC_DLL@DV?$ChTraitsCRT@D@ATL@@@@@ATL@@QAAXPBDZZ 00428da4 f   mfc140d:mfc140d.dll
 0001:00027daa       ?LoadStringA@?$CStringT@DV?$StrTraitMFC_DLL@DV?$ChTraitsCRT@D@ATL@@@@@ATL@@QAEHI@Z 00428daa f   mfc140d:mfc140d.dll
 0001:00027db0       ??0CFont@@QAE@XZ           00428db0 f   mfc140d:mfc140d.dll
 0001:00027db6       ?CreateFontIndirectA@CFont@@QAEHPBUtagLOGFONTA@@@Z 00428db6 f   mfc140d:mfc140d.dll
 0001:00027dbc       ?AppendMenuA@CMenu@@QAEHIIPBD@Z 00428dbc f   mfc140d:mfc140d.dll
 0001:00027dc2       ?DDX_Control@@YGXPAVCDataExchange@@HAAVCWnd@@@Z 00428dc2 f   mfc140d:mfc140d.dll
 0001:00027dc8       ?PreSubclassWindow@CWnd@@UAEXXZ 00428dc8 f   mfc140d:mfc140d.dll
 0001:00027dce       ?Create@CWnd@@UAEHPBD0KABUtagRECT@@PAV1@IPAUCCreateContext@@@Z 00428dce f   mfc140d:mfc140d.dll
 0001:00027dd4       ?CreateEx@CWnd@@UAEHKPBD0KHHHHPAUHWND__@@PAUHMENU__@@PAX@Z 00428dd4 f   mfc140d:mfc140d.dll
 0001:00027dda       ?CreateEx@CWnd@@UAEHKPBD0KABUtagRECT@@PAV1@IPAX@Z 00428dda f   mfc140d:mfc140d.dll
 0001:00027de0       ?DestroyWindow@CWnd@@UAEHXZ 00428de0 f   mfc140d:mfc140d.dll
 0001:00027de6       ?PreCreateWindow@CWnd@@UAEHAAUtagCREATESTRUCTA@@@Z 00428de6 f   mfc140d:mfc140d.dll
 0001:00027dec       ?CalcWindowRect@CWnd@@UAEXPAUtagRECT@@I@Z 00428dec f   mfc140d:mfc140d.dll
 0001:00027df2       ?GetDlgItem@CWnd@@QBEPAV1@H@Z 00428df2 f   mfc140d:mfc140d.dll
 0001:00027df8       ?SetWindowTextA@CWnd@@QAEXPBD@Z 00428df8 f   mfc140d:mfc140d.dll
 0001:00027dfe       ?GetWindowTextA@CWnd@@QBEXAAV?$CStringT@DV?$StrTraitMFC_DLL@DV?$ChTraitsCRT@D@ATL@@@@@ATL@@@Z 00428dfe f   mfc140d:mfc140d.dll
 0001:00027e04       ?SetFont@CWnd@@QAEXPAVCFont@@H@Z 00428e04 f   mfc140d:mfc140d.dll
 0001:00027e0a       ?GetMenu@CWnd@@UBEPAVCMenu@@XZ 00428e0a f   mfc140d:mfc140d.dll
 0001:00027e10       ?SetMenu@CWnd@@UAEHPAVCMenu@@@Z 00428e10 f   mfc140d:mfc140d.dll
 0001:00027e16       ?GetSystemMenu@CWnd@@QBEPAVCMenu@@H@Z 00428e16 f   mfc140d:mfc140d.dll
 0001:00027e1c       ?OnToolHitTest@CWnd@@UBEHVCPoint@@PAUtagTOOLINFOA@@@Z 00428e1c f   mfc140d:mfc140d.dll
 0001:00027e22       ?GetScrollBarCtrl@CWnd@@UBEPAVCScrollBar@@H@Z 00428e22 f   mfc140d:mfc140d.dll
 0001:00027e28       ?SetIcon@CWnd@@QAEPAUHICON__@@PAU2@H@Z 00428e28 f   mfc140d:mfc140d.dll
 0001:00027e2e       ?WinHelpA@CWnd@@UAEXKI@Z   00428e2e f   mfc140d:mfc140d.dll
 0001:00027e34       ?HtmlHelpA@CWnd@@UAEXKI@Z  00428e34 f   mfc140d:mfc140d.dll
 0001:00027e3a       ?WinHelpInternal@CWnd@@UAEXKI@Z 00428e3a f   mfc140d:mfc140d.dll
 0001:00027e40       ?ContinueModal@CWnd@@UAEHXZ 00428e40 f   mfc140d:mfc140d.dll
 0001:00027e46       ?EndModalLoop@CWnd@@UAEXH@Z 00428e46 f   mfc140d:mfc140d.dll
 0001:00027e4c       ?OnDrawIconicThumbnailOrLivePreview@CWnd@@UAEXAAVCDC@@VCRect@@VCSize@@HAAH@Z 00428e4c f   mfc140d:mfc140d.dll
 0001:00027e52       ?GetInterfaceMap@CWnd@@MBEPBUAFX_INTERFACEMAP@@XZ 00428e52 f   mfc140d:mfc140d.dll
 0001:00027e58       ?EnsureStdObj@CWnd@@UAEJXZ 00428e58 f   mfc140d:mfc140d.dll
 0001:00027e5e       ?get_accParent@CWnd@@UAEJPAPAUIDispatch@@@Z 00428e5e f   mfc140d:mfc140d.dll
 0001:00027e64       ?get_accChildCount@CWnd@@UAEJPAJ@Z 00428e64 f   mfc140d:mfc140d.dll
 0001:00027e6a       ?get_accChild@CWnd@@UAEJUtagVARIANT@@PAPAUIDispatch@@@Z 00428e6a f   mfc140d:mfc140d.dll
 0001:00027e70       ?get_accName@CWnd@@UAEJUtagVARIANT@@PAPA_W@Z 00428e70 f   mfc140d:mfc140d.dll
 0001:00027e76       ?get_accValue@CWnd@@UAEJUtagVARIANT@@PAPA_W@Z 00428e76 f   mfc140d:mfc140d.dll
 0001:00027e7c       ?get_accDescription@CWnd@@UAEJUtagVARIANT@@PAPA_W@Z 00428e7c f   mfc140d:mfc140d.dll
 0001:00027e82       ?get_accRole@CWnd@@UAEJUtagVARIANT@@PAU2@@Z 00428e82 f   mfc140d:mfc140d.dll
 0001:00027e88       ?get_accState@CWnd@@UAEJUtagVARIANT@@PAU2@@Z 00428e88 f   mfc140d:mfc140d.dll
 0001:00027e8e       ?get_accHelp@CWnd@@UAEJUtagVARIANT@@PAPA_W@Z 00428e8e f   mfc140d:mfc140d.dll
 0001:00027e94       ?get_accHelpTopic@CWnd@@UAEJPAPA_WUtagVARIANT@@PAJ@Z 00428e94 f   mfc140d:mfc140d.dll
 0001:00027e9a       ?get_accKeyboardShortcut@CWnd@@UAEJUtagVARIANT@@PAPA_W@Z 00428e9a f   mfc140d:mfc140d.dll
 0001:00027ea0       ?get_accFocus@CWnd@@UAEJPAUtagVARIANT@@@Z 00428ea0 f   mfc140d:mfc140d.dll
 0001:00027ea6       ?get_accSelection@CWnd@@UAEJPAUtagVARIANT@@@Z 00428ea6 f   mfc140d:mfc140d.dll
 0001:00027eac       ?get_accDefaultAction@CWnd@@UAEJUtagVARIANT@@PAPA_W@Z 00428eac f   mfc140d:mfc140d.dll
 0001:00027eb2       ?accSelect@CWnd@@UAEJJUtagVARIANT@@@Z 00428eb2 f   mfc140d:mfc140d.dll
 0001:00027eb8       ?accLocation@CWnd@@UAEJPAJ000UtagVARIANT@@@Z 00428eb8 f   mfc140d:mfc140d.dll
 0001:00027ebe       ?accNavigate@CWnd@@UAEJJUtagVARIANT@@PAU2@@Z 00428ebe f   mfc140d:mfc140d.dll
 0001:00027ec4       ?accHitTest@CWnd@@UAEJJJPAUtagVARIANT@@@Z 00428ec4 f   mfc140d:mfc140d.dll
 0001:00027eca       ?accDoDefaultAction@CWnd@@UAEJUtagVARIANT@@@Z 00428eca f   mfc140d:mfc140d.dll
 0001:00027ed0       ?put_accName@CWnd@@UAEJUtagVARIANT@@PA_W@Z 00428ed0 f   mfc140d:mfc140d.dll
 0001:00027ed6       ?put_accValue@CWnd@@UAEJUtagVARIANT@@PA_W@Z 00428ed6 f   mfc140d:mfc140d.dll
 0001:00027edc       ?SetProxy@CWnd@@UAEJPAUIAccessibleProxy@@@Z 00428edc f   mfc140d:mfc140d.dll
 0001:00027ee2       ?CreateAccessibleProxy@CWnd@@UAEJIJPAJ@Z 00428ee2 f   mfc140d:mfc140d.dll
 0001:00027ee8       ?OnCommand@CWnd@@MAEHIJ@Z  00428ee8 f   mfc140d:mfc140d.dll
 0001:00027eee       ?OnNotify@CWnd@@MAEHIJPAJ@Z 00428eee f   mfc140d:mfc140d.dll
 0001:00027ef4       ?OnClose@CWnd@@IAEXXZ      00428ef4 f   mfc140d:mfc140d.dll
 0001:00027efa       ?OnQueryDragIcon@CWnd@@IAEPAUHICON__@@XZ 00428efa f   mfc140d:mfc140d.dll
 0001:00027f00       ?OnSysCommand@CWnd@@IAEXIJ@Z 00428f00 f   mfc140d:mfc140d.dll
 0001:00027f06       ?GetSuperWndProcAddr@CWnd@@MAEPAP6GJPAUHWND__@@IIJ@ZXZ 00428f06 f   mfc140d:mfc140d.dll
 0001:00027f0c       ?DoDataExchange@CWnd@@MAEXPAVCDataExchange@@@Z 00428f0c f   mfc140d:mfc140d.dll
 0001:00027f12       ?BeginModalState@CWnd@@UAEXXZ 00428f12 f   mfc140d:mfc140d.dll
 0001:00027f18       ?EndModalState@CWnd@@UAEXXZ 00428f18 f   mfc140d:mfc140d.dll
 0001:00027f1e       ?OnAmbientProperty@CWnd@@UAEHPAVCOleControlSite@@JPAUtagVARIANT@@@Z 00428f1e f   mfc140d:mfc140d.dll
 0001:00027f24       ?WindowProc@CWnd@@MAEJIIJ@Z 00428f24 f   mfc140d:mfc140d.dll
 0001:00027f2a       ?OnWndMsg@CWnd@@MAEHIIJPAJ@Z 00428f2a f   mfc140d:mfc140d.dll
 0001:00027f30       ?DefWindowProcA@CWnd@@MAEJIIJ@Z 00428f30 f   mfc140d:mfc140d.dll
 0001:00027f36       ?PostNcDestroy@CWnd@@MAEXXZ 00428f36 f   mfc140d:mfc140d.dll
 0001:00027f3c       ?OnChildNotify@CWnd@@MAEHIIJPAJ@Z 00428f3c f   mfc140d:mfc140d.dll
 0001:00027f42       ?OnTouchInputs@CWnd@@MAEHIPAUtagTOUCHINPUT@@@Z 00428f42 f   mfc140d:mfc140d.dll
 0001:00027f48       ?OnTouchInput@CWnd@@MAEHVCPoint@@HHPAUtagTOUCHINPUT@@@Z 00428f48 f   mfc140d:mfc140d.dll
 0001:00027f4e       ?GetGestureStatus@CWnd@@MAEKVCPoint@@@Z 00428f4e f   mfc140d:mfc140d.dll
 0001:00027f54       ?OnGestureZoom@CWnd@@MAEHVCPoint@@J@Z 00428f54 f   mfc140d:mfc140d.dll
 0001:00027f5a       ?OnGesturePan@CWnd@@MAEHVCPoint@@0@Z 00428f5a f   mfc140d:mfc140d.dll
 0001:00027f60       ?OnGestureRotate@CWnd@@MAEHVCPoint@@N@Z 00428f60 f   mfc140d:mfc140d.dll
 0001:00027f66       ?OnGestureTwoFingerTap@CWnd@@MAEHVCPoint@@@Z 00428f66 f   mfc140d:mfc140d.dll
 0001:00027f6c       ?OnGesturePressAndTap@CWnd@@MAEHVCPoint@@J@Z 00428f6c f   mfc140d:mfc140d.dll
 0001:00027f72       ?ResizeDynamicLayout@CWnd@@MAEXXZ 00428f72 f   mfc140d:mfc140d.dll
 0001:00027f78       ?IsFrameWnd@CWnd@@UBEHXZ   00428f78 f   mfc140d:mfc140d.dll
 0001:00027f7e       ?OnFinalRelease@CWnd@@UAEXXZ 00428f7e f   mfc140d:mfc140d.dll
 0001:00027f84       ?CreateControlContainer@CWnd@@MAEHPAPAVCOleControlContainer@@@Z 00428f84 f   mfc140d:mfc140d.dll
 0001:00027f8a       ?CreateControlSite@CWnd@@MAEHPAVCOleControlContainer@@PAPAVCOleControlSite@@IABU_GUID@@@Z 00428f8a f   mfc140d:mfc140d.dll
 0001:00027f90       ?GetRuntimeClass@CDialog@@UBEPAUCRuntimeClass@@XZ 00428f90 f   mfc140d:mfc140d.dll
 0001:00027f96       ?Create@CDialog@@UAEHPBDPAVCWnd@@@Z 00428f96 f   mfc140d:mfc140d.dll
 0001:00027f9c       ?Create@CDialog@@UAEHIPAVCWnd@@@Z 00428f9c f   mfc140d:mfc140d.dll
 0001:00027fa2       ?CreateIndirect@CDialog@@UAEHPBUDLGTEMPLATE@@PAVCWnd@@PAX@Z 00428fa2 f   mfc140d:mfc140d.dll
 0001:00027fa8       ?CreateIndirect@CDialog@@UAEHPAXPAVCWnd@@@Z 00428fa8 f   mfc140d:mfc140d.dll
 0001:00027fae       ??0CDialog@@QAE@IPAVCWnd@@@Z 00428fae f   mfc140d:mfc140d.dll
 0001:00027fb4       ?EndDialog@CDialog@@QAEXH@Z 00428fb4 f   mfc140d:mfc140d.dll
 0001:00027fba       ?OnInitDialog@CDialog@@UAEHXZ 00428fba f   mfc140d:mfc140d.dll
 0001:00027fc0       ?OnSetFont@CDialog@@UAEXPAVCFont@@@Z 00428fc0 f   mfc140d:mfc140d.dll
 0001:00027fc6       ?OnOK@CDialog@@MAEXXZ      00428fc6 f   mfc140d:mfc140d.dll
 0001:00027fcc       ?OnCancel@CDialog@@MAEXXZ  00428fcc f   mfc140d:mfc140d.dll
 0001:00027fd2       ?AssertValid@CDialog@@UBEXXZ 00428fd2 f   mfc140d:mfc140d.dll
 0001:00027fd8       ?Dump@CDialog@@UBEXAAVCDumpContext@@@Z 00428fd8 f   mfc140d:mfc140d.dll
 0001:00027fde       ?PreTranslateMessage@CDialog@@UAEHPAUtagMSG@@@Z 00428fde f   mfc140d:mfc140d.dll
 0001:00027fe4       ?OnCmdMsg@CDialog@@UAEHIHPAXPAUAFX_CMDHANDLERINFO@@@Z 00428fe4 f   mfc140d:mfc140d.dll
 0001:00027fea       ?CheckAutoCenter@CDialog@@UAEHXZ 00428fea f   mfc140d:mfc140d.dll
 0001:00027ff0       ?SetOccDialogInfo@CDialog@@MAEHPAU_AFX_OCC_DIALOG_INFO@@@Z 00428ff0 f   mfc140d:mfc140d.dll
 0001:00027ff6       ?GetOccDialogInfo@CDialog@@MAEPAU_AFX_OCC_DIALOG_INFO@@XZ 00428ff6 f   mfc140d:mfc140d.dll
 0001:00027ffc       ?PreInitDialog@CDialog@@MAEXXZ 00428ffc f   mfc140d:mfc140d.dll
 0001:00028002       ?GetThisMessageMap@CDialog@@KGPBUAFX_MSGMAP@@XZ 00429002 f   mfc140d:mfc140d.dll
 0001:00028008       ??0CStatic@@QAE@XZ         00429008 f   mfc140d:mfc140d.dll
 0001:0002800e       ??0CListBox@@QAE@XZ        0042900e f   mfc140d:mfc140d.dll
 0001:00028014       ?GetCount@CListBox@@QBEHXZ 00429014 f   mfc140d:mfc140d.dll
 0001:0002801a       ?GetTopIndex@CListBox@@QBEHXZ 0042901a f   mfc140d:mfc140d.dll
 0001:00028020       ?SetTopIndex@CListBox@@QAEHH@Z 00429020 f   mfc140d:mfc140d.dll
 0001:00028026       ?AddString@CListBox@@QAEHPBD@Z 00429026 f   mfc140d:mfc140d.dll
 0001:0002802c       ?DeleteString@CListBox@@QAEHI@Z 0042902c f   mfc140d:mfc140d.dll
 0001:00028032       ?ResetContent@CListBox@@QAEXXZ 00429032 f   mfc140d:mfc140d.dll
 0001:00028038       ?AfxGetApp@@YGPAVCWinApp@@XZ 00429038 f   mfc140d:mfc140d.dll
 0001:0002803e       ?LoadIconA@CWinApp@@QBEPAUHICON__@@I@Z 0042903e f   mfc140d:mfc140d.dll
 0001:00028050       ??1CComBSTR@ATL@@QAE@XZ    00429050 f i mfcs140d:nolib.obj
 0001:00028090       ??1stringdispid@CComTypeInfoHolder@ATL@@QAE@XZ 00429090 f i mfcs140d:nolib.obj
 0001:000280c0       ??_Estringdispid@CComTypeInfoHolder@ATL@@QAEPAXI@Z 004290c0 f i mfcs140d:nolib.obj
 0001:000281a0       _IsolationAwareActivateActCtx@8 004291a0 f i mfcs140d:nolib.obj
 0001:00028260       _IsolationAwareCreateActCtxW@4 00429260 f i mfcs140d:nolib.obj
 0001:00028320       _IsolationAwareDeactivateActCtx@8 00429320 f i mfcs140d:nolib.obj
 0001:000283e0       _IsolationAwareFindActCtxSectionStringW@20 004293e0 f i mfcs140d:nolib.obj
 0001:000284b0       _IsolationAwarePrivatenPgViNgRzlnPgpgk@4 004294b0 f i mfcs140d:nolib.obj
 0001:000285d0       _IsolationAwarePrivatezltRgCebPnQQeRff@12 004295d0 f i mfcs140d:nolib.obj
 0001:000286a0       _IsolationAwarePrivatezltRgzbQhYRuNaQYRJ@4 004296a0 f i mfcs140d:nolib.obj
 0001:000286d0       _IsolationAwarePrivatezltRgzbQhYRuNaQYRn@4 004296d0 f i mfcs140d:nolib.obj
 0001:00028700       _IsolationAwareQueryActCtxW@28 00429700 f i mfcs140d:nolib.obj
 0001:000287e0       _IsolationAwareUnregisterClassA@8 004297e0 f i mfcs140d:nolib.obj
 0001:000289f0       _WinbaseIsolationAwarePrivatetRgCebPnQQeRff_xReaRYQP_QYY@4 004299f0 f i mfcs140d:nolib.obj
 0001:00028a20       _WinbaseIsolationAwarePrivatetRgzlnPgpgk@0 00429a20 f i mfcs140d:nolib.obj
 0001:00028e70       ?AfxSocketInit@@YGHPAUWSAData@@@Z 00429e70 f   mfcs140d:sockexp.obj
 0001:00028ea0       @__security_check_cookie@4 00429ea0 f   msvcrtd:secchk.obj
 0001:00028ec0       ?configure_argv@__scrt_narrow_argv_policy@@SAHXZ 00429ec0 f i msvcrtd:utility.obj
 0001:00028f90       ?initialize_environment@__scrt_narrow_environment_policy@@SAHXZ 00429f90 f i msvcrtd:utility.obj
 0001:00029030       _NtCurrentTeb              0042a030 f i msvcrtd:utility.obj
 0001:00029040       ___scrt_acquire_startup_lock 0042a040 f   msvcrtd:utility.obj
 0001:000290a0       ___scrt_dllmain_after_initialize_c 0042a0a0 f   msvcrtd:utility.obj
 0001:000290e0       ___scrt_dllmain_before_initialize_c 0042a0e0 f   msvcrtd:utility.obj
 0001:00029110       ___scrt_dllmain_crt_thread_attach 0042a110 f   msvcrtd:utility.obj
 0001:00029150       ___scrt_dllmain_crt_thread_detach 0042a150 f   msvcrtd:utility.obj
 0001:00029170       ___scrt_dllmain_exception_filter 0042a170 f   msvcrtd:utility.obj
 0001:000291d0       ___scrt_dllmain_uninitialize_c 0042a1d0 f   msvcrtd:utility.obj
 0001:00029210       ___scrt_dllmain_uninitialize_critical 0042a210 f   msvcrtd:utility.obj
 0001:00029230       ___scrt_initialize_crt     0042a230 f   msvcrtd:utility.obj
 0001:00029290       ___scrt_initialize_onexit_tables 0042a290 f   msvcrtd:utility.obj
 0001:000293a0       ___scrt_is_nonwritable_in_current_image 0042a3a0 f   msvcrtd:utility.obj
 0001:00029520       ___scrt_release_startup_lock 0042a520 f   msvcrtd:utility.obj
 0001:00029550       ___scrt_uninitialize_crt   0042a550 f   msvcrtd:utility.obj
 0001:000295a0       __onexit                   0042a5a0 f   msvcrtd:utility.obj
 0001:00029620       _at_quick_exit             0042a620 f   msvcrtd:utility.obj
 0001:00029670       _atexit                    0042a670 f   msvcrtd:utility.obj
 0001:000296b0       ??1type_info@@UAE@XZ       0042a6b0 f   msvcrtd:std_type_info_static.obj
 0001:000296d0       ??_Gtype_info@@UAEPAXI@Z   0042a6d0 f i msvcrtd:std_type_info_static.obj
 0001:000296d0       ??_Etype_info@@UAEPAXI@Z   0042a6d0 f i msvcrtd:std_type_info_static.obj
 0001:00029710       ??3@YAXPAXI@Z              0042a710 f   msvcrtd:delete_scalar_size.obj
 0001:00029880       __Init_thread_abort        0042a880 f   msvcrtd:thread_safe_statics.obj
 0001:000298b0       __Init_thread_footer       0042a8b0 f   msvcrtd:thread_safe_statics.obj
 0001:00029910       __Init_thread_header       0042a910 f   msvcrtd:thread_safe_statics.obj
 0001:000299a0       __Init_thread_lock         0042a9a0 f   msvcrtd:thread_safe_statics.obj
 0001:000299c0       __Init_thread_notify       0042a9c0 f   msvcrtd:thread_safe_statics.obj
 0001:00029a20       __Init_thread_unlock       0042aa20 f   msvcrtd:thread_safe_statics.obj
 0001:00029a40       __Init_thread_wait         0042aa40 f   msvcrtd:thread_safe_statics.obj
 0001:00029af0       ___raise_securityfailure   0042aaf0 f   msvcrtd:gs_report.obj
 0001:00029b30       ___report_gsfailure        0042ab30 f   msvcrtd:gs_report.obj
 0001:00029c80       ___report_rangecheckfailure 0042ac80 f   msvcrtd:gs_report.obj
 0001:00029c90       ___report_securityfailure  0042ac90 f   msvcrtd:gs_report.obj
 0001:00029da0       ___report_securityfailureEx 0042ada0 f   msvcrtd:gs_report.obj
 0001:0002a320       ?set_app_type@__scrt_winmain_policy@@SAXXZ 0042b320 f i msvcrtd:exe_winmain.obj
 0001:0002a340       ?set_commode@__scrt_file_policy@@SAXXZ 0042b340 f i msvcrtd:exe_winmain.obj
 0001:0002a360       ?set_fmode@__scrt_file_policy@@SAXXZ 0042b360 f i msvcrtd:exe_winmain.obj
 0001:0002a380       _WinMainCRTStartup         0042b380 f   msvcrtd:exe_winmain.obj
 0001:0002a390       ??_M@YGXPAXIHP6EX0@Z@Z     0042b390 f   msvcrtd:ehvecdtr.obj
 0001:0002a3c0       ??_M@YGXPAXIIP6EX0@Z@Z     0042b3c0 f   msvcrtd:ehvecdtr.obj
 0001:0002a520       ?__ArrayUnwind@@YGXPAXIIP6EX0@Z@Z 0042b520 f   msvcrtd:ehvecdtr.obj
 0001:0002a600       ??_V@YAXPAXI@Z             0042b600 f   msvcrtd:delete_array_size.obj
 0001:0002a620       @_RTC_AllocaHelper@12      0042b620 f   msvcrtd:stack.obj
 0001:0002a660       @_RTC_CheckStackVars2@12   0042b660 f   msvcrtd:stack.obj
 0001:0002a770       @_RTC_CheckStackVars@8     0042b770 f   msvcrtd:stack.obj
 0001:0002a7e0       __RTC_CheckEsp             0042b7e0 f   msvcrtd:stack.obj
 0001:0002a820       __CRT_RTC_INIT             0042b820 f   msvcrtd:init.obj
 0001:0002a830       __CRT_RTC_INITW            0042b830 f   msvcrtd:init.obj
 0001:0002a840       __RTC_InitBase             0042b840 f   msvcrtd:init.obj
 0001:0002a880       __RTC_Shutdown             0042b880 f   msvcrtd:init.obj
 0001:0002a8a0       __except_handler4          0042b8a0 f   msvcrtd:chandler4gs.obj
 0001:0002a8f0       @_guard_check_icall_nop@4  0042b8f0 f i msvcrtd:guard_support.obj
 0001:0002a900       _ReadNoFence               0042b900 f i msvcrtd:guard_support.obj
 0001:0002a920       _ReadPointerNoFence        0042b920 f i msvcrtd:guard_support.obj
 0001:0002a940       __guard_icall_checks_enforced 0042b940 f i msvcrtd:guard_support.obj
 0001:0002a980       ___isa_available_init      0042b980 f   msvcrtd:cpu_disp.obj
 0001:0002ad80       __get_startup_argv_mode    0042bd80 f   msvcrtd:argv_mode.obj
 0001:0002ad90       ___scrt_is_ucrt_dll_in_use 0042bd90 f   msvcrtd:ucrt_detection.obj
 0001:0002adc0       ___scrt_fastfail           0042bdc0 f   msvcrtd:utility_desktop.obj
 0001:0002af50       ___scrt_get_show_window_mode 0042bf50 f   msvcrtd:utility_desktop.obj
 0001:0002afa0       ___scrt_initialize_mta     0042bfa0 f   msvcrtd:utility_desktop.obj
 0001:0002afb0       ___scrt_initialize_winrt   0042bfb0 f   msvcrtd:utility_desktop.obj
 0001:0002afc0       ___scrt_is_managed_app     0042bfc0 f   msvcrtd:utility_desktop.obj
 0001:0002b070       ___scrt_set_unhandled_exception_filter 0042c070 f   msvcrtd:utility_desktop.obj
 0001:0002b090       ___scrt_stub_for_initialize_mta 0042c090 f   msvcrtd:utility_desktop.obj
 0001:0002b090       ___scrt_exe_initialize_mta 0042c090 f   msvcrtd:utility_desktop.obj
 0001:0002b0a0       ___scrt_unhandled_exception_filter@4 0042c0a0 f   msvcrtd:utility_desktop.obj
 0001:0002b140       __crt_debugger_hook        0042c140 f   msvcrtd:utility_desktop.obj
 0001:0002b1f0       ___security_init_cookie    0042c1f0 f   msvcrtd:gs_support.obj
 0001:0002b290       __matherr                  0042c290 f   msvcrtd:matherr.obj
 0001:0002b2a0       __get_startup_commit_mode  0042c2a0 f   msvcrtd:commit_mode.obj
 0001:0002b2b0       __get_startup_file_mode    0042c2b0 f   msvcrtd:file_mode.obj
 0001:0002b2c0       __get_startup_new_mode     0042c2c0 f   msvcrtd:new_mode.obj
 0001:0002b2d0       __get_startup_thread_locale_mode 0042c2d0 f   msvcrtd:thread_locale.obj
 0001:0002b2e0       ?__scrt_initialize_type_info@@YAXXZ 0042c2e0 f   msvcrtd:tncleanup.obj
 0001:0002b300       ?__scrt_uninitialize_type_info@@YAXXZ 0042c300 f   msvcrtd:tncleanup.obj
 0001:0002b320       __should_initialize_environment 0042c320 f   msvcrtd:env_mode.obj
 0001:0002b330       __initialize_default_precision 0042c330 f   msvcrtd:default_precision.obj
 0001:0002b360       __initialize_invalid_parameter_handler 0042c360 f   msvcrtd:invalid_parameter_handler.obj
 0001:0002b370       __initialize_denormal_control 0042c370 f   msvcrtd:denormal_control.obj
 0001:0002b380       ___scrt_initialize_default_local_stdio_options 0042c380 f   msvcrtd:default_local_stdio_options.obj
 0001:0002b3d0       ___scrt_is_user_matherr_present 0042c3d0 f   msvcrtd:matherr_detection.obj
 0001:0002b400       ___scrt_get_dyn_tls_init_callback 0042c400 f   msvcrtd:dyn_tls_init.obj
 0001:0002b410       ___scrt_get_dyn_tls_dtor_callback 0042c410 f   msvcrtd:dyn_tls_dtor.obj
 0001:0002b420       __RTC_Initialize           0042c420 f   msvcrtd:initsect.obj
 0001:0002b460       __RTC_Terminate            0042c460 f   msvcrtd:initsect.obj
 0001:0002b4a0       ??_V@YAXPAX@Z              0042c4a0 f   msvcrtd:delete_array.obj
 0001:0002b570       ?_RTC_AllocaFailure@@YAXPAXPAU_RTC_ALLOCA_NODE@@H@Z 0042c570 f   msvcrtd:error.obj
 0001:0002b690       ?_RTC_Failure@@YAXPAXH@Z   0042c690 f   msvcrtd:error.obj
 0001:0002b700       ?_RTC_StackFailure@@YAXPAXPBD@Z 0042c700 f   msvcrtd:error.obj
 0001:0002bbb0       __RTC_UninitUse            0042cbb0 f   msvcrtd:error.obj
 0001:0002bc90       ?_RTC_GetErrorFunc@@YAP6AHHPBDH00ZZPBX@Z 0042cc90 f   msvcrtd:userapi.obj
 0001:0002bca0       ?_RTC_GetErrorFuncW@@YAP6AHHPB_WH00ZZPBX@Z 0042cca0 f   msvcrtd:userapi.obj
 0001:0002bcb0       __RTC_GetErrDesc           0042ccb0 f   msvcrtd:userapi.obj
 0001:0002bcd0       __RTC_NumErrors            0042ccd0 f   msvcrtd:userapi.obj
 0001:0002bce0       __RTC_SetErrorFunc         0042cce0 f   msvcrtd:userapi.obj
 0001:0002bd10       __RTC_SetErrorFuncW        0042cd10 f   msvcrtd:userapi.obj
 0001:0002bd40       __RTC_SetErrorType         0042cd40 f   msvcrtd:userapi.obj
 0001:0002c300       ?_RTC_GetSrcLine@@YAHPAEPA_WKPAH1K@Z 0042d300 f   msvcrtd:pdblkup.obj
 0001:0002c760       __except_handler4_noexcept 0042d760 f   msvcrtd:chandler4_noexcept.obj
 0001:0002c7d1       _ReleaseSemaphore@12       0042d7d1 f   kernel32:KERNEL32.dll
 0001:0002c7d7       _ReleaseMutex@4            0042d7d7 f   kernel32:KERNEL32.dll
 0001:0002c7dd       _WaitForSingleObject@8     0042d7dd f   kernel32:KERNEL32.dll
 0001:0002c7e3       _CreateMutexA@12           0042d7e3 f   kernel32:KERNEL32.dll
 0001:0002c7e9       _Sleep@4                   0042d7e9 f   kernel32:KERNEL32.dll
 0001:0002c7ef       _CreateThread@24           0042d7ef f   kernel32:KERNEL32.dll
 0001:0002c7f5       _GetCurrentThread@0        0042d7f5 f   kernel32:KERNEL32.dll
 0001:0002c7fb       _SetThreadPriority@8       0042d7fb f   kernel32:KERNEL32.dll
 0001:0002c801       _CreateSemaphoreA@16       0042d801 f   kernel32:KERNEL32.dll
 0001:0002c807       _DecodePointer@4           0042d807 f   kernel32:KERNEL32.dll
 0001:0002c80d       _RaiseException@16         0042d80d f   kernel32:KERNEL32.dll
 0001:0002c813       _GetLastError@0            0042d813 f   kernel32:KERNEL32.dll
 0001:0002c819       _SetLastError@4            0042d819 f   kernel32:KERNEL32.dll
 0001:0002c81f       _HeapDestroy@4             0042d81f f   kernel32:KERNEL32.dll
 0001:0002c825       _HeapAlloc@12              0042d825 f   kernel32:KERNEL32.dll
 0001:0002c82b       _HeapReAlloc@16            0042d82b f   kernel32:KERNEL32.dll
 0001:0002c831       _HeapFree@12               0042d831 f   kernel32:KERNEL32.dll
 0001:0002c837       _HeapSize@12               0042d837 f   kernel32:KERNEL32.dll
 0001:0002c83d       _GetProcessHeap@0          0042d83d f   kernel32:KERNEL32.dll
 0001:0002c843       _InitializeCriticalSectionEx@12 0042d843 f   kernel32:KERNEL32.dll
 0001:0002c849       _DeleteCriticalSection@4   0042d849 f   kernel32:KERNEL32.dll
 0001:0002c84f       _GetThreadPriority@4       0042d84f f   kernel32:KERNEL32.dll
 0001:0002c855       _MultiByteToWideChar@24    0042d855 f   kernel32:KERNEL32.dll
 0001:0002c85b       _InitializeCriticalSection@4 0042d85b f   kernel32:KERNEL32.dll
 0001:0002c861       _EnterCriticalSection@4    0042d861 f   kernel32:KERNEL32.dll
 0001:0002c867       _LeaveCriticalSection@4    0042d867 f   kernel32:KERNEL32.dll
 0001:0002c86d       _CreateFileA@28            0042d86d f   kernel32:KERNEL32.dll
 0001:0002c873       _ReadFile@20               0042d873 f   kernel32:KERNEL32.dll
 0001:0002c879       _WriteFile@20              0042d879 f   kernel32:KERNEL32.dll
 0001:0002c87f       _CloseHandle@4             0042d87f f   kernel32:KERNEL32.dll
 0001:0002c885       _SetupComm@12              0042d885 f   kernel32:KERNEL32.dll
 0001:0002c88b       _PurgeComm@8               0042d88b f   kernel32:KERNEL32.dll
 0001:0002c891       _SetCommMask@8             0042d891 f   kernel32:KERNEL32.dll
 0001:0002c897       _SetCommState@8            0042d897 f   kernel32:KERNEL32.dll
 0001:0002c89d       _SetCommTimeouts@8         0042d89d f   kernel32:KERNEL32.dll
 0001:0002c8a3       _OutputDebugStringA@4      0042d8a3 f   kernel32:KERNEL32.dll
 0001:0002c8a9       _InitializeCriticalSectionAndSpinCount@8 0042d8a9 f   kernel32:KERNEL32.dll
 0001:0002c8af       _GetModuleFileNameW@12     0042d8af f   kernel32:KERNEL32.dll
 0001:0002c8b5       _GetModuleHandleA@4        0042d8b5 f   kernel32:KERNEL32.dll
 0001:0002c8bb       _GetModuleHandleW@4        0042d8bb f   kernel32:KERNEL32.dll
 0001:0002c8c1       _GetProcAddress@8          0042d8c1 f   kernel32:KERNEL32.dll
 0001:0002c8c7       _LoadLibraryW@4            0042d8c7 f   kernel32:KERNEL32.dll
 0001:0002c8cd       _SetEvent@4                0042d8cd f   kernel32:KERNEL32.dll
 0001:0002c8d3       _ResetEvent@4              0042d8d3 f   kernel32:KERNEL32.dll
 0001:0002c8d9       _WaitForSingleObjectEx@12  0042d8d9 f   kernel32:KERNEL32.dll
 0001:0002c8df       _CreateEventW@16           0042d8df f   kernel32:KERNEL32.dll
 0001:0002c8e5       _UnhandledExceptionFilter@4 0042d8e5 f   kernel32:KERNEL32.dll
 0001:0002c8eb       _SetUnhandledExceptionFilter@4 0042d8eb f   kernel32:KERNEL32.dll
 0001:0002c8f1       _GetCurrentProcess@0       0042d8f1 f   kernel32:KERNEL32.dll
 0001:0002c8f7       _TerminateProcess@8        0042d8f7 f   kernel32:KERNEL32.dll
 0001:0002c8fd       _IsProcessorFeaturePresent@4 0042d8fd f   kernel32:KERNEL32.dll
 0001:0002c903       _IsDebuggerPresent@0       0042d903 f   kernel32:KERNEL32.dll
 0001:0002c909       _GetStartupInfoW@4         0042d909 f   kernel32:KERNEL32.dll
 0001:0002c90f       _QueryPerformanceCounter@4 0042d90f f   kernel32:KERNEL32.dll
 0001:0002c915       _GetCurrentProcessId@0     0042d915 f   kernel32:KERNEL32.dll
 0001:0002c91b       _GetCurrentThreadId@0      0042d91b f   kernel32:KERNEL32.dll
 0001:0002c921       _GetSystemTimeAsFileTime@4 0042d921 f   kernel32:KERNEL32.dll
 0001:0002c927       _InitializeSListHead@4     0042d927 f   kernel32:KERNEL32.dll
 0001:0002c92d       _WideCharToMultiByte@32    0042d92d f   kernel32:KERNEL32.dll
 0001:0002c933       _VirtualQuery@12           0042d933 f   kernel32:KERNEL32.dll
 0001:0002c939       _FreeLibrary@4             0042d939 f   kernel32:KERNEL32.dll
 0001:0002c93f       _PostMessageA@16           0042d93f f   user32:USER32.dll
 0001:0002c945       _UnregisterClassA@8        0042d945 f   user32:USER32.dll
 0001:0002c94b       _MessageBoxA@16            0042d94b f   user32:USER32.dll
 0001:0002c951       ??$?2PAUHINSTANCE__@@@Wrapper@?$CSimpleArray@PAUHINSTANCE__@@V?$CSimpleArrayEqualHelper@PAUHINSTANCE__@@@ATL@@@ATL@@SAPAXIPAPAUHINSTANCE__@@@Z 0042d951 f i atls:atlbase.obj
 0001:0002c95b       ??0?$CComCritSecLock@VCComCriticalSection@ATL@@@ATL@@QAE@AAVCComCriticalSection@1@_N@Z 0042d95b f i atls:atlbase.obj
 0001:0002c98b       ??0?$CSimpleArray@PAUHINSTANCE__@@V?$CSimpleArrayEqualHelper@PAUHINSTANCE__@@@ATL@@@ATL@@QAE@XZ 0042d98b f i atls:atlbase.obj
 0001:0002c99b       ??0CAtlBaseModule@ATL@@QAE@XZ 0042d99b f   atls:atlbase.obj
 0001:0002ca02       ??0Wrapper@?$CSimpleArray@PAUHINSTANCE__@@V?$CSimpleArrayEqualHelper@PAUHINSTANCE__@@@ATL@@@ATL@@QAE@ABQAUHINSTANCE__@@@Z 0042da02 f i atls:atlbase.obj
 0001:0002ca16       ??0_ATL_BASE_MODULE70@ATL@@QAE@XZ 0042da16 f i atls:atlbase.obj
 0001:0002ca41       ??1?$CComCritSecLock@VCComCriticalSection@ATL@@@ATL@@QAE@XZ 0042da41 f i atls:atlbase.obj
 0001:0002ca5d       ??1?$CSimpleArray@PAUHINSTANCE__@@V?$CSimpleArrayEqualHelper@PAUHINSTANCE__@@@ATL@@@ATL@@QAE@XZ 0042da5d f i atls:atlbase.obj
 0001:0002ca62       ??1CAtlBaseModule@ATL@@QAE@XZ 0042da62 f   atls:atlbase.obj
 0001:0002ca7d       ??1_ATL_BASE_MODULE70@ATL@@QAE@XZ 0042da7d f i atls:atlbase.obj
 0001:0002ca87       ??A?$CSimpleArray@PAUHINSTANCE__@@V?$CSimpleArrayEqualHelper@PAUHINSTANCE__@@@ATL@@@ATL@@QAEAAPAUHINSTANCE__@@H@Z 0042da87 f i atls:atlbase.obj
 0001:0002cab5       ?Add@?$CSimpleArray@PAUHINSTANCE__@@V?$CSimpleArrayEqualHelper@PAUHINSTANCE__@@@ATL@@@ATL@@QAEHABQAUHINSTANCE__@@@Z 0042dab5 f i atls:atlbase.obj
 0001:0002cb57       ?AddResourceInstance@CAtlBaseModule@ATL@@QAE_NPAUHINSTANCE__@@@Z 0042db57 f   atls:atlbase.obj
 0001:0002cb96       ?AtlCrtErrorCheck@ATL@@YAHH@Z 0042db96 f i atls:atlbase.obj
 0001:0002cbdf       ?AtlThrowImpl@ATL@@YGXJ@Z  0042dbdf f i atls:atlbase.obj
 0001:0002cc08       ?GetHInstanceAt@CAtlBaseModule@ATL@@QAEPAUHINSTANCE__@@H@Z 0042dc08 f   atls:atlbase.obj
 0001:0002cc5e       ?GetSize@?$CSimpleArray@PAUHINSTANCE__@@V?$CSimpleArrayEqualHelper@PAUHINSTANCE__@@@ATL@@@ATL@@QBEHXZ 0042dc5e f i atls:atlbase.obj
 0001:0002cc62       ?InternalSetAtIndex@?$CSimpleArray@PAUHINSTANCE__@@V?$CSimpleArrayEqualHelper@PAUHINSTANCE__@@@ATL@@@ATL@@QAEXHABQAUHINSTANCE__@@@Z 0042dc62 f i atls:atlbase.obj
 0001:0002cc82       ?Lock@?$CComCritSecLock@VCComCriticalSection@ATL@@@ATL@@QAEJXZ 0042dc82 f i atls:atlbase.obj
 0001:0002cc99       ?Lock@CComCriticalSection@ATL@@QAEJXZ 0042dc99 f i atls:atlbase.obj
 0001:0002cca5       ?RemoveAll@?$CSimpleArray@PAUHINSTANCE__@@V?$CSimpleArrayEqualHelper@PAUHINSTANCE__@@@ATL@@@ATL@@QAEXXZ 0042dca5 f i atls:atlbase.obj
 0001:0002ccc9       ?RemoveAt@?$CSimpleArray@PAUHINSTANCE__@@V?$CSimpleArrayEqualHelper@PAUHINSTANCE__@@@ATL@@@ATL@@QAEHH@Z 0042dcc9 f i atls:atlbase.obj
 0001:0002cd2a       ?RemoveResourceInstance@CAtlBaseModule@ATL@@QAE_NPAUHINSTANCE__@@@Z 0042dd2a f   atls:atlbase.obj
 0001:0002cd9e       ?Unlock@?$CComCritSecLock@VCComCriticalSection@ATL@@@ATL@@QAEXXZ 0042dd9e f i atls:atlbase.obj
 0001:0002cdb3       ?Unlock@CComCriticalSection@ATL@@QAEJXZ 0042ddb3 f i atls:atlbase.obj
 0001:0002cdbf       ?memmove_s@Checked@ATL@@YAXPAXIPBXI@Z 0042ddbf f i atls:atlbase.obj
 0001:0002ce83       ??0?$CTraceCategoryEx@$00$0A@@ATL@@QAE@PB_W@Z 0042de83 f i atls:stdafx.obj
 0001:0002ce88       ??0?$CTraceCategoryEx@$01$0A@@ATL@@QAE@PB_W@Z 0042de88 f i atls:stdafx.obj
 0001:0002ce8d       ??0?$CTraceCategoryEx@$03$0A@@ATL@@QAE@PB_W@Z 0042de8d f i atls:stdafx.obj
 0001:0002ce92       ??0?$CTraceCategoryEx@$07$0A@@ATL@@QAE@PB_W@Z 0042de92 f i atls:stdafx.obj
 0001:0002ce97       ??0?$CTraceCategoryEx@$0BA@$0A@@ATL@@QAE@PB_W@Z 0042de97 f i atls:stdafx.obj
 0001:0002ce9c       ??0?$CTraceCategoryEx@$0BAA@$0A@@ATL@@QAE@PB_W@Z 0042de9c f i atls:stdafx.obj
 0001:0002cea1       ??0?$CTraceCategoryEx@$0BAAA@$0A@@ATL@@QAE@PB_W@Z 0042dea1 f i atls:stdafx.obj
 0001:0002cea6       ??0?$CTraceCategoryEx@$0BAAAA@$0A@@ATL@@QAE@PB_W@Z 0042dea6 f i atls:stdafx.obj
 0001:0002ceab       ??0?$CTraceCategoryEx@$0BAAAAA@$0A@@ATL@@QAE@PB_W@Z 0042deab f i atls:stdafx.obj
 0001:0002ceb0       ??0?$CTraceCategoryEx@$0CA@$0A@@ATL@@QAE@PB_W@Z 0042deb0 f i atls:stdafx.obj
 0001:0002ceb5       ??0?$CTraceCategoryEx@$0CAA@$0A@@ATL@@QAE@PB_W@Z 0042deb5 f i atls:stdafx.obj
 0001:0002ceba       ??0?$CTraceCategoryEx@$0CAAA@$0A@@ATL@@QAE@PB_W@Z 0042deba f i atls:stdafx.obj
 0001:0002cebf       ??0?$CTraceCategoryEx@$0CAAAA@$0A@@ATL@@QAE@PB_W@Z 0042debf f i atls:stdafx.obj
 0001:0002cec4       ??0?$CTraceCategoryEx@$0CAAAAA@$0A@@ATL@@QAE@PB_W@Z 0042dec4 f i atls:stdafx.obj
 0001:0002cec9       ??0?$CTraceCategoryEx@$0EA@$0A@@ATL@@QAE@PB_W@Z 0042dec9 f i atls:stdafx.obj
 0001:0002cece       ??0?$CTraceCategoryEx@$0EAA@$0A@@ATL@@QAE@PB_W@Z 0042dece f i atls:stdafx.obj
 0001:0002ced3       ??0?$CTraceCategoryEx@$0EAAA@$0A@@ATL@@QAE@PB_W@Z 0042ded3 f i atls:stdafx.obj
 0001:0002ced8       ??0?$CTraceCategoryEx@$0EAAAA@$0A@@ATL@@QAE@PB_W@Z 0042ded8 f i atls:stdafx.obj
 0001:0002cedd       ??0?$CTraceCategoryEx@$0EAAAAA@$0A@@ATL@@QAE@PB_W@Z 0042dedd f i atls:stdafx.obj
 0001:0002cee2       ??0?$CTraceCategoryEx@$0IA@$0A@@ATL@@QAE@PB_W@Z 0042dee2 f i atls:stdafx.obj
 0001:0002cee7       ??0?$CTraceCategoryEx@$0IAA@$0A@@ATL@@QAE@PB_W@Z 0042dee7 f i atls:stdafx.obj
 0001:0002ceec       ??0?$CTraceCategoryEx@$0IAAA@$0A@@ATL@@QAE@PB_W@Z 0042deec f i atls:stdafx.obj
 0001:0002cef1       ??0?$CTraceCategoryEx@$0IAAAA@$0A@@ATL@@QAE@PB_W@Z 0042def1 f i atls:stdafx.obj
 0001:0002cef6       ??_I@YGXPAXIIP6EX0@Z@Z     0042def6 f i atls:stdafx.obj
 0001:0002cf35       _SysFreeString@4           0042df35 f   oleaut32:OLEAUT32.dll
 0001:0002cf3b       _WSACleanup@0              0042df3b f   ws2_32:WS2_32.dll
 0001:0002cf41       _WSAGetLastError@0         0042df41 f   ws2_32:WS2_32.dll
 0001:0002cf47       _bind@12                   0042df47 f   ws2_32:WS2_32.dll
 0001:0002cf4d       _closesocket@4             0042df4d f   ws2_32:WS2_32.dll
 0001:0002cf53       _ioctlsocket@12            0042df53 f   ws2_32:WS2_32.dll
 0001:0002cf59       _htonl@4                   0042df59 f   ws2_32:WS2_32.dll
 0001:0002cf5f       _htons@4                   0042df5f f   ws2_32:WS2_32.dll
 0001:0002cf65       _inet_addr@4               0042df65 f   ws2_32:WS2_32.dll
 0001:0002cf6b       _recvfrom@24               0042df6b f   ws2_32:WS2_32.dll
 0001:0002cf71       _select@20                 0042df71 f   ws2_32:WS2_32.dll
 0001:0002cf77       _sendto@24                 0042df77 f   ws2_32:WS2_32.dll
 0001:0002cf7d       _setsockopt@20             0042df7d f   ws2_32:WS2_32.dll
 0001:0002cf83       _socket@12                 0042df83 f   ws2_32:WS2_32.dll
 0001:0002cf89       _WSAStartup@8              0042df89 f   ws2_32:WS2_32.dll
 0001:0002cf8f       _accept@12                 0042df8f f   ws2_32:WS2_32.dll
 0001:0002cf95       _connect@12                0042df95 f   ws2_32:WS2_32.dll
 0001:0002cf9b       _listen@8                  0042df9b f   ws2_32:WS2_32.dll
 0001:0002cfa1       _recv@16                   0042dfa1 f   ws2_32:WS2_32.dll
 0001:0002cfa7       _send@16                   0042dfa7 f   ws2_32:WS2_32.dll
 0001:0002cfad       _gethostbyname@4           0042dfad f   ws2_32:WS2_32.dll
 0001:0002cfb3       _ntohs@4                   0042dfb3 f   ws2_32:WS2_32.dll
 0001:0002cfb9       _memcpy                    0042dfb9 f   vcruntimed:VCRUNTIME140D.dll
 0001:0002cfbf       _memset                    0042dfbf f   vcruntimed:VCRUNTIME140D.dll
 0001:0002cfc5       ___CxxFrameHandler3        0042dfc5 f   vcruntimed:VCRUNTIME140D.dll
 0001:0002cfcb       _strrchr                   0042dfcb f   vcruntimed:VCRUNTIME140D.dll
 0001:0002cfd1       _memcmp                    0042dfd1 f   vcruntimed:VCRUNTIME140D.dll
 0001:0002cfd7       _strstr                    0042dfd7 f   vcruntimed:VCRUNTIME140D.dll
 0001:0002cfdd       ___current_exception       0042dfdd f   vcruntimed:VCRUNTIME140D.dll
 0001:0002cfe3       ___current_exception_context 0042dfe3 f   vcruntimed:VCRUNTIME140D.dll
 0001:0002cfe9       __except_handler4_common   0042dfe9 f   vcruntimed:VCRUNTIME140D.dll
[...]
 0002:00006a7c       $SG261533                  00438a7c     Ioascii.obj
 0002:00006a84       $SG261534                  00438a84     Ioascii.obj
 0002:00006a90       $SG261535                  00438a90     Ioascii.obj
 0002:00006a98       $SG261536                  00438a98     Ioascii.obj
 0002:00006aa0       $SG261537                  00438aa0     Ioascii.obj
 0002:00006aac       $SG261538                  00438aac     Ioascii.obj
 0002:00006ab8       $SG261539                  00438ab8     Ioascii.obj
 0002:00006ac0       $SG261556                  00438ac0     Ioascii.obj
 0002:00006ad0       $SG261566                  00438ad0     Ioascii.obj
 0002:00006ad8       $SG261571                  00438ad8     Ioascii.obj
 0002:00006ae0       $SG261572                  00438ae0     Ioascii.obj
 0002:00006ae8       $SG261573                  00438ae8     Ioascii.obj
 0002:00006af0       $SG261574                  00438af0     Ioascii.obj
 0002:00006afc       $SG261575                  00438afc     Ioascii.obj
 0002:00006b08       $SG261576                  00438b08     Ioascii.obj
 0002:00006b14       $SG261577                  00438b14     Ioascii.obj
 0002:00006b20       $SG261578                  00438b20     Ioascii.obj
 0002:00006b2c       $SG261579                  00438b2c     Ioascii.obj
 0002:00006b38       $SG261580                  00438b38     Ioascii.obj
 0002:00006b44       $SG261582                  00438b44     Ioascii.obj
 0002:00006b48       $SG261583                  00438b48     Ioascii.obj
 0002:00006b4c       $SG261584                  00438b4c     Ioascii.obj
 0002:00006b50       $SG261585                  00438b50     Ioascii.obj
 0002:00006b54       $SG261586                  00438b54     Ioascii.obj
 0002:00006b5c       $SG261587                  00438b5c     Ioascii.obj
 0002:00006b64       $SG261588                  00438b64     Ioascii.obj
 0002:00006b6c       $SG261589                  00438b6c     Ioascii.obj
 0002:00006b74       $SG261591                  00438b74     Ioascii.obj
 0002:00006b7c       $SG261592                  00438b7c     Ioascii.obj
 0002:00006b80       $SG261593                  00438b80     Ioascii.obj
 0002:00006b88       $SG261595                  00438b88     Ioascii.obj
 0002:00006b90       $SG261596                  00438b90     Ioascii.obj
 0002:00006b98       $SG261598                  00438b98     Ioascii.obj
 0002:00006b9c       $SG261599                  00438b9c     Ioascii.obj
 0002:00006ba0       $SG261600                  00438ba0     Ioascii.obj
 0002:00006ba4       $SG261625                  00438ba4     Ioascii.obj
 0002:00006bb0       $SG261626                  00438bb0     Ioascii.obj
 0002:00006bb8       $SG261627                  00438bb8     Ioascii.obj
 0002:00006bc0       $SG261628                  00438bc0     Ioascii.obj
 0002:00006bc8       $SG261629                  00438bc8     Ioascii.obj
 0002:00006bd0       $SG261630                  00438bd0     Ioascii.obj
 0002:00006bdc       $SG261631                  00438bdc     Ioascii.obj
 0002:00006be4       $SG261632                  00438be4     Ioascii.obj
 0002:00006bf0       $SG261633                  00438bf0     Ioascii.obj
 0002:00006bf8       $SG261634                  00438bf8     Ioascii.obj
 0002:00006c00       $SG261635                  00438c00     Ioascii.obj
 0002:00006c08       $SG261636                  00438c08     Ioascii.obj
 0002:00006c10       $SG261695                  00438c10     Ioascii.obj
 0002:00006c18       $SG261696                  00438c18     Ioascii.obj
 0002:00006c20       $SG261697                  00438c20     Ioascii.obj
 0002:00006c2c       $SG261698                  00438c2c     Ioascii.obj
 0002:00006c34       $SG261699                  00438c34     Ioascii.obj
 0002:00006c3c       $SG261700                  00438c3c     Ioascii.obj
 0002:00006c44       $SG261701                  00438c44     Ioascii.obj
 0002:00006c4c       $SG261702                  00438c4c     Ioascii.obj
 0002:00006c54       $SG261703                  00438c54     Ioascii.obj
 0002:00006c5c       $SG261704                  00438c5c     Ioascii.obj
 0002:00006c64       $SG261705                  00438c64     Ioascii.obj
 0002:00006c6c       $SG261706                  00438c6c     Ioascii.obj
 0002:00006c78       $SG261707                  00438c78     Ioascii.obj
 0002:00006c84       $SG261708                  00438c84     Ioascii.obj
 0002:00006c8c       $SG261774                  00438c8c     Ioascii.obj
 0002:00006c94       $SG261775                  00438c94     Ioascii.obj
 0002:00006ca0       $SG261776                  00438ca0     Ioascii.obj
 0002:00006cac       $SG261777                  00438cac     Ioascii.obj
 0002:00006cb8       $SG261778                  00438cb8     Ioascii.obj
 0002:00006cc4       $SG261779                  00438cc4     Ioascii.obj
 0002:00006ccc       $SG261780                  00438ccc     Ioascii.obj
 0002:00006cd8       $SG261781                  00438cd8     Ioascii.obj
 0002:00006ce4       $SG261782                  00438ce4     Ioascii.obj
 0002:00006cec       $SG261783                  00438cec     Ioascii.obj
 0002:00006cf8       $SG261784                  00438cf8     Ioascii.obj
 0002:00006d04       $SG261785                  00438d04     Ioascii.obj
 0002:00006d10       $SG261786                  00438d10     Ioascii.obj
 0002:00006d1c       $SG261787                  00438d1c     Ioascii.obj
 0002:00006d24       $SG261788                  00438d24     Ioascii.obj
 0002:00006d28       $SG261789                  00438d28     Ioascii.obj
 0002:00006d30       $SG261790                  00438d30     Ioascii.obj
 0002:00006d38       $SG261791                  00438d38     Ioascii.obj
 0002:00006d40       $SG261864                  00438d40     Ioascii.obj
 0002:00006d48       $SG261865                  00438d48     Ioascii.obj
 0002:00006d54       $SG261866                  00438d54     Ioascii.obj
 0002:00006d60       $SG261867                  00438d60     Ioascii.obj
 0002:00006d6c       $SG261868                  00438d6c     Ioascii.obj
 0002:00006d78       $SG261869                  00438d78     Ioascii.obj
 0002:00006d88       $SG261870                  00438d88     Ioascii.obj
 0002:00006d98       $SG261871                  00438d98     Ioascii.obj
 0002:00006da0       $SG261872                  00438da0     Ioascii.obj
 0002:00006dac       $SG261873                  00438dac     Ioascii.obj
 0002:00006db4       $SG261874                  00438db4     Ioascii.obj
 0002:00006dc0       $SG261875                  00438dc0     Ioascii.obj
 0002:00006dcc       $SG261876                  00438dcc     Ioascii.obj
 0002:00006dd8       $SG261877                  00438dd8     Ioascii.obj
 0002:00006de4       $SG261878                  00438de4     Ioascii.obj
 0002:00006dec       $SG261879                  00438dec     Ioascii.obj
 0002:00006df0       $SG261880                  00438df0     Ioascii.obj
 0002:00006df8       $SG261881                  00438df8     Ioascii.obj
 0002:00006e00       $SG261882                  00438e00     Ioascii.obj
 0002:00006e08       $SG261954                  00438e08     Ioascii.obj
 0002:00006e10       $SG261955                  00438e10     Ioascii.obj
 0002:00006e1c       $SG261956                  00438e1c     Ioascii.obj
 0002:00006e28       $SG261957                  00438e28     Ioascii.obj
 0002:00006e34       $SG261958                  00438e34     Ioascii.obj
 0002:00006e40       $SG261959                  00438e40     Ioascii.obj
 0002:00006e4c       $SG261960                  00438e4c     Ioascii.obj
 0002:00006e58       $SG261961                  00438e58     Ioascii.obj
 0002:00006e64       $SG261962                  00438e64     Ioascii.obj
 0002:00006e6c       $SG261963                  00438e6c     Ioascii.obj
 0002:00006e70       $SG261964                  00438e70     Ioascii.obj
 0002:00006e78       $SG261965                  00438e78     Ioascii.obj
 0002:00006e80       $SG261966                  00438e80     Ioascii.obj
 0002:00006e88       $SG262031                  00438e88     Ioascii.obj
 0002:00006e90       $SG262032                  00438e90     Ioascii.obj
 0002:00006e9c       $SG262033                  00438e9c     Ioascii.obj
 0002:00006ea4       $SG262034                  00438ea4     Ioascii.obj
 0002:00006eb0       $SG262035                  00438eb0     Ioascii.obj
 0002:00006eb8       $SG262036                  00438eb8     Ioascii.obj
 0002:00006ec4       $SG262037                  00438ec4     Ioascii.obj
 0002:00006ec8       $SG262038                  00438ec8     Ioascii.obj
 0002:00006ed0       $SG262039                  00438ed0     Ioascii.obj
 0002:00006ed8       $SG262040                  00438ed8     Ioascii.obj
 0002:00006ee0       $SG262111                  00438ee0     Ioascii.obj
 0002:00006ee8       $SG262112                  00438ee8     Ioascii.obj
 0002:00006ef0       $SG262113                  00438ef0     Ioascii.obj
 0002:00006ef8       $SG262114                  00438ef8     Ioascii.obj
 0002:00006f04       $SG262115                  00438f04     Ioascii.obj
 0002:00006f0c       $SG262116                  00438f0c     Ioascii.obj
 0002:00006f14       $SG262117                  00438f14     Ioascii.obj
 0002:00006f20       $SG262118                  00438f20     Ioascii.obj
 0002:00006f2c       $SG262119                  00438f2c     Ioascii.obj
 0002:00006f30       $SG262120                  00438f30     Ioascii.obj
 0002:00006f38       $SG262121                  00438f38     Ioascii.obj
 0002:00006f40       $SG262122                  00438f40     Ioascii.obj
 0002:0000a534       _GS_ExceptionPointers      0043c534     msvcrtd:gs_report.obj
 0002:0000a540       ?_RTC_ErrorMessages@@3QBQBDB 0043c540     msvcrtd:error.obj
 0002:0000a558       ?_RTC_NoFalsePositives@@3QBHB 0043c558     msvcrtd:error.obj
 0002:0000a570       ?stack_premsg@@3QBDB       0043c570     msvcrtd:error.obj
 0002:0000a58c       ?stack_postmsg@@3QBDB      0043c58c     msvcrtd:error.obj
 0002:0000a5a0       ?uninit_premsg@@3QBDB      0043c5a0     msvcrtd:error.obj
 0002:0000a5b0       ?uninit_postmsg@@3QBDB     0043c5b0     msvcrtd:error.obj
 0002:0000ac00       ?_RTC_errlist@@3QBQBDB     0043cc00     msvcrtd:userapi.obj
 0002:0000ace4       ?mspdbName@@3QB_WB         0043cce4     msvcrtd:pdblkup.obj
 0002:0000ad08       ?debugCrtFileName@@3QB_WB  0043cd08     msvcrtd:pdblkup.obj
 0002:0000ae98       ?dllExt@?1??GetPdbDllPathFromFilePath@@YAHPB_WPA_WI@Z@4QB_WB 0043ce98     msvcrtd:pdblkup.obj
 0002:0000aea4       ?mspdbFilename@?1??GetPdbDllPathFromFilePath@@YAHPB_WPA_WI@Z@4QB_WB 0043cea4     msvcrtd:pdblkup.obj
 0002:0000c2ac       __RTC_InitBase.rtc$IMZ     0043e2ac     mfcs140d:nolib.obj
 0002:0000c2b0       __RTC_InitBase.rtc$IMZ     0043e2b0     mfcs140d:stdafx.obj
 0002:0000c2b4       __RTC_InitBase.rtc$IMZ     0043e2b4     mfcs140d:sockexp.obj
 0002:0000c2b8       __RTC_InitBase.rtc$IMZ     0043e2b8     mfcs140d:appmodul.obj
 0002:0000c5c8       __RTC_Shutdown.rtc$TMZ     0043e5c8     mfcs140d:nolib.obj
 0002:0000c5cc       __RTC_Shutdown.rtc$TMZ     0043e5cc     mfcs140d:stdafx.obj
 0002:0000c5d0       __RTC_Shutdown.rtc$TMZ     0043e5d0     mfcs140d:sockexp.obj
 0002:0000c5d4       __RTC_Shutdown.rtc$TMZ     0043e5d4     mfcs140d:appmodul.obj
 0002:0000c7e0       __unwindtable$?initAUB@@YAHXZ 0043e7e0     dAUB.obj
 0002:0000c7e8       __ehfuncinfo$?initAUB@@YAHXZ 0043e7e8     dAUB.obj
 0002:0000c810       __unwindtable$?InitInstance@CDemoAUBApp@@UAEHXZ 0043e810     DemoAUB.obj
 0002:0000c818       __ehfuncinfo$?InitInstance@CDemoAUBApp@@UAEHXZ 0043e818     DemoAUB.obj
 0002:0000c840       __unwindtable$?OnSysCommand@CDemoAUBDlg@@IAEXIJ@Z 0043e840     DemoAUBDlg.obj
 0002:0000c848       __unwindtable$?OnInitDialog@CDemoAUBDlg@@MAEHXZ 0043e848     DemoAUBDlg.obj
 0002:0000c858       __ehfuncinfo$?OnSysCommand@CDemoAUBDlg@@IAEXIJ@Z 0043e858     DemoAUBDlg.obj
 0002:0000c87c       __ehfuncinfo$?OnInitDialog@CDemoAUBDlg@@MAEHXZ 0043e87c     DemoAUBDlg.obj
 0002:0000c8a0       __ehfuncinfo$??0CDemoAUBDlg@@QAE@PAVCWnd@@@Z 0043e8a0     DemoAUBDlg.obj
 0002:0000c8c4       __unwindtable$??0CDemoAUBDlg@@QAE@PAVCWnd@@@Z 0043e8c4     DemoAUBDlg.obj
 0002:0000c92c       __unwindtable$?TraceV@CTrace@ATL@@SAXPBDHII0PAD@Z 0043e92c     StdAfx.obj
 0002:0000c93c       __ehfuncinfo$?TraceV@CTrace@ATL@@SAXPBDHII0PAD@Z 0043e93c     StdAfx.obj
 0002:0000c968       __unwindtable$??RCTraceFileAndLineInfo@ATL@@QBAXHIPBDZZ 0043e968     StdAfx.obj
 0002:0000c970       __ehfuncinfo$??RCTraceFileAndLineInfo@ATL@@QBAXHIPBDZZ 0043e970     StdAfx.obj
 0002:0000c998       __ehfuncinfo$??1?$CSimpleArray@GV?$CSimpleArrayEqualHelper@G@ATL@@@ATL@@QAE@XZ 0043e998     StdAfx.obj
 0002:0000c9c0       __unwindtable$??0_ATL_WIN_MODULE70@ATL@@QAE@XZ 0043e9c0     StdAfx.obj
 0002:0000c9c8       __ehfuncinfo$??0_ATL_WIN_MODULE70@ATL@@QAE@XZ 0043e9c8     StdAfx.obj
 0002:0000c9f0       __ehfuncinfo$??1CAtlComModule@ATL@@QAE@XZ 0043e9f0     StdAfx.obj
 0002:0000ca18       __ehfuncinfo$??1CAtlWinModule@ATL@@QAE@XZ 0043ea18     StdAfx.obj
 0002:0000ca40       __unwindtable$?ShowCfgError@@YAXXZ 0043ea40     Ioascii.obj
 0002:0000ca48       __ehfuncinfo$?ShowCfgError@@YAXXZ 0043ea48     Ioascii.obj
 0002:0000ca70       __sehtable$_WinbaseIsolationAwarePrivatetRgzlnPgpgk@0 0043ea70     mfcs140d:nolib.obj
 0002:0000ca90       __sehtable$_IsolationAwareUnregisterClassA@8 0043ea90     mfcs140d:nolib.obj
 0002:0000cab0       __ehfuncinfo$??_Estringdispid@CComTypeInfoHolder@ATL@@QAEPAXI@Z 0043eab0     mfcs140d:nolib.obj
 0002:0000cad8       __sehtable$___scrt_is_nonwritable_in_current_image 0043ead8     msvcrtd:utility.obj
 0002:0000caf8       __sehtable$?__scrt_common_main_seh@@YAHXZ 0043eaf8     msvcrtd:exe_winmain.obj
 0002:0000cb18       __sehtable$??_M@YGXPAXIIP6EX0@Z@Z 0043eb18     msvcrtd:ehvecdtr.obj
 0002:0000cb38       __sehtable$?__ArrayUnwind@@YGXPAXIIP6EX0@Z@Z 0043eb38     msvcrtd:ehvecdtr.obj
 0002:0000cb58       __sehtable$?notify_debugger@@YAXABUtagEXCEPTION_VISUALCPP_DEBUG_INFO@@@Z 0043eb58     msvcrtd:error.obj
 0003:00000170       ?first_lap@?1??AutoProcedure@@YAXXZ@4_NA 0043f170     ApplicationSpecific.obj
 0003:000001c0       ?CRC_High@@3PAEA           0043f1c0     modbus.obj
 0003:000002c0       ?CRC_Low@@3PAEA            0043f2c0     modbus.obj
 0003:00000a50       ?dataType@@3PAPADA         0043fa50     Ioascii.obj
 0003:00000a7c       ?baudrate@@3PAPADA         0043fa7c     Ioascii.obj
 0003:00000aa0       ?parity@@3PAPADA           0043faa0     Ioascii.obj
 0003:00000ab0       ?ipside@@3PAPADA           0043fab0     Ioascii.obj
 0003:00000abc       ?port@@3PAPADA             0043fabc     Ioascii.obj
 0003:00000fe4       ?timebuf@?1??ctime2str@@YAPADXZ@4PADA 0043ffe4     AUBTime.obj
 0003:00001008       ?timebuf@?1??time2str@@YAPADJ@Z@4PADA 00440008     AUBTime.obj
 0003:0000102c       ?datebuf@?1??cdate2str@@YAPADXZ@4PADA 0044002c     AUBTime.obj
 0003:00001050       ?iobuf@@3U_iobuffer@@A     00440050     ComFun.obj
 0003:0004fd50       ?OpenComPorts_Flag@@3_NA   0048ed50     ComPort.obj
 0003:00052580       ?InitDone@@3_NA            00491580     DemoAUBDlg.obj
 0003:00052584       ?dlg@@3PAVCDemoAUBDlg@@A   00491584     DemoAUBDlg.obj
 0003:00052598       ?efh@@3PAU_iobuf@@A        00491598     Event.obj
 0003:000525a0       ?EvPath@@3PADA             004915a0     Event.obj
 0003:000526e0       ?logmsg@@3PADA             004916e0     Loger.obj
 0003:00052b98       ?socklsn@@3IA              00491b98     PipeFun.obj
 0003:00052b9c       ?pipe_open@@3_NA           00491b9c     PipeFun.obj
 0003:00052ba0       ?Client@@3UCPIPE@@A        00491ba0     PipeFun.obj
 0003:00053860       ?Connection@@3PAUCONNECTION@@A 00492860     TcpPort.obj
 0003:00061ecc       ?CS_TimerList@@3U_RTL_CRITICAL_SECTION@@A 004a0ecc     Timers.obj
 0003:00061eec       ?portH@@3PAPAXA            004a0eec     UartPort.obj
 0003:00061f14       ?sockfd@@3PAIA             004a0f14     UdpPort.obj
 0003:00061f40       ?mdb_cfg@@3PAU_modbus_cfg@@A 004a0f40     modbus.obj
 0003:0006463c       ?pass_cnt@@3HA             004a363c     Ioascii.obj
 0003:00064640       ?buffer@@3PADA             004a3640     Ioascii.obj
 0003:00064740       ?line_num@@3HA             004a3740     Ioascii.obj
 0003:00064744       ?rcode@@3PAFA              004a3744     Ioascii.obj
 0003:00064748       ?deep_level@@3HA           004a3748     Ioascii.obj
 0003:000647cc       ?is_initialized_as_dll@@3_NA 004a37cc     msvcrtd:utility.obj
 0003:000647cd       ?module_local_atexit_table_initialized@@3_NA 004a37cd     msvcrtd:utility.obj
 0003:000647d0       ?module_local_atexit_table@@3U_onexit_table_t@@A 004a37d0     msvcrtd:utility.obj
 0003:000647dc       ?module_local_at_quick_exit_table@@3U_onexit_table_t@@A 004a37dc     msvcrtd:utility.obj
 0003:000647f0       ?g_tss_cv@@3U_RTL_CONDITION_VARIABLE@@A 004a37f0     msvcrtd:thread_safe_statics.obj
 0003:000647f4       ?g_tss_event@@3PAXA        004a37f4     msvcrtd:thread_safe_statics.obj
 0003:000647f8       ?g_tss_mutex@@3U_RTL_CRITICAL_SECTION@@A 004a37f8     msvcrtd:thread_safe_statics.obj
 0003:00064810       ?g_sleep_condition_variable_cs@@3P6GHPAU_RTL_CONDITION_VARIABLE@@PAU_RTL_CRITICAL_SECTION@@K@ZA 004a3810     msvcrtd:thread_safe_statics.obj
 0003:00064814       ?g_wake_all_condition_variable@@3P6GXPAU_RTL_CONDITION_VARIABLE@@@ZA 004a3814     msvcrtd:thread_safe_statics.obj
 0003:00064828       _GS_ExceptionRecord        004a3828     msvcrtd:gs_report.obj
 0003:00064878       _GS_ContextRecord          004a3878     msvcrtd:gs_report.obj
 0003:00064be3       ?init@?1??_RTC_InitBase@@9@4_NA 004a3be3     msvcrtd:init.obj
 0003:00064c04       ?_RTC_ErrorReportFunc@@3P6AHHPBDH00ZZA 004a3c04     msvcrtd:userapi.obj
 0003:00064c08       ?_RTC_ErrorReportFuncW@@3P6AHHPB_WH00ZZA 004a3c08     msvcrtd:userapi.obj
 0003:00064c10       ?mspdb@@3PAUHINSTANCE__@@A 004a3c10     msvcrtd:pdblkup.obj
 0003:00064c14       ?alreadyTried@?1??GetPdbDll@@YAPAUHINSTANCE__@@XZ@4_NA 004a3c14     msvcrtd:pdblkup.obj
 0003:00064c15       ?PDBOK@?1??_RTC_GetSrcLine@@YAHPAEPA_WKPAH1K@Z@4_NA 004a3c15     msvcrtd:pdblkup.obj
 0004:0000116c       .idata$6                   004a516c     winmm:WINMM.dll
 0004:00001176       .idata$6                   004a5176     mfc140d:mfc140d.dll
 0004:0000160a       .idata$6                   004a560a     kernel32:KERNEL32.dll
 0004:0000164a       .idata$6                   004a564a     user32:USER32.dll
 0004:00001656       .idata$6                   004a5656     oleaut32:OLEAUT32.dll
 0004:00001664       .idata$6                   004a5664     ws2_32:WS2_32.dll
 0004:0000177e       .idata$6                   004a577e     vcruntimed:VCRUNTIME140D.dll
 0004:00001c0a       .idata$6                   004a5c0a     ucrtd:ucrtbased.dll
 0007:000004f0       $R000000                   004a84f0     DemoAUB.res
 0007:00000618       $R000128                   004a8618     DemoAUB.res
 0007:00000ec0       $R0009D0                   004a8ec0     DemoAUB.res
 0007:00000ee8       $R0009F8                   004a8ee8     DemoAUB.res
 0007:00001010       $R000B20                   004a9010     DemoAUB.res
 0007:000012f8       $R000E08                   004a92f8     DemoAUB.res
 0007:00001320       $R000E30                   004a9320     DemoAUB.res
 0007:00001fc8       $R001AD8                   004a9fc8     DemoAUB.res
 0007:00002330       $R001E40                   004aa330     DemoAUB.res
 0007:00002358       $R001E68                   004aa358     DemoAUB.res
 0007:00002480       $R001F90                   004aa480     DemoAUB.res
 0007:000027a8       $R0022B8                   004aa7a8     DemoAUB.res
 0007:00002a58       $R002568                   004aaa58     DemoAUB.res
 0007:00002ae8       $R0025F8                   004aaae8     DemoAUB.res
