 dSim

 Timestamp is 5f285666 (Mon Aug  3 20:24:38 2020)

 Preferred load address is 00400000

 Start         Length     Name                   Class
 0001:00000000 000044a0H .text$di                CODE
 0001:000044a0 00026cf0H .text$mn                CODE
 0001:0002b190 00001330H .text$x                 CODE
 0001:0002c4c0 000011ceH .text$yd                CODE
 0002:00000000 00000104H .CRT$XCA                DATA
 0002:00000104 00000104H .CRT$XCAA               DATA
 0002:00000208 0000010cH .CRT$XCL                DATA
 0002:00000314 00000184H .CRT$XCU                DATA
 0002:00000498 00000104H .CRT$XCZ                DATA
 0002:0000059c 00000104H .CRT$XIA                DATA
 0002:000006a0 00000104H .CRT$XIAA               DATA
 0002:000007a4 00000104H .CRT$XIAC               DATA
 0002:000008a8 00000104H .CRT$XIC                DATA
 0002:000009ac 00000104H .CRT$XIZ                DATA
 0002:00000ab0 00000004H .CRT$XLA                DATA
 0002:00000ab4 00000004H .CRT$XLZ                DATA
 0002:00000ab8 00000104H .CRT$XPA                DATA
 0002:00000bbc 00000104H .CRT$XPZ                DATA
 0002:00000cc0 00000104H .CRT$XTA                DATA
 0002:00000dc4 0000010cH .CRT$XTZ                DATA
 0002:00000ed0 0000a454H .rdata                  DATA
 0002:0000b324 0000011cH .rdata$T                DATA
 0002:0000b440 0000059cH .rdata$r                DATA
 0002:0000b9dc 00000144H .rdata$sxdata           DATA
 0002:0000bb20 0000017cH .rdata$zzzdbg           DATA
 0002:0000bc9c 00000104H .rtc$IAA                DATA
 0002:0000bda0 00000114H .rtc$IMZ                DATA
 0002:0000beb4 00000104H .rtc$IZZ                DATA
 0002:0000bfb8 00000104H .rtc$TAA                DATA
 0002:0000c0bc 00000114H .rtc$TMZ                DATA
 0002:0000c1d0 00000108H .rtc$TZZ                DATA
 0002:0000c2d8 000004c4H .xdata$x                DATA
 0002:0000c79c 00000104H ATL$__a                 DATA
 0002:0000c8a0 00000104H ATL$__z                 DATA
 0002:0000c9a4 00000000H .edata                  DATA
 0003:00000000 000008dcH .data                   DATA
 0003:000008dc 000002ccH .data$r                 DATA
 0003:00000ba8 0000432cH .bss                    DATA
 0004:00000000 00000808H .idata$5                DATA
 0004:00000808 000000a0H .idata$2                DATA
 0004:000008a8 00000014H .idata$3                DATA
 0004:000008bc 00000808H .idata$4                DATA
 0004:000010c4 00000cc8H .idata$6                DATA
 0005:00000000 00000104H .tls                    DATA
 0005:00000104 00000104H .tls$                   DATA
 0005:00000208 00000101H .tls$ZZZ                DATA
 0006:00000000 00000109H .00cfg                  DATA
 0007:00000000 000004f0H .rsrc$01                DATA
 0007:000004f0 00003126H .rsrc$02                DATA

  Address         Publics by Value              Rva+Base       Lib:Object

 0000:00000000       ___enclave_config          00000000     <absolute>
 0000:00000000       ___volatile_metadata       00000000     <absolute>
 0000:00000000       ___guard_longjmp_table     00000000     <absolute>
 0000:00000000       ___guard_fids_count        00000000     <absolute>
 0000:00000000       ___guard_eh_cont_table     00000000     <absolute>
 0000:00000000       ___guard_iat_count         00000000     <absolute>
 0000:00000000       ___hybrid_auxiliary_iat    00000000     <absolute>
 0000:00000000       ___AbsoluteZero            00000000     <absolute>
 0000:00000000       ___dynamic_value_reloc_table 00000000     <absolute>
 0000:00000000       ___guard_longjmp_count     00000000     <absolute>
 0000:00000000       ___hybrid_code_map         00000000     <absolute>
 0000:00000000       ___guard_fids_table        00000000     <absolute>
 0000:00000000       ___guard_iat_table         00000000     <absolute>
 0000:00000000       ___guard_eh_cont_count     00000000     <absolute>
 0000:00000000       ___hybrid_code_map_count   00000000     <absolute>
 0000:0000000e       ___safe_se_handler_count   0000000e     <absolute>
 0000:0000002c       __tls_array                0000002c     <absolute>
 0000:00000100       ___guard_flags             00000100     <absolute>
 0000:00000000       ___ImageBase               00400000     <linker-defined>
 0001:000044a0       ?RestoreLastCommand@@YAXPAUdigital@@@Z 004054a0 f   ApplicationSpecific.obj
 0001:00004550       ?CheckSpontaneousChange@@YAXPAUdigital@@@Z 00405550 f   ApplicationSpecific.obj
 0001:00004780       ?ValidateDigitalCommand@@YAHPAUdigital@@C@Z 00405780 f   ApplicationSpecific.obj
 0001:00004820       ?CheckCommandExecution@@YAHPAUdigital@@@Z 00405820 f   ApplicationSpecific.obj
 0001:00004920       ?ProcessObject@@YA_NPAUobject@@@Z 00405920 f   ApplicationSpecific.obj
 0001:00004cb0       ?ValidateObjectCommand@@YA_NPAUobject@@C@Z 00405cb0 f   ApplicationSpecific.obj
 0001:00004d10       ?ValidateObjectState@@YA_NPAUobject@@C@Z 00405d10 f   ApplicationSpecific.obj
 0001:00004d80       ?AutoProcedure@@YAXXZ      00405d80 f   ApplicationSpecific.obj
 0001:00004dd0       ?initial_control@@YAHXZ    00405dd0 f   ApplicationSpecific.obj
 0001:00004e40       ?AutoClearCounters@@YAXXZ  00405e40 f   ApplicationSpecific.obj
 0001:00004f23       _recvfrom@24               00405f23 f   ws2_32:WS2_32.dll
 0001:00004f29       _inet_ntoa@4               00405f29 f   ws2_32:WS2_32.dll
 0001:00004f2f       _sendto@24                 00405f2f f   ws2_32:WS2_32.dll
 0001:00005180       ?__empty_global_delete@@YAXPAX@Z 00406180 f i ApplicationSpecific.obj
 0001:00005190       ?__empty_global_delete@@YAXPAXI@Z 00406190 f i ApplicationSpecific.obj
 0001:00005190       ?__global_delete@@YAXPAXI@Z 00406190 f i ApplicationSpecific.obj
 0001:000051c0       ?get_seconds@@YAJXZ        004061c0 f   AUBTime.obj
 0001:000051f0       ?ctime2str@@YAPADXZ        004061f0 f   AUBTime.obj
 0001:00005210       ?time2str@@YAPADJ@Z        00406210 f   AUBTime.obj
 0001:00005280       ?cdate2str@@YAPADXZ        00406280 f   AUBTime.obj
 0001:000052e0       ___local_stdio_printf_options 004062e0 f i AUBTime.obj
 0001:000052f0       __vsnprintf_l              004062f0 f i AUBTime.obj
 0001:00005360       __vsprintf_l               00406360 f i AUBTime.obj
 0001:00005390       _sprintf                   00406390 f i AUBTime.obj
 0001:000053d0       ??0CDemoAUBApp@@QAE@XZ     004063d0 f   DemoAUB.obj
 0001:00005400       ?InitInstance@CDemoAUBApp@@UAEHXZ 00406400 f   DemoAUB.obj
 0001:000054b0       ?ExitInstance@CDemoAUBApp@@UAEHXZ 004064b0 f   DemoAUB.obj
 0001:000054d0       ?GetThisMessageMap@CDemoAUBApp@@KGPBUAFX_MSGMAP@@XZ 004064d0 f   DemoAUB.obj
 0001:000054e0       ?GetMessageMap@CDemoAUBApp@@MBEPBUAFX_MSGMAP@@XZ 004064e0 f   DemoAUB.obj
 0001:00005540       ??1CDemoAUBApp@@UAE@XZ     00406540 f i DemoAUB.obj
 0001:00005560       ??1CDemoAUBDlg@@UAE@XZ     00406560 f i DemoAUB.obj
 0001:00005620       ??_GCDemoAUBApp@@UAEPAXI@Z 00406620 f i DemoAUB.obj
 0001:00005620       ??_ECDemoAUBApp@@UAEPAXI@Z 00406620 f i DemoAUB.obj
 0001:00005680       ?GetApplicationRecoveryParameter@CWinApp@@UAEPAXXZ 00406680 f i DemoAUB.obj
 0001:00005690       ?GetApplicationRecoveryPingInterval@CWinApp@@UAEKXZ 00406690 f i DemoAUB.obj
 0001:000056b0       ?GetApplicationRestartFlags@CWinApp@@UAEKXZ 004066b0 f i DemoAUB.obj
 0001:000056c0       ?ReopenPreviousFilesAtRestart@CWinApp@@UBEHXZ 004066c0 f i DemoAUB.obj
 0001:000056e0       ?RestoreAutosavedFilesAtRestart@CWinApp@@UBEHXZ 004066e0 f i DemoAUB.obj
 0001:00005700       ?SupportsApplicationRecovery@CWinApp@@UBEHXZ 00406700 f i DemoAUB.obj
 0001:00005720       ?SupportsAutosaveAtInterval@CWinApp@@UBEHXZ 00406720 f i DemoAUB.obj
 0001:00005740       ?SupportsAutosaveAtRestart@CWinApp@@UBEHXZ 00406740 f i DemoAUB.obj
 0001:00005760       ?SupportsRestartManager@CWinApp@@UBEHXZ 00406760 f i DemoAUB.obj
 0001:00005780       ?wputs@@YAXHPADZZ          00406780 f   DemoSimDlg.obj
 0001:000058c0       ?lputs@@YAXPADZZ           004068c0 f   DemoSimDlg.obj
 0001:000059e0       ?_abort@@YAXPADH@Z         004069e0 f   DemoSimDlg.obj
 0001:00005a40       ??0CDemoAUBDlg@@QAE@PAVCWnd@@@Z 00406a40 f   DemoSimDlg.obj
 0001:00005b60       ?DoDataExchange@CDemoAUBDlg@@MAEXPAVCDataExchange@@@Z 00406b60 f   DemoSimDlg.obj
 0001:00005c40       ?OnInitDialog@CDemoAUBDlg@@MAEHXZ 00406c40 f   DemoSimDlg.obj
 0001:00005f10       ?StartScadaTasks@CDemoAUBDlg@@IAEXXZ 00406f10 f   DemoSimDlg.obj
 0001:00006090       ?OnSysCommand@CDemoAUBDlg@@IAEXIJ@Z 00407090 f   DemoSimDlg.obj
 0001:00006120       ?OnOK@CDemoAUBDlg@@MAEXXZ  00407120 f   DemoSimDlg.obj
 0001:00006150       ?GetThisMessageMap@CDemoAUBDlg@@KGPBUAFX_MSGMAP@@XZ 00407150 f   DemoSimDlg.obj
 0001:00006160       ?GetMessageMap@CDemoAUBDlg@@MBEPBUAFX_MSGMAP@@XZ 00407160 f   DemoSimDlg.obj
 0001:00006170       ?OnClose@CDemoAUBDlg@@QAEXXZ 00407170 f   DemoSimDlg.obj
 0001:000061a0       ?OnBnClickedClrevents@CDemoAUBDlg@@QAEXXZ 004071a0 f   DemoSimDlg.obj
 0001:000061c0       ??0CAboutDlg@@QAE@XZ       004071c0 f   DemoSimDlg.obj
 0001:000061f0       ?DoDataExchange@CAboutDlg@@MAEXPAVCDataExchange@@@Z 004071f0 f   DemoSimDlg.obj
 0001:00006210       ?GetThisMessageMap@CAboutDlg@@KGPBUAFX_MSGMAP@@XZ 00407210 f   DemoSimDlg.obj
 0001:00006220       ?GetMessageMap@CAboutDlg@@MBEPBUAFX_MSGMAP@@XZ 00407220 f   DemoSimDlg.obj
 0001:00006230       ?Timer1@@YGXIIKKK@Z        00407230 f   DemoSimDlg.obj
 0001:00006290       ?Ispad@@YAXXZ              00407290 f   DemoSimDlg.obj
 0001:000062b0       ?DebugTask@@YGKPAX@Z       004072b0 f   DemoSimDlg.obj
 0001:00006650       ??0?$CTraceCategoryEx@$0CAAA@$0A@@ATL@@QAE@PBD@Z 00407650 f i DemoSimDlg.obj
 0001:00006680       ??1CAboutDlg@@UAE@XZ       00407680 f i DemoSimDlg.obj
 0001:000066a0       ??_ECAboutDlg@@UAEPAXI@Z   004076a0 f i DemoSimDlg.obj
 0001:000066a0       ??_GCAboutDlg@@UAEPAXI@Z   004076a0 f i DemoSimDlg.obj
 0001:00006700       ??_GCDemoAUBDlg@@UAEPAXI@Z 00407700 f i DemoSimDlg.obj
 0001:00006700       ??_ECDemoAUBDlg@@UAEPAXI@Z 00407700 f i DemoSimDlg.obj
 0001:00006760       ?RegisterCategory@CTrace@ATL@@SAXPBDI@Z 00407760 f i DemoSimDlg.obj
 0001:00006870       ?strrchr@@YAPADQADH@Z      00407870 f i DemoSimDlg.obj
 0001:00006890       __vswprintf_s_l            00407890 f i DemoSimDlg.obj
 0001:00006900       _swprintf_s                00407900 f i DemoSimDlg.obj
 0001:00006950       _vsprintf                  00407950 f i DemoSimDlg.obj
 0001:00006980       ?initAUB@@YAHXZ            00407980 f   dSim.obj
 0001:00006a20       ?deinitAUB@@YAXXZ          00407a20 f   dSim.obj
 0001:00006a40       ?PeriodicProcessingTask@@YGKPAX@Z 00407a40 f   dSim.obj
 0001:00006ab0       ?SimulationTask@@YGKPAX@Z  00407ab0 f   dSim.obj
 0001:00006ba0       ?PipeTask@@YGKPAX@Z        00407ba0 f   dSim.obj
 0001:00006bd0       ?RefreshTask@@YGKPAX@Z     00407bd0 f   dSim.obj
 0001:00006ca0       ?PutEvent@@YAXPAU_ProcessVariableID@@PADZZ 00407ca0 f   Event.obj
 0001:00006d10       ?PutStaEvent@@YAXHPAU_ProcessVariableID@@PADZZ 00407d10 f   Event.obj
 0001:00006d80       ?PutLocEvent@@YAXPAU_ProcessVariableID@@PADZZ 00407d80 f   Event.obj
 0001:00006df0       ?FireEvent@@YAXHPAD@Z      00407df0 f   Event.obj
 0001:00006eb0       ?put_event@@YAXHPAU_ProcessVariableID@@PADZZ 00407eb0 f   Event.obj
 0001:00007110       ?InitHashTable@@YAXXZ      00408110 f   HashFun.obj
 0001:000072f0       ?FreeHashTable@@YAXXZ      004082f0 f   HashFun.obj
 0001:00007300       ?find_rtu@@YAPAU_ProcessVariableID@@PAD@Z 00408300 f   HashFun.obj
 0001:00007340       ?find_var@@YAPAU_ProcessVariableID@@PAD0@Z 00408340 f   HashFun.obj
 0001:00007380       ?hash_add_rtu@@YAPAUhash_item@@PAU_ProcessVariableID@@PAD@Z 00408380 f   HashFun.obj
 0001:00007e70       ?hash_add_var@@YAXPAUhash_item@@PAU_ProcessVariableID@@PAD@Z 00408e70 f   HashFun.obj
 0001:00008960       ?hash_find_rtu@@YAPAUhash_item@@PAD@Z 00409960 f   HashFun.obj
 0001:00008f40       ?hash_find_var@@YAPAUhash_item@@PAD0@Z 00409f40 f   HashFun.obj
 0001:00009af0       ?delete_var@@YAXPAUhash_item@@@Z 0040aaf0 f   HashFun.obj
 0001:00009cc0       ?delete_all@@YAXXZ         0040acc0 f   HashFun.obj
 0001:0000a140       ?count_all@@YAHXZ          0040b140 f   HashFun.obj
 0001:0000ae10       ?PutLogMessage@@YAXPADZZ   0040be10 f   Loger.obj
 0001:0000aee0       ?ShowNetError@@YAXPADH@Z   0040bee0 f   Loger.obj
 0001:0000af80       ?OpenPipe@@YAHXZ           0040bf80 f   PipeFun.obj
 0001:0000b1a0       ?ClosePipe@@YAXXZ          0040c1a0 f   PipeFun.obj
 0001:0000b1f0       ?DisconnectClient@@YAXXZ   0040c1f0 f   PipeFun.obj
 0001:0000b230       ?SendToPipe@@YAHPAD@Z      0040c230 f   PipeFun.obj
 0001:0000b2a0       ?WaitForClient@@YAHXZ      0040c2a0 f   PipeFun.obj
 0001:0000b3c0       ?WaitForCmd@@YAXXZ         0040c3c0 f   PipeFun.obj
 0001:0000b3e0       ?RefreshClient@@YAXXZ      0040c3e0 f   PipeFun.obj
 0001:0000bc90       ?InitClient@@YAXXZ         0040cc90 f   PipeFun.obj
 0001:0000c5a0       ?PutRtuSts@@YAHPADH@Z      0040d5a0 f   PipeFun.obj
 0001:0000c5f0       ?ProcessCmd@@YAXXZ         0040d5f0 f   PipeFun.obj
 0001:0000ca30       ?put_flag@@YAPADH@Z        0040da30 f   PipeFun.obj
 0001:0000ca50       ?get_flag@@YA_NPAD@Z       0040da50 f   PipeFun.obj
 0001:0000ca80       ?CheckForCmd@@YAXXZ        0040da80 f   PipeFun.obj
 0001:0000cb70       ?putTags@@YAXPADG00@Z      0040db70 f   PipeFun.obj
 0001:0000d2a0       ___local_stdio_scanf_options 0040e2a0 f i PipeFun.obj
 0001:0000d2b0       __vfprintf_l               0040e2b0 f i PipeFun.obj
 0001:0000d2f0       __vsscanf_l                0040e2f0 f i PipeFun.obj
 0001:0000d330       _fprintf                   0040e330 f i PipeFun.obj
 0001:0000d370       _sscanf                    0040e370 f i PipeFun.obj
 0001:0000d3b0       ?ReadConfigFile@@YAHXZ     0040e3b0 f   ReadConfigFile.obj
 0001:0000d7c0       ?strstr@@YAPADQADQBD@Z     0040e7c0 f i ReadConfigFile.obj
 0001:0000d7e0       ?get_PVID@@YAPAU_ProcessVariableID@@PAD0_N@Z 0040e7e0 f   pvidstr.obj
 0001:0000daa0       ?get_pvp@@YAPAXPAU_ProcessVariableID@@H@Z 0040eaa0 f   pvidstr.obj
 0001:0000e000       ?same_pvid@@YA_NPAU_ProcessVariableID@@0@Z 0040f000 f   pvidstr.obj
 0001:0000e030       ?get_name@@YAPADPAU_ProcessVariableID@@@Z 0040f030 f   pvidstr.obj
 0001:0000e2c0       ?put_chg@@YAXPAU_ProcessVariableID@@HH@Z 0040f2c0 f   pvidstr.obj
 0001:0000e350       ?get_chg@@YAHPAU_ProcessVariableID@@H@Z 0040f350 f   pvidstr.obj
 0001:0000e3f0       ?get_status@@YAGPAU_ProcessVariableID@@H@Z 0040f3f0 f   pvidstr.obj
 0001:0000e510       ?get_timestamp@@YAJPAU_ProcessVariableID@@@Z 0040f510 f   pvidstr.obj
 0001:0000e5b0       ?get_status_string@@YAPADPAU_ProcessVariableID@@@Z 0040f5b0 f   pvidstr.obj
 0001:0000e600       ?put_pvid_status@@YAHPAU_ProcessVariableID@@HGH@Z 0040f600 f   pvidstr.obj
 0001:0000e9f0       ?getObjElmID@@YAPAU_ProcessVariableID@@PAU1@H@Z 0040f9f0 f   pvidstr.obj
 0001:0000ea20       ?getObjElm@@YAPAXPAU_ProcessVariableID@@H@Z 0040fa20 f   pvidstr.obj
 0001:0000ea60       ?getObjPrm@@YAMPAU_ProcessVariableID@@H@Z 0040fa60 f   pvidstr.obj
 0001:0000ea90       ?getObjType@@YAHPAU_ProcessVariableID@@@Z 0040fa90 f   pvidstr.obj
 0001:0000eac0       ?getObjClass@@YAHPAU_ProcessVariableID@@@Z 0040fac0 f   pvidstr.obj
 0001:0000eaf0       ?getObjCatg@@YAHPAU_ProcessVariableID@@@Z 0040faf0 f   pvidstr.obj
 0001:0000eb20       ?getDigSts@@YACPAU_ProcessVariableID@@@Z 0040fb20 f   pvidstr.obj
 0001:0000eb90       ?getDigCmd@@YACPAU_ProcessVariableID@@@Z 0040fb90 f   pvidstr.obj
 0001:0000ec00       ?getEguVal@@YAMPAU_ProcessVariableID@@@Z 0040fc00 f   pvidstr.obj
 0001:0000ecc0       ?getCmd@@YAHPAD@Z          0040fcc0 f   pvidstr.obj
 0001:0000ed10       ?getSts@@YAHPAD@Z          0040fd10 f   pvidstr.obj
 0001:0000ed60       ?save_var@@YAXPAU_ProcessVariableID@@PAE@Z 0040fd60 f   pvidstr.obj
 0001:0000ee20       ?save_opr@@YAXPAU_ProcessVariableID@@PAE@Z 0040fe20 f   pvidstr.obj
 0001:0000eee0       ?get_priority_status@@YAHPAU_ProcessVariableID@@H@Z 0040fee0 f   pvidstr.obj
 0001:0000f710       ?frand@@YAMMMM@Z           00410710 f   SimLib.obj
 0001:0000f7b0       ?irand@@YAHHHH@Z           004107b0 f   SimLib.obj
 0001:0000f800       ?ssetPVID@@YAXPAU_ProcessVariableID@@MCH@Z 00410800 f   SimLib.obj
 0001:0000faa0       ?ssetPVAR@@YAXPAD0MCH@Z    00410aa0 f   SimLib.obj
 0001:0000fbe0       ?SetPlantSimulator@@YAXXZ  00410be0 f   SimPlant.obj
 0001:0000feb0       ?SetPlantDigDev@@YAXPAUdigital@@@Z 00410eb0 f   SimPlant.obj
 0001:0000ff40       ?RunPlantSimulator@@YAXH@Z 00410f40 f   SimPlant.obj
 0001:00010dd0       ?MakeCmdResponse@@YAXPAUdigital@@@Z 00411dd0 f   SimPlant.obj
 0001:00010f10       ?ZastitaTrafoa@@YAXH@Z     00411f10 f   SimPlant.obj
 0001:00011180       ?ZastitaIzvoda@@YAXH@Z     00412180 f   SimPlant.obj
 0001:000112e0       ?StanjeIzvoda@@YAXH@Z      004122e0 f   SimPlant.obj
 0001:00011ad0       ?randAI@@YAXPAUanain@@@Z   00412ad0 f   SimRandom.obj
 0001:00011bc0       ?randCNT@@YAXPAUcounter@@@Z 00412bc0 f   SimRandom.obj
 0001:00011c30       ?randDigDev@@YAXPAUdigital@@@Z 00412c30 f   SimRandom.obj
 0001:00011d40       ?SimulatorRTU@@YAXH@Z      00412d40 f   Simulator.obj
 0001:00012090       ?SetSimulation@@YAXXZ      00413090 f   Simulator.obj
 0001:00012290       ?RunSimulation@@YAXH@Z     00413290 f   Simulator.obj
 0001:00012400       ?CheckDIgital@@YAXPAUdigital@@@Z 00413400 f   Simulator.obj
 0001:00012680       ?_AfxInitManaged@@YAHXZ    00413680 f i StdAfx.obj
 0001:00012690       ?refresh_WD@@YAXXZ         00413690 f   StdAfx.obj
 0001:000126a0       ?disable_WD@@YAXXZ         004136a0 f   StdAfx.obj
 0001:000126b0       ?enable_WD@@YAXXZ          004136b0 f   StdAfx.obj
 0001:000126c0       ?SetPriority@@YAHH@Z       004136c0 f   StdAfx.obj
 0001:00012700       ?bsplit@@YAXPAXPAPAEH@Z    00413700 f   StdAfx.obj
 0001:00012750       ??$AtlAdd@H@ATL@@YAJPAHHH@Z 00413750 f i StdAfx.obj
 0001:00012790       ??$AtlAdd@I@ATL@@YAJPAIII@Z 00413790 f i StdAfx.obj
 0001:000127d0       ??$AtlAdd@K@ATL@@YAJPAKKK@Z 004137d0 f i StdAfx.obj
 0001:00012810       ??$AtlAlignUp@H@ATL@@YGHHK@Z 00413810 f i StdAfx.obj
 0001:00012840       ??$AtlMultiply@I@ATL@@YAJPAIII@Z 00413840 f i StdAfx.obj
 0001:00012890       ??$AtlMultiply@K@ATL@@YAJPAKKK@Z 00413890 f i StdAfx.obj
 0001:000128e0       ??0?$CHeapPtr@DVCCRTAllocator@ATL@@@ATL@@QAE@XZ 004138e0 f i StdAfx.obj
 0001:00012900       ??0?$CHeapPtr@_WVCCRTAllocator@ATL@@@ATL@@QAE@XZ 00413900 f i StdAfx.obj
 0001:00012920       ??0?$CHeapPtrBase@DVCCRTAllocator@ATL@@@ATL@@IAE@XZ 00413920 f i StdAfx.obj
 0001:00012940       ??0?$CHeapPtrBase@_WVCCRTAllocator@ATL@@@ATL@@IAE@XZ 00413940 f i StdAfx.obj
 0001:00012960       ??0?$CSimpleArray@GV?$CSimpleArrayEqualHelper@G@ATL@@@ATL@@QAE@XZ 00413960 f i StdAfx.obj
 0001:000129a0       ??0?$CTraceCategoryEx@$00$0A@@ATL@@QAE@PBD@Z 004139a0 f i StdAfx.obj
 0001:000129d0       ??0?$CTraceCategoryEx@$01$0A@@ATL@@QAE@PBD@Z 004139d0 f i StdAfx.obj
 0001:00012a00       ??0?$CTraceCategoryEx@$03$0A@@ATL@@QAE@PBD@Z 00413a00 f i StdAfx.obj
 0001:00012a30       ??0?$CTraceCategoryEx@$07$0A@@ATL@@QAE@PBD@Z 00413a30 f i StdAfx.obj
 0001:00012a60       ??0?$CTraceCategoryEx@$0BA@$0A@@ATL@@QAE@PBD@Z 00413a60 f i StdAfx.obj
 0001:00012a90       ??0?$CTraceCategoryEx@$0BAA@$0A@@ATL@@QAE@PBD@Z 00413a90 f i StdAfx.obj
 0001:00012ac0       ??0?$CTraceCategoryEx@$0BAAA@$0A@@ATL@@QAE@PBD@Z 00413ac0 f i StdAfx.obj
 0001:00012af0       ??0?$CTraceCategoryEx@$0BAAAA@$0A@@ATL@@QAE@PBD@Z 00413af0 f i StdAfx.obj
 0001:00012b20       ??0?$CTraceCategoryEx@$0BAAAAA@$0A@@ATL@@QAE@PBD@Z 00413b20 f i StdAfx.obj
 0001:00012b50       ??0?$CTraceCategoryEx@$0CA@$0A@@ATL@@QAE@PBD@Z 00413b50 f i StdAfx.obj
 0001:00012b80       ??0?$CTraceCategoryEx@$0CAA@$0A@@ATL@@QAE@PBD@Z 00413b80 f i StdAfx.obj
 0001:00012bb0       ??0?$CTraceCategoryEx@$0CAAAA@$0A@@ATL@@QAE@PBD@Z 00413bb0 f i StdAfx.obj
 0001:00012be0       ??0?$CTraceCategoryEx@$0CAAAAA@$0A@@ATL@@QAE@PBD@Z 00413be0 f i StdAfx.obj
 0001:00012c10       ??0?$CTraceCategoryEx@$0EA@$0A@@ATL@@QAE@PBD@Z 00413c10 f i StdAfx.obj
 0001:00012c40       ??0?$CTraceCategoryEx@$0EAA@$0A@@ATL@@QAE@PBD@Z 00413c40 f i StdAfx.obj
 0001:00012c70       ??0?$CTraceCategoryEx@$0EAAA@$0A@@ATL@@QAE@PBD@Z 00413c70 f i StdAfx.obj
 0001:00012ca0       ??0?$CTraceCategoryEx@$0EAAAA@$0A@@ATL@@QAE@PBD@Z 00413ca0 f i StdAfx.obj
 0001:00012cd0       ??0?$CTraceCategoryEx@$0EAAAAA@$0A@@ATL@@QAE@PBD@Z 00413cd0 f i StdAfx.obj
 0001:00012d00       ??0?$CTraceCategoryEx@$0IA@$0A@@ATL@@QAE@PBD@Z 00413d00 f i StdAfx.obj
 0001:00012d30       ??0?$CTraceCategoryEx@$0IAA@$0A@@ATL@@QAE@PBD@Z 00413d30 f i StdAfx.obj
 0001:00012d60       ??0?$CTraceCategoryEx@$0IAAA@$0A@@ATL@@QAE@PBD@Z 00413d60 f i StdAfx.obj
 0001:00012d90       ??0?$CTraceCategoryEx@$0IAAAA@$0A@@ATL@@QAE@PBD@Z 00413d90 f i StdAfx.obj
 0001:00012dc0       ??0CAtlComModule@ATL@@QAE@XZ 00413dc0 f i StdAfx.obj
 0001:00012eb0       ??0CAtlStringMgr@ATL@@QAE@PAUIAtlMemMgr@1@@Z 00413eb0 f i StdAfx.obj
 0001:00012f00       ??0CAtlStringMgrStaticInitializer@ATLImplementationDetails@ATL@@QAE@XZ 00413f00 f i StdAfx.obj
 0001:00012f20       ??0CAtlWinModule@ATL@@QAE@XZ 00413f20 f i StdAfx.obj
 0001:00012fb0       ??0CComCriticalSection@ATL@@QAE@XZ 00413fb0 f i StdAfx.obj
 0001:00012fe0       ??0CNilStringData@ATL@@QAE@XZ 00413fe0 f i StdAfx.obj
 0001:00013050       ??0CPreserveLastError@ATL@@QAE@XZ 00414050 f i StdAfx.obj
 0001:00013070       ??0CTraceFileAndLineInfo@ATL@@QAE@PBDH@Z 00414070 f i StdAfx.obj
 0001:000130a0       ??0CWin32Heap@ATL@@QAE@PAX@Z 004140a0 f i StdAfx.obj
 0001:00013110       ??0_ATL_COM_MODULE70@ATL@@QAE@XZ 00414110 f i StdAfx.obj
 0001:00013130       ??0_ATL_WIN_MODULE70@ATL@@QAE@XZ 00414130 f i StdAfx.obj
 0001:000131b0       ??1?$CHeapPtr@DVCCRTAllocator@ATL@@@ATL@@QAE@XZ 004141b0 f i StdAfx.obj
 0001:000131d0       ??1?$CHeapPtr@_WVCCRTAllocator@ATL@@@ATL@@QAE@XZ 004141d0 f i StdAfx.obj
 0001:000131f0       ??1?$CHeapPtrBase@DVCCRTAllocator@ATL@@@ATL@@QAE@XZ 004141f0 f i StdAfx.obj
 0001:00013210       ??1?$CHeapPtrBase@_WVCCRTAllocator@ATL@@@ATL@@QAE@XZ 00414210 f i StdAfx.obj
 0001:00013230       ??1?$CSimpleArray@GV?$CSimpleArrayEqualHelper@G@ATL@@@ATL@@QAE@XZ 00414230 f i StdAfx.obj
 0001:00013280       ??1CAtlComModule@ATL@@QAE@XZ 00414280 f i StdAfx.obj
 0001:000132e0       ??1CAtlStringMgr@ATL@@UAE@XZ 004142e0 f i StdAfx.obj
 0001:000132f0       ??1CAtlWinModule@ATL@@QAE@XZ 004142f0 f i StdAfx.obj
 0001:00013350       ??1CComCriticalSection@ATL@@QAE@XZ 00414350 f i StdAfx.obj
 0001:00013360       ??1CPreserveLastError@ATL@@QAE@XZ 00414360 f i StdAfx.obj
 0001:00013380       ??1CWin32Heap@ATL@@UAE@XZ  00414380 f i StdAfx.obj
 0001:00013400       ??1_ATL_COM_MODULE70@ATL@@QAE@XZ 00414400 f i StdAfx.obj
 0001:00013420       ??1_ATL_WIN_MODULE70@ATL@@QAE@XZ 00414420 f i StdAfx.obj
 0001:00013450       ??A?$CSimpleArray@GV?$CSimpleArrayEqualHelper@G@ATL@@@ATL@@QAEAAGH@Z 00414450 f i StdAfx.obj
 0001:000134e0       ??B?$CHeapPtrBase@DVCCRTAllocator@ATL@@@ATL@@QBEPADXZ 004144e0 f i StdAfx.obj
 0001:00013500       ??B?$CHeapPtrBase@_WVCCRTAllocator@ATL@@@ATL@@QBEPA_WXZ 00414500 f i StdAfx.obj
 0001:00013520       ??B?$CTraceCategoryEx@$01$0A@@ATL@@QAEIXZ 00414520 f i StdAfx.obj
 0001:00013540       ??B?$CTraceCategoryEx@$0CA@$0A@@ATL@@QAEIXZ 00414540 f i StdAfx.obj
 0001:00013560       ??RCTraceFileAndLineInfo@ATL@@QBAXHIPBDZZ 00414560 f i StdAfx.obj
 0001:00013610       ??_GCAtlStringMgr@ATL@@UAEPAXI@Z 00414610 f i StdAfx.obj
 0001:00013610       ??_ECAtlStringMgr@ATL@@UAEPAXI@Z 00414610 f i StdAfx.obj
 0001:00013650       ??_GCWin32Heap@ATL@@UAEPAXI@Z 00414650 f i StdAfx.obj
 0001:00013650       ??_ECWin32Heap@ATL@@UAEPAXI@Z 00414650 f i StdAfx.obj
 0001:00013690       ??_H@YGXPAXIIP6EPAX0@Z@Z   00414690 f i StdAfx.obj
 0001:000136d0       ?AddRef@CStringData@ATL@@QAEXXZ 004146d0 f i StdAfx.obj
 0001:00013730       ?Allocate@?$CHeapPtr@DVCCRTAllocator@ATL@@@ATL@@QAE_NI@Z 00414730 f i StdAfx.obj
 0001:00013780       ?Allocate@?$CHeapPtr@_WVCCRTAllocator@ATL@@@ATL@@QAE_NI@Z 00414780 f i StdAfx.obj
 0001:000137d0       ?Allocate@CAtlStringMgr@ATL@@UAEPAUCStringData@2@HH@Z 004147d0 f i StdAfx.obj
 0001:000139a0       ?Allocate@CCRTAllocator@ATL@@SAPAXI@Z 004149a0 f i StdAfx.obj
 0001:000139c0       ?Allocate@CWin32Heap@ATL@@UAEPAXI@Z 004149c0 f i StdAfx.obj
 0001:000139f0       ?AllocateBytes@?$CHeapPtrBase@DVCCRTAllocator@ATL@@@ATL@@QAE_NI@Z 004149f0 f i StdAfx.obj
 0001:00013a70       ?AllocateBytes@?$CHeapPtrBase@_WVCCRTAllocator@ATL@@@ATL@@QAE_NI@Z 00414a70 f i StdAfx.obj
 0001:00013af0       ?AtlWinModuleInit@ATL@@YGJPAU_ATL_WIN_MODULE70@1@@Z 00414af0 f i StdAfx.obj
 0001:00013bc0       ?AtlWinModuleTerm@ATL@@YGJPAU_ATL_WIN_MODULE70@1@PAUHINSTANCE__@@@Z 00414bc0 f i StdAfx.obj
 0001:00013c80       ?Clone@CAtlStringMgr@ATL@@UAEPAUIAtlStringMgr@2@XZ 00414c80 f i StdAfx.obj
 0001:00013ca0       ?Free@?$CHeapPtrBase@DVCCRTAllocator@ATL@@@ATL@@QAEXXZ 00414ca0 f i StdAfx.obj
 0001:00013cd0       ?Free@?$CHeapPtrBase@_WVCCRTAllocator@ATL@@@ATL@@QAEXXZ 00414cd0 f i StdAfx.obj
 0001:00013d00       ?Free@CAtlStringMgr@ATL@@UAEXPAUCStringData@2@@Z 00414d00 f i StdAfx.obj
 0001:00013da0       ?Free@CCRTAllocator@ATL@@SAXPAX@Z 00414da0 f i StdAfx.obj
 0001:00013dc0       ?Free@CWin32Heap@ATL@@UAEXPAX@Z 00414dc0 f i StdAfx.obj
 0001:00013e30       ?GetCategoryName@CTrace@ATL@@CAPA_WI@Z 00414e30 f i StdAfx.obj
 0001:00013e90       ?GetInstance@CAtlStringMgr@ATL@@SAPAUIAtlStringMgr@2@XZ 00414e90 f i StdAfx.obj
 0001:00013f90       ?GetModuleInstance@CAtlBaseModule@ATL@@QAEPAUHINSTANCE__@@XZ 00414f90 f i StdAfx.obj
 0001:00013fb0       ?GetNilString@CAtlStringMgr@ATL@@UAEPAUCStringData@2@XZ 00414fb0 f i StdAfx.obj
 0001:00013fe0       ?GetSize@?$CSimpleArray@GV?$CSimpleArrayEqualHelper@G@ATL@@@ATL@@QBEHXZ 00414fe0 f i StdAfx.obj
 0001:00014000       ?GetSize@CWin32Heap@ATL@@UAEIPAX@Z 00415000 f i StdAfx.obj
 0001:00014030       ?Init@CComCriticalSection@ATL@@QAEJXZ 00415030 f i StdAfx.obj
 0001:00014080       ?Reallocate@CAtlStringMgr@ATL@@UAEPAUCStringData@2@PAU32@HH@Z 00415080 f i StdAfx.obj
 0001:00014260       ?Reallocate@CWin32Heap@ATL@@UAEPAXPAXI@Z 00415260 f i StdAfx.obj
 0001:000142d0       ?RemoveAll@?$CSimpleArray@GV?$CSimpleArrayEqualHelper@G@ATL@@@ATL@@QAEXXZ 004152d0 f i StdAfx.obj
 0001:00014350       ?SetManager@CNilStringData@ATL@@QAEXPAUIAtlStringMgr@2@@Z 00415350 f i StdAfx.obj
 0001:000143b0       ?Term@CAtlComModule@ATL@@QAEXXZ 004153b0 f i StdAfx.obj
 0001:00014460       ?Term@CAtlWinModule@ATL@@QAEXXZ 00415460 f i StdAfx.obj
 0001:00014490       ?Term@CComCriticalSection@ATL@@QAEJXZ 00415490 f i StdAfx.obj
 0001:000144b0       ?TraceV@CTrace@ATL@@CAXPBDHIIPB_W@Z 004154b0 f i StdAfx.obj
 0001:00014740       ?TraceV@CTrace@ATL@@SAXPBDHII0PAD@Z 00415740 f i StdAfx.obj
 0001:00014970       ?_AtlInitializeCriticalSectionEx@ATL@@YAHPAU_RTL_CRITICAL_SECTION@@KK@Z 00415970 f i StdAfx.obj
 0001:00014990       ?_AtlRaiseException@ATL@@YAXKK@Z 00415990 f i StdAfx.obj
 0001:000149b0       _HRESULT_FROM_WIN32        004159b0 f i StdAfx.obj
 0001:000149f0       __vscprintf                004159f0 f i StdAfx.obj
 0001:00014a10       __vscprintf_l              00415a10 f i StdAfx.obj
 0001:00014a70       __vsnprintf_s              00415a70 f i StdAfx.obj
 0001:00014aa0       __vsnprintf_s_l            00415aa0 f i StdAfx.obj
 0001:00014b10       ?OpenTimerList@@YAXH@Z     00415b10 f   Timers.obj
 0001:00014b30       ?CloseTimerList@@YAXXZ     00415b30 f   Timers.obj
 0001:00014bb0       ?GetTimer@@YAPAUtimer@@PAD@Z 00415bb0 f   Timers.obj
 0001:00014c40       ?DelTimer@@YAXPAUtimer@@@Z 00415c40 f   Timers.obj
 0001:00014cb0       ?StartTimer@@YAXPAUtimer@@HH@Z 00415cb0 f   Timers.obj
 0001:00014d30       ?RestartTimer@@YAXPAUtimer@@@Z 00415d30 f   Timers.obj
 0001:00014d90       ?StopTimer@@YAXPAUtimer@@@Z 00415d90 f   Timers.obj
 0001:00014dc0       ?SuspendTimer@@YAXPAUtimer@@@Z 00415dc0 f   Timers.obj
 0001:00014de0       ?ResumeTimer@@YAXPAUtimer@@@Z 00415de0 f   Timers.obj
 0001:00014e00       ?TimeLeftTimer@@YAHPAUtimer@@H@Z 00415e00 f   Timers.obj
 0001:00014e20       ?UpdateTimers@@YAXXZ       00415e20 f   Timers.obj
 0001:00014fd0       ?LinearConversion@@YAMMIIMMH@Z 00415fd0 f   conversion.obj
 0001:000151d0       ?pow_i@@YAHHH@Z            004161d0 f   conversion.obj
 0001:000152a0       ?ProcessAnalogInput@@YAXPAUanain@@HM@Z 004162a0 f   processing.obj
 0001:000155e0       ?ProcessAnalogOutput@@YAXPAUanaout@@GM@Z 004165e0 f   processing.obj
 0001:000157e0       ?CalculateAnalogCommand@@YAMPAUanaout@@@Z 004167e0 f   processing.obj
 0001:00015940       ?ProcessCounter@@YAXPAUcounter@@JM@Z 00416940 f   processing.obj
 0001:00015a80       ?OnClearCounterDone@@YAXPAUcounter@@@Z 00416a80 f   processing.obj
 0001:00015b20       ?GetRawDigitalInput@@YAHHH@Z 00416b20 f   processing.obj
 0001:00015b80       ?PutRawDigitalInput@@YAXHHH@Z 00416b80 f   processing.obj
 0001:00015c70       ?ProcessDigitalInput@@YAXPAUdigital@@@Z 00416c70 f   processing.obj
 0001:00015e80       ?GetDigitalOutputValue@@YAHHH@Z 00416e80 f   processing.obj
 0001:00015ee0       ?SetDigitalOutputValue@@YAXHHH@Z 00416ee0 f   processing.obj
 0001:00015fd0       ?ProcessDigitalOutput@@YAXPAUdigital@@@Z 00416fd0 f   processing.obj
 0001:000160e0       ?GetRawCommand@@YAHPAUdigital@@C@Z 004170e0 f   processing.obj
 0001:00016140       ?PutCommand@@YAHPAU_ProcessVariableID@@MGF@Z 00417140 f   processing.obj
 0001:00016960       ?PutClearCounter@@YAHPAU_ProcessVariableID@@GF@Z 00417960 f   processing.obj
 0001:000169b0       ?CommandInspector@@YAXXZ   004179b0 f   processing.obj
 0001:00016c10       ?ObjectsProcessor@@YAXXZ   00417c10 f   processing.obj
 0001:00016cf0       ?SetObjectValue@@YA_NPAUobject@@MCC_N@Z 00417cf0 f   processing.obj
 0001:00016dc0       ?SetManualValue@@YAXPAU_ProcessVariableID@@M@Z 00417dc0 f   processing.obj
 0001:00017180       ?ResetManualFlag@@YAXPAU_ProcessVariableID@@@Z 00418180 f   processing.obj
 0001:000174a0       ?PutManualValue@@YAHPAU_ProcessVariableID@@M_NF@Z 004184a0 f   processing.obj
 0001:00017560       ?PutTags@@YAHPAU_ProcessVariableID@@GF@Z 00418560 f   processing.obj
 0001:00017670       ?pubChg@@YAXPAU_ProcessVariableID@@H@Z 00418670 f   processing.obj
 0001:00017680       ?analog_input_alarm@@YAXPAUanain@@@Z 00418680 f   processing.obj
 0001:000179e0       ?analog_output_alarm@@YAXPAUanaout@@@Z 004189e0 f   processing.obj
 0001:00017d40       ?counter_input_alarm@@YA_NPAUcounter@@_N@Z 00418d40 f   processing.obj
 0001:00017ed0       ?checkManReq@@YAHPAU_ProcessVariableID@@M@Z 00418ed0 f   processing.obj
 0001:00018080       ?put_tag@@YAHPAU_ProcessVariableID@@G_N@Z 00419080 f   processing.obj
 0001:00018df0       ?ReadAsciiConfiguration@@YAHPAD@Z 00419df0 f   Ioascii.obj
 0001:00019410       ?InitializeConfiguration@@YAXXZ 0041a410 f   Ioascii.obj
 0001:000194e0       ?FreeConfigurationAllocations@@YAXXZ 0041a4e0 f   Ioascii.obj
 0001:00019770       ?FindKey@@YAHPADPAUKEYWRD@@@Z 0041a770 f   Ioascii.obj
 0001:00019810       ?MultCfg@@YAHH@Z           0041a810 f   Ioascii.obj
 0001:0001a530       ?WrASCIICfg@@YAHPAD@Z      0041b530 f   Ioascii.obj
 0001:0001a940       ?GetTypeID@@YAHPAD@Z       0041b940 f   Ioascii.obj
 0001:0001a9a0       ?GetTypeName@@YAPADH@Z     0041b9a0 f   Ioascii.obj
 0001:0001a9f0       ?FindKeyWord@@YAPADHPAUKEYWRD@@@Z 0041b9f0 f   Ioascii.obj
 0001:0001aa40       ?ShowCfgError@@YAXXZ       0041ba40 f   Ioascii.obj
 0001:0001ab40       ?ReadLineCfg@@YAHPAU_iobuf@@QAUKEYWRD@@H@Z 0041bb40 f   Ioascii.obj
 0001:0001ac00       ?raise_2@@YAHH@Z           0041bc00 f   Ioascii.obj
 0001:0001ac30       ?find_string@@YAHPAPADPAD@Z 0041bc30 f   Ioascii.obj
 0001:0001ac80       ?sget_short@@YAHPADPAF@Z   0041bc80 f   Ioascii.obj
 0001:0001acd0       ?sget_long@@YAHPADPAJ@Z    0041bcd0 f   Ioascii.obj
 0001:0001ad20       ?sget_ulong@@YAHPADPAK@Z   0041bd20 f   Ioascii.obj
 0001:0001ad70       ?sget_float@@YAHPADPAM@Z   0041bd70 f   Ioascii.obj
 0001:0001adc0       ?sget_on_off@@YAHPADPAF@Z  0041bdc0 f   Ioascii.obj
 0001:0001ae80       ?sget_alltext@@YAHPAD0H@Z  0041be80 f   Ioascii.obj
 0001:0001af70       ?sget_string@@YAHPAD0H@Z   0041bf70 f   Ioascii.obj
 0001:0001b060       ?in_system@@YAHPAU_iobuf@@H@Z 0041c060 f   Ioascii.obj
 0001:0001b130       ?in_egunit@@YAHPAU_iobuf@@H@Z 0041c130 f   Ioascii.obj
 0001:0001b2f0       ?in_state@@YAHPAU_iobuf@@H@Z 0041c2f0 f   Ioascii.obj
 0001:0001b4b0       ?in_command@@YAHPAU_iobuf@@H@Z 0041c4b0 f   Ioascii.obj
 0001:0001b670       ?in_digdef@@YAHPAU_iobuf@@H@Z 0041c670 f   Ioascii.obj
 0001:0001ba30       ?in_objdef@@YAHPAU_iobuf@@H@Z 0041ca30 f   Ioascii.obj
 0001:0001bf80       ?in_channel@@YAHPAU_iobuf@@H@Z 0041cf80 f   Ioascii.obj
 0001:0001c620       ?in_rtu@@YAHPAU_iobuf@@H@Z 0041d620 f   Ioascii.obj
 0001:0001ccc0       ?in_anain@@YAHPAU_iobuf@@H@Z 0041dcc0 f   Ioascii.obj
 0001:0001d5e0       ?in_anaout@@YAHPAU_iobuf@@H@Z 0041e5e0 f   Ioascii.obj
 0001:0001df20       ?in_counter@@YAHPAU_iobuf@@H@Z 0041ef20 f   Ioascii.obj
 0001:0001e6c0       ?in_digital@@YAHPAU_iobuf@@H@Z 0041f6c0 f   Ioascii.obj
 0001:0001ee80       ?in_object@@YAHPAU_iobuf@@H@Z 0041fe80 f   Ioascii.obj
 0001:0001f7e0       ?on_end@@YAHH@Z            004207e0 f   Ioascii.obj
 0001:00020250       ?inc_deep_level@@YAXXZ     00421250 f   Ioascii.obj
 0001:00020270       ?dec_deep_level@@YAXXZ     00421270 f   Ioascii.obj
 0001:00020290       ?fput_text@@YAXPAU_iobuf@@PAD@Z 00421290 f   Ioascii.obj
 0001:000202c0       ?fput_newlin@@YAXPAU_iobuf@@@Z 004212c0 f   Ioascii.obj
 0001:000202e0       ?fput_keywrd@@YAXPAU_iobuf@@PAD1@Z 004212e0 f   Ioascii.obj
 0001:00020370       ?fput_short@@YAXPAU_iobuf@@PADF1@Z 00421370 f   Ioascii.obj
 0001:00020410       ?fput_long@@YAXPAU_iobuf@@PADJ1@Z 00421410 f   Ioascii.obj
 0001:000204b0       ?fput_ulong@@YAXPAU_iobuf@@PADK1@Z 004214b0 f   Ioascii.obj
 0001:00020550       ?fput_float@@YAXPAU_iobuf@@PADM1@Z 00421550 f   Ioascii.obj
 0001:00020600       ?fput_on_off@@YAXPAU_iobuf@@PADE@Z 00421600 f   Ioascii.obj
 0001:00020680       ?fput_string@@YAXPAU_iobuf@@PAD1@Z 00421680 f   Ioascii.obj
 0001:000206e0       ?fput_vstring@@YAXPAU_iobuf@@PAD1ZZ 004216e0 f   Ioascii.obj
 0001:000207a0       ?out_system@@YAXPAU_iobuf@@@Z 004217a0 f   Ioascii.obj
 0001:000207f0       ?out_egu@@YAXPAU_iobuf@@PAU_egu@@@Z 004217f0 f   Ioascii.obj
 0001:00020860       ?out_state@@YAXPAU_iobuf@@PAU_state@@@Z 00421860 f   Ioascii.obj
 0001:000208d0       ?out_command@@YAXPAU_iobuf@@PAU_command@@@Z 004218d0 f   Ioascii.obj
 0001:00020940       ?out_digdef@@YAXPAU_iobuf@@PAU_digdev@@@Z 00421940 f   Ioascii.obj
 0001:00020b00       ?out_objdef@@YAXPAU_iobuf@@PAU_objdef@@@Z 00421b00 f   Ioascii.obj
 0001:00020d30       ?out_channel@@YAXPAU_iobuf@@PAU_chanet@@@Z 00421d30 f   Ioascii.obj
 0001:00020f10       ?out_rtu@@YAXPAU_iobuf@@PAU_rtut@@@Z 00421f10 f   Ioascii.obj
 0001:000210e0       ?out_anain@@YAXPAU_iobuf@@PAUanain@@@Z 004220e0 f   Ioascii.obj
 0001:000213f0       ?out_anaout@@YAXPAU_iobuf@@PAUanaout@@@Z 004223f0 f   Ioascii.obj
 0001:00021720       ?out_counter@@YAXPAU_iobuf@@PAUcounter@@@Z 00422720 f   Ioascii.obj
 0001:00021940       ?out_digital@@YAXPAU_iobuf@@PAUdigital@@@Z 00422940 f   Ioascii.obj
 0001:00021b60       ?out_object@@YAXPAU_iobuf@@PAUobject@@@Z 00422b60 f   Ioascii.obj
 0001:000242ac       _timeSetEvent@20           004252ac f   winmm:WINMM.dll
 0001:000242b2       _timeKillEvent@4           004252b2 f   winmm:WINMM.dll
 0001:000242b8       ??3@YAXPAX@Z               004252b8 f   mfc140d:mfc140d.dll
 0001:000242be       ??3CObject@@SGXPAX@Z       004252be f   mfc140d:mfc140d.dll
 0001:000242c4       ?Serialize@CObject@@UAEXAAVCArchive@@@Z 004252c4 f   mfc140d:mfc140d.dll
 0001:000242ca       ??1CFont@@UAE@XZ           004252ca f   mfc140d:mfc140d.dll
 0001:000242d0       ?OnCmdMsg@CCmdTarget@@UAEHIHPAXPAUAFX_CMDHANDLERINFO@@@Z 004252d0 f   mfc140d:mfc140d.dll
 0001:000242d6       ?OnFinalRelease@CCmdTarget@@UAEXXZ 004252d6 f   mfc140d:mfc140d.dll
 0001:000242dc       ?IsInvokeAllowed@CCmdTarget@@UAEHJ@Z 004252dc f   mfc140d:mfc140d.dll
 0001:000242e2       ?GetDispatchIID@CCmdTarget@@UAEHPAU_GUID@@@Z 004252e2 f   mfc140d:mfc140d.dll
 0001:000242e8       ?GetTypeInfoCount@CCmdTarget@@UAEIXZ 004252e8 f   mfc140d:mfc140d.dll
 0001:000242ee       ?GetTypeLibCache@CCmdTarget@@UAEPAVCTypeLibCache@@XZ 004252ee f   mfc140d:mfc140d.dll
 0001:000242f4       ?GetTypeLib@CCmdTarget@@UAEJKPAPAUITypeLib@@@Z 004252f4 f   mfc140d:mfc140d.dll
 0001:000242fa       ?GetCommandMap@CCmdTarget@@MBEPBUAFX_OLECMDMAP@@XZ 004252fa f   mfc140d:mfc140d.dll
 0001:00024300       ?GetDispatchMap@CCmdTarget@@MBEPBUAFX_DISPMAP@@XZ 00425300 f   mfc140d:mfc140d.dll
 0001:00024306       ?GetConnectionMap@CCmdTarget@@MBEPBUAFX_CONNECTIONMAP@@XZ 00425306 f   mfc140d:mfc140d.dll
 0001:0002430c       ?GetInterfaceMap@CCmdTarget@@MBEPBUAFX_INTERFACEMAP@@XZ 0042530c f   mfc140d:mfc140d.dll
 0001:00024312       ?GetEventSinkMap@CCmdTarget@@MBEPBUAFX_EVENTSINKMAP@@XZ 00425312 f   mfc140d:mfc140d.dll
 0001:00024318       ?OnCreateAggregates@CCmdTarget@@UAEHXZ 00425318 f   mfc140d:mfc140d.dll
 0001:0002431e       ?GetInterfaceHook@CCmdTarget@@UAEPAUIUnknown@@PBX@Z 0042531e f   mfc140d:mfc140d.dll
 0001:00024324       ?GetExtraConnectionPoints@CCmdTarget@@MAEHPAVCPtrArray@@@Z 00425324 f   mfc140d:mfc140d.dll
 0001:0002432a       ?GetConnectionHook@CCmdTarget@@MAEPAUIConnectionPoint@@ABU_GUID@@@Z 0042532a f   mfc140d:mfc140d.dll
 0001:00024330       ?DoModal@CDialog@@UAEHXZ   00425330 f   mfc140d:mfc140d.dll
 0001:00024336       ??1CDialog@@UAE@XZ         00425336 f   mfc140d:mfc140d.dll
 0001:0002433c       ??1CStatic@@UAE@XZ         0042533c f   mfc140d:mfc140d.dll
 0001:00024342       ??1CListBox@@UAE@XZ        00425342 f   mfc140d:mfc140d.dll
 0001:00024348       ?PreTranslateMessage@CWinThread@@UAEHPAUtagMSG@@@Z 00425348 f   mfc140d:mfc140d.dll
 0001:0002434e       ?PumpMessage@CWinThread@@UAEHXZ 0042534e f   mfc140d:mfc140d.dll
 0001:00024354       ?IsIdleMessage@CWinThread@@UAEHPAUtagMSG@@@Z 00425354 f   mfc140d:mfc140d.dll
 0001:0002435a       ?ProcessMessageFilter@CWinThread@@UAEHHPAUtagMSG@@@Z 0042535a f   mfc140d:mfc140d.dll
 0001:00024360       ?GetMainWnd@CWinThread@@UAEPAVCWnd@@XZ 00425360 f   mfc140d:mfc140d.dll
 0001:00024366       ?Delete@CWinThread@@UAEXXZ 00425366 f   mfc140d:mfc140d.dll
 0001:0002436c       ?GetRuntimeClass@CWinApp@@UBEPAUCRuntimeClass@@XZ 0042536c f   mfc140d:mfc140d.dll
 0001:00024372       ??0CWinApp@@QAE@PBD@Z      00425372 f   mfc140d:mfc140d.dll
 0001:00024378       ?GetProfileIntA@CWinApp@@UAEIPBD0H@Z 00425378 f   mfc140d:mfc140d.dll
 0001:0002437e       ?WriteProfileInt@CWinApp@@UAEHPBD0H@Z 0042537e f   mfc140d:mfc140d.dll
 0001:00024384       ?GetProfileStringA@CWinApp@@UAE?AV?$CStringT@DV?$StrTraitMFC_DLL@DV?$ChTraitsCRT@D@ATL@@@@@ATL@@PBD00@Z 00425384 f   mfc140d:mfc140d.dll
 0001:0002438a       ?WriteProfileStringA@CWinApp@@UAEHPBD00@Z 0042538a f   mfc140d:mfc140d.dll
 0001:00024390       ?GetProfileBinary@CWinApp@@UAEHPBD0PAPAEPAI@Z 00425390 f   mfc140d:mfc140d.dll
 0001:00024396       ?WriteProfileBinary@CWinApp@@UAEHPBD0PAEI@Z 00425396 f   mfc140d:mfc140d.dll
 0001:0002439c       ?InitLibId@CWinApp@@UAEXXZ 0042539c f   mfc140d:mfc140d.dll
 0001:000243a2       ?Register@CWinApp@@UAEHXZ  004253a2 f   mfc140d:mfc140d.dll
 0001:000243a8       ?Unregister@CWinApp@@UAEHXZ 004253a8 f   mfc140d:mfc140d.dll
 0001:000243ae       ?OpenDocumentFile@CWinApp@@UAEPAVCDocument@@PBD@Z 004253ae f   mfc140d:mfc140d.dll
 0001:000243b4       ?OpenDocumentFile@CWinApp@@UAEPAVCDocument@@PBDH@Z 004253b4 f   mfc140d:mfc140d.dll
 0001:000243ba       ?AddToRecentFileList@CWinApp@@UAEXPBD@Z 004253ba f   mfc140d:mfc140d.dll
 0001:000243c0       ?InitApplication@CWinApp@@UAEHXZ 004253c0 f   mfc140d:mfc140d.dll
 0001:000243c6       ?SaveAllModified@CWinApp@@UAEHXZ 004253c6 f   mfc140d:mfc140d.dll
 0001:000243cc       ?DoMessageBox@CWinApp@@UAEHPBDII@Z 004253cc f   mfc140d:mfc140d.dll
 0001:000243d2       ?DoWaitCursor@CWinApp@@UAEXH@Z 004253d2 f   mfc140d:mfc140d.dll
 0001:000243d8       ?OnDDECommand@CWinApp@@UAEHPAD@Z 004253d8 f   mfc140d:mfc140d.dll
 0001:000243de       ?WinHelpA@CWinApp@@UAEXKI@Z 004253de f   mfc140d:mfc140d.dll
 0001:000243e4       ?HtmlHelpA@CWinApp@@UAEXKI@Z 004253e4 f   mfc140d:mfc140d.dll
 0001:000243ea       ?WinHelpInternal@CWinApp@@UAEXKI@Z 004253ea f   mfc140d:mfc140d.dll
 0001:000243f0       ?RegisterWithRestartManager@CWinApp@@UAEJHABV?$CStringT@DV?$StrTraitMFC_DLL@DV?$ChTraitsCRT@D@ATL@@@@@ATL@@@Z 004253f0 f   mfc140d:mfc140d.dll
 0001:000243f6       ?RegisterWithRestartManager@CWinApp@@UAEJPB_WKP6GKPAX@Z1KK@Z 004253f6 f   mfc140d:mfc140d.dll
 0001:000243fc       ?ApplicationRecoveryCallback@CWinApp@@UAEKPAX@Z 004253fc f   mfc140d:mfc140d.dll
 0001:00024402       ?OnHelp@CWinApp@@IAEXXZ    00425402 f   mfc140d:mfc140d.dll
 0001:00024408       ?GetDataRecoveryHandler@CWinApp@@UAEPAVCDataRecoveryHandler@@XZ 00425408 f   mfc140d:mfc140d.dll
 0001:0002440e       ?IsTaskbarInteractionEnabled@CWinApp@@UAEHXZ 0042540e f   mfc140d:mfc140d.dll
 0001:00024414       ?RestartInstance@CWinApp@@UAEHXZ 00425414 f   mfc140d:mfc140d.dll
 0001:0002441a       ?Run@CWinApp@@UAEHXZ       0042541a f   mfc140d:mfc140d.dll
 0001:00024420       ?OnIdle@CWinApp@@UAEHJ@Z   00425420 f   mfc140d:mfc140d.dll
 0001:00024426       ?ProcessWndProcException@CWinApp@@UAEJPAVCException@@PBUtagMSG@@@Z 00425426 f   mfc140d:mfc140d.dll
 0001:0002442c       ?LoadAppLangResourceDLL@CWinApp@@UAEPAUHINSTANCE__@@XZ 0042542c f   mfc140d:mfc140d.dll
 0001:00024432       ??1CWinApp@@UAE@XZ         00425432 f   mfc140d:mfc140d.dll
 0001:00024438       ?AssertValid@CWinApp@@UBEXXZ 00425438 f   mfc140d:mfc140d.dll
 0001:0002443e       ?Dump@CWinApp@@UBEXAAVCDumpContext@@@Z 0042543e f   mfc140d:mfc140d.dll
 0001:00024444       ?GetThisMessageMap@CWinApp@@KGPBUAFX_MSGMAP@@XZ 00425444 f   mfc140d:mfc140d.dll
 0001:0002444a       ?LoadSysPolicies@CWinApp@@UAEHXZ 0042544a f   mfc140d:mfc140d.dll
 0001:00024450       ?AfxMessageBox@@YGHIII@Z   00425450 f   mfc140d:mfc140d.dll
 0001:00024456       ?AfxEnableControlContainer@@YAXPAVCOccManager@@@Z 00425456 f   mfc140d:mfc140d.dll
 0001:0002445c       ??B?$CSimpleStringT@D$00@ATL@@QBEPBDXZ 0042545c f   mfc140d:mfc140d.dll
 0001:00024462       ?IsEmpty@?$CSimpleStringT@D$00@ATL@@QBE_NXZ 00425462 f   mfc140d:mfc140d.dll
 0001:00024468       ??0?$CStringT@DV?$StrTraitMFC_DLL@DV?$ChTraitsCRT@D@ATL@@@@@ATL@@QAE@XZ 00425468 f   mfc140d:mfc140d.dll
 0001:0002446e       ??1?$CStringT@DV?$StrTraitMFC_DLL@DV?$ChTraitsCRT@D@ATL@@@@@ATL@@QAE@XZ 0042546e f   mfc140d:mfc140d.dll
 0001:00024474       ?Format@?$CStringT@DV?$StrTraitMFC_DLL@DV?$ChTraitsCRT@D@ATL@@@@@ATL@@QAAXPBDZZ 00425474 f   mfc140d:mfc140d.dll
 0001:0002447a       ?LoadStringA@?$CStringT@DV?$StrTraitMFC_DLL@DV?$ChTraitsCRT@D@ATL@@@@@ATL@@QAEHI@Z 0042547a f   mfc140d:mfc140d.dll
 0001:00024480       ??0CFont@@QAE@XZ           00425480 f   mfc140d:mfc140d.dll
 0001:00024486       ?CreateFontIndirectA@CFont@@QAEHPBUtagLOGFONTA@@@Z 00425486 f   mfc140d:mfc140d.dll
 0001:0002448c       ?AppendMenuA@CMenu@@QAEHIIPBD@Z 0042548c f   mfc140d:mfc140d.dll
 0001:00024492       ?DDX_Control@@YGXPAVCDataExchange@@HAAVCWnd@@@Z 00425492 f   mfc140d:mfc140d.dll
 0001:00024498       ?PreSubclassWindow@CWnd@@UAEXXZ 00425498 f   mfc140d:mfc140d.dll
 0001:0002449e       ?Create@CWnd@@UAEHPBD0KABUtagRECT@@PAV1@IPAUCCreateContext@@@Z 0042549e f   mfc140d:mfc140d.dll
 0001:000244a4       ?CreateEx@CWnd@@UAEHKPBD0KHHHHPAUHWND__@@PAUHMENU__@@PAX@Z 004254a4 f   mfc140d:mfc140d.dll
 0001:000244aa       ?CreateEx@CWnd@@UAEHKPBD0KABUtagRECT@@PAV1@IPAX@Z 004254aa f   mfc140d:mfc140d.dll
 0001:000244b0       ?DestroyWindow@CWnd@@UAEHXZ 004254b0 f   mfc140d:mfc140d.dll
 0001:000244b6       ?PreCreateWindow@CWnd@@UAEHAAUtagCREATESTRUCTA@@@Z 004254b6 f   mfc140d:mfc140d.dll
 0001:000244bc       ?CalcWindowRect@CWnd@@UAEXPAUtagRECT@@I@Z 004254bc f   mfc140d:mfc140d.dll
 0001:000244c2       ?SetWindowTextA@CWnd@@QAEXPBD@Z 004254c2 f   mfc140d:mfc140d.dll
 0001:000244c8       ?SetFont@CWnd@@QAEXPAVCFont@@H@Z 004254c8 f   mfc140d:mfc140d.dll
 0001:000244ce       ?GetMenu@CWnd@@UBEPAVCMenu@@XZ 004254ce f   mfc140d:mfc140d.dll
 0001:000244d4       ?SetMenu@CWnd@@UAEHPAVCMenu@@@Z 004254d4 f   mfc140d:mfc140d.dll
 0001:000244da       ?GetSystemMenu@CWnd@@QBEPAVCMenu@@H@Z 004254da f   mfc140d:mfc140d.dll
 0001:000244e0       ?OnToolHitTest@CWnd@@UBEHVCPoint@@PAUtagTOOLINFOA@@@Z 004254e0 f   mfc140d:mfc140d.dll
 0001:000244e6       ?GetScrollBarCtrl@CWnd@@UBEPAVCScrollBar@@H@Z 004254e6 f   mfc140d:mfc140d.dll
 0001:000244ec       ?SetIcon@CWnd@@QAEPAUHICON__@@PAU2@H@Z 004254ec f   mfc140d:mfc140d.dll
 0001:000244f2       ?WinHelpA@CWnd@@UAEXKI@Z   004254f2 f   mfc140d:mfc140d.dll
 0001:000244f8       ?HtmlHelpA@CWnd@@UAEXKI@Z  004254f8 f   mfc140d:mfc140d.dll
 0001:000244fe       ?WinHelpInternal@CWnd@@UAEXKI@Z 004254fe f   mfc140d:mfc140d.dll
 0001:00024504       ?ContinueModal@CWnd@@UAEHXZ 00425504 f   mfc140d:mfc140d.dll
 0001:0002450a       ?EndModalLoop@CWnd@@UAEXH@Z 0042550a f   mfc140d:mfc140d.dll
 0001:00024510       ?OnDrawIconicThumbnailOrLivePreview@CWnd@@UAEXAAVCDC@@VCRect@@VCSize@@HAAH@Z 00425510 f   mfc140d:mfc140d.dll
 0001:00024516       ?GetInterfaceMap@CWnd@@MBEPBUAFX_INTERFACEMAP@@XZ 00425516 f   mfc140d:mfc140d.dll
 0001:0002451c       ?EnsureStdObj@CWnd@@UAEJXZ 0042551c f   mfc140d:mfc140d.dll
 0001:00024522       ?get_accParent@CWnd@@UAEJPAPAUIDispatch@@@Z 00425522 f   mfc140d:mfc140d.dll
 0001:00024528       ?get_accChildCount@CWnd@@UAEJPAJ@Z 00425528 f   mfc140d:mfc140d.dll
 0001:0002452e       ?get_accChild@CWnd@@UAEJUtagVARIANT@@PAPAUIDispatch@@@Z 0042552e f   mfc140d:mfc140d.dll
 0001:00024534       ?get_accName@CWnd@@UAEJUtagVARIANT@@PAPA_W@Z 00425534 f   mfc140d:mfc140d.dll
 0001:0002453a       ?get_accValue@CWnd@@UAEJUtagVARIANT@@PAPA_W@Z 0042553a f   mfc140d:mfc140d.dll
 0001:00024540       ?get_accDescription@CWnd@@UAEJUtagVARIANT@@PAPA_W@Z 00425540 f   mfc140d:mfc140d.dll
 0001:00024546       ?get_accRole@CWnd@@UAEJUtagVARIANT@@PAU2@@Z 00425546 f   mfc140d:mfc140d.dll
 0001:0002454c       ?get_accState@CWnd@@UAEJUtagVARIANT@@PAU2@@Z 0042554c f   mfc140d:mfc140d.dll
 0001:00024552       ?get_accHelp@CWnd@@UAEJUtagVARIANT@@PAPA_W@Z 00425552 f   mfc140d:mfc140d.dll
 0001:00024558       ?get_accHelpTopic@CWnd@@UAEJPAPA_WUtagVARIANT@@PAJ@Z 00425558 f   mfc140d:mfc140d.dll
 0001:0002455e       ?get_accKeyboardShortcut@CWnd@@UAEJUtagVARIANT@@PAPA_W@Z 0042555e f   mfc140d:mfc140d.dll
 0001:00024564       ?get_accFocus@CWnd@@UAEJPAUtagVARIANT@@@Z 00425564 f   mfc140d:mfc140d.dll
 0001:0002456a       ?get_accSelection@CWnd@@UAEJPAUtagVARIANT@@@Z 0042556a f   mfc140d:mfc140d.dll
 0001:00024570       ?get_accDefaultAction@CWnd@@UAEJUtagVARIANT@@PAPA_W@Z 00425570 f   mfc140d:mfc140d.dll
 0001:00024576       ?accSelect@CWnd@@UAEJJUtagVARIANT@@@Z 00425576 f   mfc140d:mfc140d.dll
 0001:0002457c       ?accLocation@CWnd@@UAEJPAJ000UtagVARIANT@@@Z 0042557c f   mfc140d:mfc140d.dll
 0001:00024582       ?accNavigate@CWnd@@UAEJJUtagVARIANT@@PAU2@@Z 00425582 f   mfc140d:mfc140d.dll
 0001:00024588       ?accHitTest@CWnd@@UAEJJJPAUtagVARIANT@@@Z 00425588 f   mfc140d:mfc140d.dll
 0001:0002458e       ?accDoDefaultAction@CWnd@@UAEJUtagVARIANT@@@Z 0042558e f   mfc140d:mfc140d.dll
 0001:00024594       ?put_accName@CWnd@@UAEJUtagVARIANT@@PA_W@Z 00425594 f   mfc140d:mfc140d.dll
 0001:0002459a       ?put_accValue@CWnd@@UAEJUtagVARIANT@@PA_W@Z 0042559a f   mfc140d:mfc140d.dll
 0001:000245a0       ?SetProxy@CWnd@@UAEJPAUIAccessibleProxy@@@Z 004255a0 f   mfc140d:mfc140d.dll
 0001:000245a6       ?CreateAccessibleProxy@CWnd@@UAEJIJPAJ@Z 004255a6 f   mfc140d:mfc140d.dll
 0001:000245ac       ?OnCommand@CWnd@@MAEHIJ@Z  004255ac f   mfc140d:mfc140d.dll
 0001:000245b2       ?OnNotify@CWnd@@MAEHIJPAJ@Z 004255b2 f   mfc140d:mfc140d.dll
 0001:000245b8       ?OnClose@CWnd@@IAEXXZ      004255b8 f   mfc140d:mfc140d.dll
 0001:000245be       ?OnQueryDragIcon@CWnd@@IAEPAUHICON__@@XZ 004255be f   mfc140d:mfc140d.dll
 0001:000245c4       ?OnSysCommand@CWnd@@IAEXIJ@Z 004255c4 f   mfc140d:mfc140d.dll
 0001:000245ca       ?GetSuperWndProcAddr@CWnd@@MAEPAP6GJPAUHWND__@@IIJ@ZXZ 004255ca f   mfc140d:mfc140d.dll
 0001:000245d0       ?DoDataExchange@CWnd@@MAEXPAVCDataExchange@@@Z 004255d0 f   mfc140d:mfc140d.dll
 0001:000245d6       ?BeginModalState@CWnd@@UAEXXZ 004255d6 f   mfc140d:mfc140d.dll
 0001:000245dc       ?EndModalState@CWnd@@UAEXXZ 004255dc f   mfc140d:mfc140d.dll
 0001:000245e2       ?OnAmbientProperty@CWnd@@UAEHPAVCOleControlSite@@JPAUtagVARIANT@@@Z 004255e2 f   mfc140d:mfc140d.dll
 0001:000245e8       ?WindowProc@CWnd@@MAEJIIJ@Z 004255e8 f   mfc140d:mfc140d.dll
 0001:000245ee       ?OnWndMsg@CWnd@@MAEHIIJPAJ@Z 004255ee f   mfc140d:mfc140d.dll
 0001:000245f4       ?DefWindowProcA@CWnd@@MAEJIIJ@Z 004255f4 f   mfc140d:mfc140d.dll
 0001:000245fa       ?PostNcDestroy@CWnd@@MAEXXZ 004255fa f   mfc140d:mfc140d.dll
 0001:00024600       ?OnChildNotify@CWnd@@MAEHIIJPAJ@Z 00425600 f   mfc140d:mfc140d.dll
 0001:00024606       ?OnTouchInputs@CWnd@@MAEHIPAUtagTOUCHINPUT@@@Z 00425606 f   mfc140d:mfc140d.dll
 0001:0002460c       ?OnTouchInput@CWnd@@MAEHVCPoint@@HHPAUtagTOUCHINPUT@@@Z 0042560c f   mfc140d:mfc140d.dll
 0001:00024612       ?GetGestureStatus@CWnd@@MAEKVCPoint@@@Z 00425612 f   mfc140d:mfc140d.dll
 0001:00024618       ?OnGestureZoom@CWnd@@MAEHVCPoint@@J@Z 00425618 f   mfc140d:mfc140d.dll
 0001:0002461e       ?OnGesturePan@CWnd@@MAEHVCPoint@@0@Z 0042561e f   mfc140d:mfc140d.dll
 0001:00024624       ?OnGestureRotate@CWnd@@MAEHVCPoint@@N@Z 00425624 f   mfc140d:mfc140d.dll
 0001:0002462a       ?OnGestureTwoFingerTap@CWnd@@MAEHVCPoint@@@Z 0042562a f   mfc140d:mfc140d.dll
 0001:00024630       ?OnGesturePressAndTap@CWnd@@MAEHVCPoint@@J@Z 00425630 f   mfc140d:mfc140d.dll
 0001:00024636       ?ResizeDynamicLayout@CWnd@@MAEXXZ 00425636 f   mfc140d:mfc140d.dll
 0001:0002463c       ?IsFrameWnd@CWnd@@UBEHXZ   0042563c f   mfc140d:mfc140d.dll
 0001:00024642       ?OnFinalRelease@CWnd@@UAEXXZ 00425642 f   mfc140d:mfc140d.dll
 0001:00024648       ?CreateControlContainer@CWnd@@MAEHPAPAVCOleControlContainer@@@Z 00425648 f   mfc140d:mfc140d.dll
 0001:0002464e       ?CreateControlSite@CWnd@@MAEHPAVCOleControlContainer@@PAPAVCOleControlSite@@IABU_GUID@@@Z 0042564e f   mfc140d:mfc140d.dll
 0001:00024654       ?GetRuntimeClass@CDialog@@UBEPAUCRuntimeClass@@XZ 00425654 f   mfc140d:mfc140d.dll
 0001:0002465a       ?Create@CDialog@@UAEHPBDPAVCWnd@@@Z 0042565a f   mfc140d:mfc140d.dll
 0001:00024660       ?Create@CDialog@@UAEHIPAVCWnd@@@Z 00425660 f   mfc140d:mfc140d.dll
 0001:00024666       ?CreateIndirect@CDialog@@UAEHPBUDLGTEMPLATE@@PAVCWnd@@PAX@Z 00425666 f   mfc140d:mfc140d.dll
 0001:0002466c       ?CreateIndirect@CDialog@@UAEHPAXPAVCWnd@@@Z 0042566c f   mfc140d:mfc140d.dll
 0001:00024672       ??0CDialog@@QAE@IPAVCWnd@@@Z 00425672 f   mfc140d:mfc140d.dll
 0001:00024678       ?EndDialog@CDialog@@QAEXH@Z 00425678 f   mfc140d:mfc140d.dll
 0001:0002467e       ?OnInitDialog@CDialog@@UAEHXZ 0042567e f   mfc140d:mfc140d.dll
 0001:00024684       ?OnSetFont@CDialog@@UAEXPAVCFont@@@Z 00425684 f   mfc140d:mfc140d.dll
 0001:0002468a       ?OnOK@CDialog@@MAEXXZ      0042568a f   mfc140d:mfc140d.dll
 0001:00024690       ?OnCancel@CDialog@@MAEXXZ  00425690 f   mfc140d:mfc140d.dll
 0001:00024696       ?AssertValid@CDialog@@UBEXXZ 00425696 f   mfc140d:mfc140d.dll
 0001:0002469c       ?Dump@CDialog@@UBEXAAVCDumpContext@@@Z 0042569c f   mfc140d:mfc140d.dll
 0001:000246a2       ?PreTranslateMessage@CDialog@@UAEHPAUtagMSG@@@Z 004256a2 f   mfc140d:mfc140d.dll
 0001:000246a8       ?OnCmdMsg@CDialog@@UAEHIHPAXPAUAFX_CMDHANDLERINFO@@@Z 004256a8 f   mfc140d:mfc140d.dll
 0001:000246ae       ?CheckAutoCenter@CDialog@@UAEHXZ 004256ae f   mfc140d:mfc140d.dll
 0001:000246b4       ?SetOccDialogInfo@CDialog@@MAEHPAU_AFX_OCC_DIALOG_INFO@@@Z 004256b4 f   mfc140d:mfc140d.dll
 0001:000246ba       ?GetOccDialogInfo@CDialog@@MAEPAU_AFX_OCC_DIALOG_INFO@@XZ 004256ba f   mfc140d:mfc140d.dll
 0001:000246c0       ?PreInitDialog@CDialog@@MAEXXZ 004256c0 f   mfc140d:mfc140d.dll
 0001:000246c6       ?GetThisMessageMap@CDialog@@KGPBUAFX_MSGMAP@@XZ 004256c6 f   mfc140d:mfc140d.dll
 0001:000246cc       ??0CStatic@@QAE@XZ         004256cc f   mfc140d:mfc140d.dll
 0001:000246d2       ??0CListBox@@QAE@XZ        004256d2 f   mfc140d:mfc140d.dll
 0001:000246d8       ?GetCount@CListBox@@QBEHXZ 004256d8 f   mfc140d:mfc140d.dll
 0001:000246de       ?GetTopIndex@CListBox@@QBEHXZ 004256de f   mfc140d:mfc140d.dll
 0001:000246e4       ?SetTopIndex@CListBox@@QAEHH@Z 004256e4 f   mfc140d:mfc140d.dll
 0001:000246ea       ?AddString@CListBox@@QAEHPBD@Z 004256ea f   mfc140d:mfc140d.dll
 0001:000246f0       ?DeleteString@CListBox@@QAEHI@Z 004256f0 f   mfc140d:mfc140d.dll
 0001:000246f6       ?ResetContent@CListBox@@QAEXXZ 004256f6 f   mfc140d:mfc140d.dll
 0001:000246fc       ?AfxGetApp@@YGPAVCWinApp@@XZ 004256fc f   mfc140d:mfc140d.dll
 0001:00024702       ?AfxGetInstanceHandle@@YGPAUHINSTANCE__@@XZ 00425702 f   mfc140d:mfc140d.dll
 0001:00024708       ?LoadIconA@CWinApp@@QBEPAUHICON__@@I@Z 00425708 f   mfc140d:mfc140d.dll
 0001:0002470e       ?AfxMessageBox@@YGHPBDII@Z 0042570e f   mfc140d:mfc140d.dll
 0001:00024720       ??1CComBSTR@ATL@@QAE@XZ    00425720 f i mfcs140d:nolib.obj
 0001:00024760       ??1stringdispid@CComTypeInfoHolder@ATL@@QAE@XZ 00425760 f i mfcs140d:nolib.obj
 0001:00024790       ??_Estringdispid@CComTypeInfoHolder@ATL@@QAEPAXI@Z 00425790 f i mfcs140d:nolib.obj
 0001:00024870       _IsolationAwareActivateActCtx@8 00425870 f i mfcs140d:nolib.obj
 0001:00024930       _IsolationAwareCreateActCtxW@4 00425930 f i mfcs140d:nolib.obj
 0001:000249f0       _IsolationAwareDeactivateActCtx@8 004259f0 f i mfcs140d:nolib.obj
 0001:00024ab0       _IsolationAwareFindActCtxSectionStringW@20 00425ab0 f i mfcs140d:nolib.obj
 0001:00024b80       _IsolationAwarePrivatenPgViNgRzlnPgpgk@4 00425b80 f i mfcs140d:nolib.obj
 0001:00024ca0       _IsolationAwarePrivatezltRgCebPnQQeRff@12 00425ca0 f i mfcs140d:nolib.obj
 0001:00024d70       _IsolationAwarePrivatezltRgzbQhYRuNaQYRJ@4 00425d70 f i mfcs140d:nolib.obj
 0001:00024da0       _IsolationAwarePrivatezltRgzbQhYRuNaQYRn@4 00425da0 f i mfcs140d:nolib.obj
 0001:00024dd0       _IsolationAwareQueryActCtxW@28 00425dd0 f i mfcs140d:nolib.obj
 0001:00024eb0       _IsolationAwareUnregisterClassA@8 00425eb0 f i mfcs140d:nolib.obj
 0001:000250c0       _WinbaseIsolationAwarePrivatetRgCebPnQQeRff_xReaRYQP_QYY@4 004260c0 f i mfcs140d:nolib.obj
 0001:000250f0       _WinbaseIsolationAwarePrivatetRgzlnPgpgk@0 004260f0 f i mfcs140d:nolib.obj
 0001:00025540       ?AfxSocketInit@@YGHPAUWSAData@@@Z 00426540 f   mfcs140d:sockexp.obj
 0001:00025570       ?configure_argv@__scrt_narrow_argv_policy@@SAHXZ 00426570 f i msvcrtd:utility.obj
 0001:00025640       ?initialize_environment@__scrt_narrow_environment_policy@@SAHXZ 00426640 f i msvcrtd:utility.obj
 0001:000256e0       _NtCurrentTeb              004266e0 f i msvcrtd:utility.obj
 0001:000256f0       ___scrt_acquire_startup_lock 004266f0 f   msvcrtd:utility.obj
 0001:00025750       ___scrt_dllmain_after_initialize_c 00426750 f   msvcrtd:utility.obj
 0001:00025790       ___scrt_dllmain_before_initialize_c 00426790 f   msvcrtd:utility.obj
 0001:000257c0       ___scrt_dllmain_crt_thread_attach 004267c0 f   msvcrtd:utility.obj
 0001:00025800       ___scrt_dllmain_crt_thread_detach 00426800 f   msvcrtd:utility.obj
 0001:00025820       ___scrt_dllmain_exception_filter 00426820 f   msvcrtd:utility.obj
 0001:00025880       ___scrt_dllmain_uninitialize_c 00426880 f   msvcrtd:utility.obj
 0001:000258c0       ___scrt_dllmain_uninitialize_critical 004268c0 f   msvcrtd:utility.obj
 0001:000258e0       ___scrt_initialize_crt     004268e0 f   msvcrtd:utility.obj
 0001:00025940       ___scrt_initialize_onexit_tables 00426940 f   msvcrtd:utility.obj
 0001:00025a50       ___scrt_is_nonwritable_in_current_image 00426a50 f   msvcrtd:utility.obj
 0001:00025bd0       ___scrt_release_startup_lock 00426bd0 f   msvcrtd:utility.obj
 0001:00025c00       ___scrt_uninitialize_crt   00426c00 f   msvcrtd:utility.obj
 0001:00025c50       __onexit                   00426c50 f   msvcrtd:utility.obj
 0001:00025cd0       _at_quick_exit             00426cd0 f   msvcrtd:utility.obj
 0001:00025d20       _atexit                    00426d20 f   msvcrtd:utility.obj
 0001:00025d60       @__security_check_cookie@4 00426d60 f   msvcrtd:secchk.obj
 0001:00025d80       ??1type_info@@UAE@XZ       00426d80 f   msvcrtd:std_type_info_static.obj
 0001:00025da0       ??_Etype_info@@UAEPAXI@Z   00426da0 f i msvcrtd:std_type_info_static.obj
 0001:00025da0       ??_Gtype_info@@UAEPAXI@Z   00426da0 f i msvcrtd:std_type_info_static.obj
 0001:00025de0       ??3@YAXPAXI@Z              00426de0 f   msvcrtd:delete_scalar_size.obj
 0001:00025f50       __Init_thread_abort        00426f50 f   msvcrtd:thread_safe_statics.obj
 0001:00025f80       __Init_thread_footer       00426f80 f   msvcrtd:thread_safe_statics.obj
 0001:00025fe0       __Init_thread_header       00426fe0 f   msvcrtd:thread_safe_statics.obj
 0001:00026070       __Init_thread_lock         00427070 f   msvcrtd:thread_safe_statics.obj
 0001:00026090       __Init_thread_notify       00427090 f   msvcrtd:thread_safe_statics.obj
 0001:000260f0       __Init_thread_unlock       004270f0 f   msvcrtd:thread_safe_statics.obj
 0001:00026110       __Init_thread_wait         00427110 f   msvcrtd:thread_safe_statics.obj
 0001:000261c0       ___raise_securityfailure   004271c0 f   msvcrtd:gs_report.obj
 0001:00026200       ___report_gsfailure        00427200 f   msvcrtd:gs_report.obj
 0001:00026350       ___report_rangecheckfailure 00427350 f   msvcrtd:gs_report.obj
 0001:00026360       ___report_securityfailure  00427360 f   msvcrtd:gs_report.obj
 0001:00026470       ___report_securityfailureEx 00427470 f   msvcrtd:gs_report.obj
 0001:000269f0       ?set_app_type@__scrt_winmain_policy@@SAXXZ 004279f0 f i msvcrtd:exe_winmain.obj
 0001:00026a10       ?set_commode@__scrt_file_policy@@SAXXZ 00427a10 f i msvcrtd:exe_winmain.obj
 0001:00026a30       ?set_fmode@__scrt_file_policy@@SAXXZ 00427a30 f i msvcrtd:exe_winmain.obj
 0001:00026a50       _WinMainCRTStartup         00427a50 f   msvcrtd:exe_winmain.obj
 0001:00026a60       ??_M@YGXPAXIHP6EX0@Z@Z     00427a60 f   msvcrtd:ehvecdtr.obj
 0001:00026a90       ??_M@YGXPAXIIP6EX0@Z@Z     00427a90 f   msvcrtd:ehvecdtr.obj
 0001:00026bf0       ?__ArrayUnwind@@YGXPAXIIP6EX0@Z@Z 00427bf0 f   msvcrtd:ehvecdtr.obj
 0001:00026cd0       ??_V@YAXPAXI@Z             00427cd0 f   msvcrtd:delete_array_size.obj
 0001:00026cf0       @_RTC_AllocaHelper@12      00427cf0 f   msvcrtd:stack.obj
 0001:00026d30       @_RTC_CheckStackVars2@12   00427d30 f   msvcrtd:stack.obj
 0001:00026e40       @_RTC_CheckStackVars@8     00427e40 f   msvcrtd:stack.obj
 0001:00026eb0       __RTC_CheckEsp             00427eb0 f   msvcrtd:stack.obj
 0001:00026ef0       __CRT_RTC_INIT             00427ef0 f   msvcrtd:init.obj
 0001:00026f00       __CRT_RTC_INITW            00427f00 f   msvcrtd:init.obj
 0001:00026f10       __RTC_InitBase             00427f10 f   msvcrtd:init.obj
 0001:00026f50       __RTC_Shutdown             00427f50 f   msvcrtd:init.obj
 0001:00026f70       __except_handler4          00427f70 f   msvcrtd:chandler4gs.obj
 0001:00026fc0       @_guard_check_icall_nop@4  00427fc0 f i msvcrtd:guard_support.obj
 0001:00026fd0       _ReadNoFence               00427fd0 f i msvcrtd:guard_support.obj
 0001:00026ff0       _ReadPointerNoFence        00427ff0 f i msvcrtd:guard_support.obj
 0001:00027010       __guard_icall_checks_enforced 00428010 f i msvcrtd:guard_support.obj
 0001:00027050       ___isa_available_init      00428050 f   msvcrtd:cpu_disp.obj
 0001:00027450       __get_startup_argv_mode    00428450 f   msvcrtd:argv_mode.obj
 0001:00027460       ___scrt_is_ucrt_dll_in_use 00428460 f   msvcrtd:ucrt_detection.obj
 0001:00027490       ___scrt_fastfail           00428490 f   msvcrtd:utility_desktop.obj
 0001:00027620       ___scrt_get_show_window_mode 00428620 f   msvcrtd:utility_desktop.obj
 0001:00027670       ___scrt_initialize_mta     00428670 f   msvcrtd:utility_desktop.obj
 0001:00027680       ___scrt_initialize_winrt   00428680 f   msvcrtd:utility_desktop.obj
 0001:00027690       ___scrt_is_managed_app     00428690 f   msvcrtd:utility_desktop.obj
 0001:00027740       ___scrt_set_unhandled_exception_filter 00428740 f   msvcrtd:utility_desktop.obj
 0001:00027760       ___scrt_stub_for_initialize_mta 00428760 f   msvcrtd:utility_desktop.obj
 0001:00027760       ___scrt_exe_initialize_mta 00428760 f   msvcrtd:utility_desktop.obj
 0001:00027770       ___scrt_unhandled_exception_filter@4 00428770 f   msvcrtd:utility_desktop.obj
 0001:00027810       __crt_debugger_hook        00428810 f   msvcrtd:utility_desktop.obj
 0001:000278c0       ___security_init_cookie    004288c0 f   msvcrtd:gs_support.obj
 0001:00027960       __matherr                  00428960 f   msvcrtd:matherr.obj
 0001:00027970       __get_startup_commit_mode  00428970 f   msvcrtd:commit_mode.obj
 0001:00027980       __get_startup_file_mode    00428980 f   msvcrtd:file_mode.obj
 0001:00027990       __get_startup_new_mode     00428990 f   msvcrtd:new_mode.obj
 0001:000279a0       __get_startup_thread_locale_mode 004289a0 f   msvcrtd:thread_locale.obj
 0001:000279b0       ?__scrt_initialize_type_info@@YAXXZ 004289b0 f   msvcrtd:tncleanup.obj
 0001:000279d0       ?__scrt_uninitialize_type_info@@YAXXZ 004289d0 f   msvcrtd:tncleanup.obj
 0001:000279f0       __should_initialize_environment 004289f0 f   msvcrtd:env_mode.obj
 0001:00027a00       __initialize_default_precision 00428a00 f   msvcrtd:default_precision.obj
 0001:00027a30       __initialize_invalid_parameter_handler 00428a30 f   msvcrtd:invalid_parameter_handler.obj
 0001:00027a40       __initialize_denormal_control 00428a40 f   msvcrtd:denormal_control.obj
 0001:00027a50       ___scrt_initialize_default_local_stdio_options 00428a50 f   msvcrtd:default_local_stdio_options.obj
 0001:00027aa0       ___scrt_is_user_matherr_present 00428aa0 f   msvcrtd:matherr_detection.obj
 0001:00027ad0       ___scrt_get_dyn_tls_init_callback 00428ad0 f   msvcrtd:dyn_tls_init.obj
 0001:00027ae0       ___scrt_get_dyn_tls_dtor_callback 00428ae0 f   msvcrtd:dyn_tls_dtor.obj
 0001:00027af0       __RTC_Initialize           00428af0 f   msvcrtd:initsect.obj
 0001:00027b30       __RTC_Terminate            00428b30 f   msvcrtd:initsect.obj
 0001:00027b70       ??_V@YAXPAX@Z              00428b70 f   msvcrtd:delete_array.obj
 0001:00027c40       ?_RTC_AllocaFailure@@YAXPAXPAU_RTC_ALLOCA_NODE@@H@Z 00428c40 f   msvcrtd:error.obj
 0001:00027d60       ?_RTC_Failure@@YAXPAXH@Z   00428d60 f   msvcrtd:error.obj
 0001:00027dd0       ?_RTC_StackFailure@@YAXPAXPBD@Z 00428dd0 f   msvcrtd:error.obj
 0001:00028280       __RTC_UninitUse            00429280 f   msvcrtd:error.obj
 0001:00028360       __vsprintf_s_l             00429360 f i msvcrtd:error.obj
 0001:000283a0       _sprintf_s                 004293a0 f i msvcrtd:error.obj
 0001:000283d0       ?_RTC_GetErrorFunc@@YAP6AHHPBDH00ZZPBX@Z 004293d0 f   msvcrtd:userapi.obj
 0001:000283e0       ?_RTC_GetErrorFuncW@@YAP6AHHPB_WH00ZZPBX@Z 004293e0 f   msvcrtd:userapi.obj
 0001:000283f0       __RTC_GetErrDesc           004293f0 f   msvcrtd:userapi.obj
 0001:00028410       __RTC_NumErrors            00429410 f   msvcrtd:userapi.obj
 0001:00028420       __RTC_SetErrorFunc         00429420 f   msvcrtd:userapi.obj
 0001:00028450       __RTC_SetErrorFuncW        00429450 f   msvcrtd:userapi.obj
 0001:00028480       __RTC_SetErrorType         00429480 f   msvcrtd:userapi.obj
 0001:00028a40       ?_RTC_GetSrcLine@@YAHPAEPA_WKPAH1K@Z 00429a40 f   msvcrtd:pdblkup.obj
 0001:00028ea0       __except_handler4_noexcept 00429ea0 f   msvcrtd:chandler4_noexcept.obj
 0001:00028f11       _ReleaseSemaphore@12       00429f11 f   kernel32:KERNEL32.dll
 0001:00028f17       _ReleaseMutex@4            00429f17 f   kernel32:KERNEL32.dll
 0001:00028f1d       _WaitForSingleObject@8     00429f1d f   kernel32:KERNEL32.dll
 0001:00028f23       _CreateMutexA@12           00429f23 f   kernel32:KERNEL32.dll
 0001:00028f29       _Sleep@4                   00429f29 f   kernel32:KERNEL32.dll
 0001:00028f2f       _CreateThread@24           00429f2f f   kernel32:KERNEL32.dll
 0001:00028f35       _GetCurrentThread@0        00429f35 f   kernel32:KERNEL32.dll
 0001:00028f3b       _SetThreadPriority@8       00429f3b f   kernel32:KERNEL32.dll
 0001:00028f41       _CreateSemaphoreA@16       00429f41 f   kernel32:KERNEL32.dll
 0001:00028f47       _DecodePointer@4           00429f47 f   kernel32:KERNEL32.dll
 0001:00028f4d       _RaiseException@16         00429f4d f   kernel32:KERNEL32.dll
 0001:00028f53       _GetLastError@0            00429f53 f   kernel32:KERNEL32.dll
 0001:00028f59       _SetLastError@4            00429f59 f   kernel32:KERNEL32.dll
 0001:00028f5f       _HeapDestroy@4             00429f5f f   kernel32:KERNEL32.dll
 0001:00028f65       _HeapAlloc@12              00429f65 f   kernel32:KERNEL32.dll
 0001:00028f6b       _HeapReAlloc@16            00429f6b f   kernel32:KERNEL32.dll
 0001:00028f71       _HeapFree@12               00429f71 f   kernel32:KERNEL32.dll
 0001:00028f77       _HeapSize@12               00429f77 f   kernel32:KERNEL32.dll
 0001:00028f7d       _GetProcessHeap@0          00429f7d f   kernel32:KERNEL32.dll
 0001:00028f83       _InitializeCriticalSectionEx@12 00429f83 f   kernel32:KERNEL32.dll
 0001:00028f89       _DeleteCriticalSection@4   00429f89 f   kernel32:KERNEL32.dll
 0001:00028f8f       _GetThreadPriority@4       00429f8f f   kernel32:KERNEL32.dll
 0001:00028f95       _MultiByteToWideChar@24    00429f95 f   kernel32:KERNEL32.dll
 0001:00028f9b       _InitializeCriticalSection@4 00429f9b f   kernel32:KERNEL32.dll
 0001:00028fa1       _EnterCriticalSection@4    00429fa1 f   kernel32:KERNEL32.dll
 0001:00028fa7       _LeaveCriticalSection@4    00429fa7 f   kernel32:KERNEL32.dll
 0001:00028fad       _OutputDebugStringA@4      00429fad f   kernel32:KERNEL32.dll
 0001:00028fb3       _InitializeCriticalSectionAndSpinCount@8 00429fb3 f   kernel32:KERNEL32.dll
 0001:00028fb9       _GetModuleFileNameW@12     00429fb9 f   kernel32:KERNEL32.dll
 0001:00028fbf       _GetModuleHandleA@4        00429fbf f   kernel32:KERNEL32.dll
 0001:00028fc5       _GetModuleHandleW@4        00429fc5 f   kernel32:KERNEL32.dll
 0001:00028fcb       _GetProcAddress@8          00429fcb f   kernel32:KERNEL32.dll
 0001:00028fd1       _LoadLibraryW@4            00429fd1 f   kernel32:KERNEL32.dll
 0001:00028fd7       _CloseHandle@4             00429fd7 f   kernel32:KERNEL32.dll
 0001:00028fdd       _SetEvent@4                00429fdd f   kernel32:KERNEL32.dll
 0001:00028fe3       _ResetEvent@4              00429fe3 f   kernel32:KERNEL32.dll
 0001:00028fe9       _WaitForSingleObjectEx@12  00429fe9 f   kernel32:KERNEL32.dll
 0001:00028fef       _CreateEventW@16           00429fef f   kernel32:KERNEL32.dll
 0001:00028ff5       _UnhandledExceptionFilter@4 00429ff5 f   kernel32:KERNEL32.dll
 0001:00028ffb       _SetUnhandledExceptionFilter@4 00429ffb f   kernel32:KERNEL32.dll
 0001:00029001       _GetCurrentProcess@0       0042a001 f   kernel32:KERNEL32.dll
 0001:00029007       _TerminateProcess@8        0042a007 f   kernel32:KERNEL32.dll
 0001:0002900d       _IsProcessorFeaturePresent@4 0042a00d f   kernel32:KERNEL32.dll
 0001:00029013       _IsDebuggerPresent@0       0042a013 f   kernel32:KERNEL32.dll
 0001:00029019       _GetStartupInfoW@4         0042a019 f   kernel32:KERNEL32.dll
 0001:0002901f       _QueryPerformanceCounter@4 0042a01f f   kernel32:KERNEL32.dll
 0001:00029025       _GetCurrentProcessId@0     0042a025 f   kernel32:KERNEL32.dll
 0001:0002902b       _GetCurrentThreadId@0      0042a02b f   kernel32:KERNEL32.dll
 0001:00029031       _GetSystemTimeAsFileTime@4 0042a031 f   kernel32:KERNEL32.dll
 0001:00029037       _InitializeSListHead@4     0042a037 f   kernel32:KERNEL32.dll
 0001:0002903d       _WideCharToMultiByte@32    0042a03d f   kernel32:KERNEL32.dll
 0001:00029043       _VirtualQuery@12           0042a043 f   kernel32:KERNEL32.dll
 0001:00029049       _FreeLibrary@4             0042a049 f   kernel32:KERNEL32.dll
 0001:0002904f       _LoadIconA@8               0042a04f f   user32:USER32.dll
 0001:00029055       _UnregisterClassA@8        0042a055 f   user32:USER32.dll
 0001:0002905b       _MessageBoxA@16            0042a05b f   user32:USER32.dll
 0001:00029061       ??$?2PAUHINSTANCE__@@@Wrapper@?$CSimpleArray@PAUHINSTANCE__@@V?$CSimpleArrayEqualHelper@PAUHINSTANCE__@@@ATL@@@ATL@@SAPAXIPAPAUHINSTANCE__@@@Z 0042a061 f i atls:atlbase.obj
 0001:0002906b       ??0?$CComCritSecLock@VCComCriticalSection@ATL@@@ATL@@QAE@AAVCComCriticalSection@1@_N@Z 0042a06b f i atls:atlbase.obj
 0001:0002909b       ??0?$CSimpleArray@PAUHINSTANCE__@@V?$CSimpleArrayEqualHelper@PAUHINSTANCE__@@@ATL@@@ATL@@QAE@XZ 0042a09b f i atls:atlbase.obj
 0001:000290ab       ??0CAtlBaseModule@ATL@@QAE@XZ 0042a0ab f   atls:atlbase.obj
 0001:00029112       ??0Wrapper@?$CSimpleArray@PAUHINSTANCE__@@V?$CSimpleArrayEqualHelper@PAUHINSTANCE__@@@ATL@@@ATL@@QAE@ABQAUHINSTANCE__@@@Z 0042a112 f i atls:atlbase.obj
 0001:00029126       ??0_ATL_BASE_MODULE70@ATL@@QAE@XZ 0042a126 f i atls:atlbase.obj
 0001:00029151       ??1?$CComCritSecLock@VCComCriticalSection@ATL@@@ATL@@QAE@XZ 0042a151 f i atls:atlbase.obj
 0001:0002916d       ??1?$CSimpleArray@PAUHINSTANCE__@@V?$CSimpleArrayEqualHelper@PAUHINSTANCE__@@@ATL@@@ATL@@QAE@XZ 0042a16d f i atls:atlbase.obj
 0001:00029172       ??1CAtlBaseModule@ATL@@QAE@XZ 0042a172 f   atls:atlbase.obj
 0001:0002918d       ??1_ATL_BASE_MODULE70@ATL@@QAE@XZ 0042a18d f i atls:atlbase.obj
 0001:00029197       ??A?$CSimpleArray@PAUHINSTANCE__@@V?$CSimpleArrayEqualHelper@PAUHINSTANCE__@@@ATL@@@ATL@@QAEAAPAUHINSTANCE__@@H@Z 0042a197 f i atls:atlbase.obj
 0001:000291c5       ?Add@?$CSimpleArray@PAUHINSTANCE__@@V?$CSimpleArrayEqualHelper@PAUHINSTANCE__@@@ATL@@@ATL@@QAEHABQAUHINSTANCE__@@@Z 0042a1c5 f i atls:atlbase.obj
 0001:00029267       ?AddResourceInstance@CAtlBaseModule@ATL@@QAE_NPAUHINSTANCE__@@@Z 0042a267 f   atls:atlbase.obj
 0001:000292a6       ?AtlCrtErrorCheck@ATL@@YAHH@Z 0042a2a6 f i atls:atlbase.obj
 0001:000292ef       ?AtlThrowImpl@ATL@@YGXJ@Z  0042a2ef f i atls:atlbase.obj
 0001:00029318       ?GetHInstanceAt@CAtlBaseModule@ATL@@QAEPAUHINSTANCE__@@H@Z 0042a318 f   atls:atlbase.obj
 0001:0002936e       ?GetSize@?$CSimpleArray@PAUHINSTANCE__@@V?$CSimpleArrayEqualHelper@PAUHINSTANCE__@@@ATL@@@ATL@@QBEHXZ 0042a36e f i atls:atlbase.obj
 0001:00029372       ?InternalSetAtIndex@?$CSimpleArray@PAUHINSTANCE__@@V?$CSimpleArrayEqualHelper@PAUHINSTANCE__@@@ATL@@@ATL@@QAEXHABQAUHINSTANCE__@@@Z 0042a372 f i atls:atlbase.obj
 0001:00029392       ?Lock@?$CComCritSecLock@VCComCriticalSection@ATL@@@ATL@@QAEJXZ 0042a392 f i atls:atlbase.obj
 0001:000293a9       ?Lock@CComCriticalSection@ATL@@QAEJXZ 0042a3a9 f i atls:atlbase.obj
 0001:000293b5       ?RemoveAll@?$CSimpleArray@PAUHINSTANCE__@@V?$CSimpleArrayEqualHelper@PAUHINSTANCE__@@@ATL@@@ATL@@QAEXXZ 0042a3b5 f i atls:atlbase.obj
 0001:000293d9       ?RemoveAt@?$CSimpleArray@PAUHINSTANCE__@@V?$CSimpleArrayEqualHelper@PAUHINSTANCE__@@@ATL@@@ATL@@QAEHH@Z 0042a3d9 f i atls:atlbase.obj
 0001:0002943a       ?RemoveResourceInstance@CAtlBaseModule@ATL@@QAE_NPAUHINSTANCE__@@@Z 0042a43a f   atls:atlbase.obj
 0001:000294ae       ?Unlock@?$CComCritSecLock@VCComCriticalSection@ATL@@@ATL@@QAEXXZ 0042a4ae f i atls:atlbase.obj
 0001:000294c3       ?Unlock@CComCriticalSection@ATL@@QAEJXZ 0042a4c3 f i atls:atlbase.obj
 0001:000294cf       ?memmove_s@Checked@ATL@@YAXPAXIPBXI@Z 0042a4cf f i atls:atlbase.obj
 0001:00029593       ??0?$CTraceCategoryEx@$00$0A@@ATL@@QAE@PB_W@Z 0042a593 f i atls:stdafx.obj
 0001:00029598       ??0?$CTraceCategoryEx@$01$0A@@ATL@@QAE@PB_W@Z 0042a598 f i atls:stdafx.obj
 0001:0002959d       ??0?$CTraceCategoryEx@$03$0A@@ATL@@QAE@PB_W@Z 0042a59d f i atls:stdafx.obj
 0001:000295a2       ??0?$CTraceCategoryEx@$07$0A@@ATL@@QAE@PB_W@Z 0042a5a2 f i atls:stdafx.obj
 0001:000295a7       ??0?$CTraceCategoryEx@$0BA@$0A@@ATL@@QAE@PB_W@Z 0042a5a7 f i atls:stdafx.obj
 0001:000295ac       ??0?$CTraceCategoryEx@$0BAA@$0A@@ATL@@QAE@PB_W@Z 0042a5ac f i atls:stdafx.obj
 0001:000295b1       ??0?$CTraceCategoryEx@$0BAAA@$0A@@ATL@@QAE@PB_W@Z 0042a5b1 f i atls:stdafx.obj
 0001:000295b6       ??0?$CTraceCategoryEx@$0BAAAA@$0A@@ATL@@QAE@PB_W@Z 0042a5b6 f i atls:stdafx.obj
 0001:000295bb       ??0?$CTraceCategoryEx@$0BAAAAA@$0A@@ATL@@QAE@PB_W@Z 0042a5bb f i atls:stdafx.obj
 0001:000295c0       ??0?$CTraceCategoryEx@$0CA@$0A@@ATL@@QAE@PB_W@Z 0042a5c0 f i atls:stdafx.obj
 0001:000295c5       ??0?$CTraceCategoryEx@$0CAA@$0A@@ATL@@QAE@PB_W@Z 0042a5c5 f i atls:stdafx.obj
 0001:000295ca       ??0?$CTraceCategoryEx@$0CAAA@$0A@@ATL@@QAE@PB_W@Z 0042a5ca f i atls:stdafx.obj
 0001:000295cf       ??0?$CTraceCategoryEx@$0CAAAA@$0A@@ATL@@QAE@PB_W@Z 0042a5cf f i atls:stdafx.obj
 0001:000295d4       ??0?$CTraceCategoryEx@$0CAAAAA@$0A@@ATL@@QAE@PB_W@Z 0042a5d4 f i atls:stdafx.obj
 0001:000295d9       ??0?$CTraceCategoryEx@$0EA@$0A@@ATL@@QAE@PB_W@Z 0042a5d9 f i atls:stdafx.obj
 0001:000295de       ??0?$CTraceCategoryEx@$0EAA@$0A@@ATL@@QAE@PB_W@Z 0042a5de f i atls:stdafx.obj
 0001:000295e3       ??0?$CTraceCategoryEx@$0EAAA@$0A@@ATL@@QAE@PB_W@Z 0042a5e3 f i atls:stdafx.obj
 0001:000295e8       ??0?$CTraceCategoryEx@$0EAAAA@$0A@@ATL@@QAE@PB_W@Z 0042a5e8 f i atls:stdafx.obj
 0001:000295ed       ??0?$CTraceCategoryEx@$0EAAAAA@$0A@@ATL@@QAE@PB_W@Z 0042a5ed f i atls:stdafx.obj
 0001:000295f2       ??0?$CTraceCategoryEx@$0IA@$0A@@ATL@@QAE@PB_W@Z 0042a5f2 f i atls:stdafx.obj
 0001:000295f7       ??0?$CTraceCategoryEx@$0IAA@$0A@@ATL@@QAE@PB_W@Z 0042a5f7 f i atls:stdafx.obj
 0001:000295fc       ??0?$CTraceCategoryEx@$0IAAA@$0A@@ATL@@QAE@PB_W@Z 0042a5fc f i atls:stdafx.obj
 0001:00029601       ??0?$CTraceCategoryEx@$0IAAAA@$0A@@ATL@@QAE@PB_W@Z 0042a601 f i atls:stdafx.obj
 0001:00029606       ??_I@YGXPAXIIP6EX0@Z@Z     0042a606 f i atls:stdafx.obj
 0001:00029645       _SysFreeString@4           0042a645 f   oleaut32:OLEAUT32.dll
 0001:0002964b       _WSACleanup@0              0042a64b f   ws2_32:WS2_32.dll
 0001:00029651       _WSAGetLastError@0         0042a651 f   ws2_32:WS2_32.dll
 0001:00029657       _accept@12                 0042a657 f   ws2_32:WS2_32.dll
 0001:0002965d       _bind@12                   0042a65d f   ws2_32:WS2_32.dll
 0001:00029663       _closesocket@4             0042a663 f   ws2_32:WS2_32.dll
 0001:00029669       _ioctlsocket@12            0042a669 f   ws2_32:WS2_32.dll
 0001:0002966f       _htonl@4                   0042a66f f   ws2_32:WS2_32.dll
 0001:00029675       _htons@4                   0042a675 f   ws2_32:WS2_32.dll
 0001:0002967b       _inet_addr@4               0042a67b f   ws2_32:WS2_32.dll
 0001:00029681       _recv@16                   0042a681 f   ws2_32:WS2_32.dll
 0001:00029687       _select@20                 0042a687 f   ws2_32:WS2_32.dll
 0001:0002968d       _send@16                   0042a68d f   ws2_32:WS2_32.dll
 0001:00029693       _setsockopt@20             0042a693 f   ws2_32:WS2_32.dll
 0001:00029699       _socket@12                 0042a699 f   ws2_32:WS2_32.dll
 0001:0002969f       _WSAStartup@8              0042a69f f   ws2_32:WS2_32.dll
 0001:000296a5       ___CxxFrameHandler3        0042a6a5 f   vcruntimed:VCRUNTIME140D.dll
 0001:000296ab       _memset                    0042a6ab f   vcruntimed:VCRUNTIME140D.dll
 0001:000296b1       _strrchr                   0042a6b1 f   vcruntimed:VCRUNTIME140D.dll
 0001:000296b7       _memcmp                    0042a6b7 f   vcruntimed:VCRUNTIME140D.dll
 0001:000296bd       _memcpy                    0042a6bd f   vcruntimed:VCRUNTIME140D.dll
 0001:000296c3       _strstr                    0042a6c3 f   vcruntimed:VCRUNTIME140D.dll
 0001:000296c9       ___current_exception       0042a6c9 f   vcruntimed:VCRUNTIME140D.dll
 0001:000296cf       ___current_exception_context 0042a6cf f   vcruntimed:VCRUNTIME140D.dll
 0001:000296d5       __except_handler4_common   0042a6d5 f   vcruntimed:VCRUNTIME140D.dll
 0001:000296db       ___std_type_info_destroy_list 0042a6db f   vcruntimed:VCRUNTIME140D.dll
 0001:000296e1       ___vcrt_GetModuleFileNameW 0042a6e1 f   vcruntimed:VCRUNTIME140D.dll
 0001:000296e7       ___vcrt_GetModuleHandleW   0042a6e7 f   vcruntimed:VCRUNTIME140D.dll
 0001:000296ed       ___vcrt_LoadLibraryExW     0042a6ed f   vcruntimed:VCRUNTIME140D.dll
 0001:000296f3       _memmove                   0042a6f3 f   vcruntimed:VCRUNTIME140D.dll
 0001:000296f9       ___stdio_common_vsprintf   0042a6f9 f   ucrtd:ucrtbased.dll
 0001:000296ff       __localtime64              0042a6ff f   ucrtd:ucrtbased.dll
 0001:00029705       __localtime64_s            0042a705 f   ucrtd:ucrtbased.dll
 0001:0002970b       __strdate_s                0042a70b f   ucrtd:ucrtbased.dll
 0001:00029711       __strtime_s                0042a711 f   ucrtd:ucrtbased.dll
 0001:00029717       __time64                   0042a717 f   ucrtd:ucrtbased.dll
 0001:0002971d       _wcscpy_s                  0042a71d f   ucrtd:ucrtbased.dll
 0001:00029723       _strcpy                    0042a723 f   ucrtd:ucrtbased.dll
 0001:00029729       ___stdio_common_vswprintf_s 0042a729 f   ucrtd:ucrtbased.dll
 0001:0002972f       _exit                      0042a72f f   ucrtd:ucrtbased.dll
 0001:00029735       __CrtDbgReportW            0042a735 f   ucrtd:ucrtbased.dll
 0001:0002973b       _strcat                    0042a73b f   ucrtd:ucrtbased.dll
 0001:00029741       _strlen                    0042a741 f   ucrtd:ucrtbased.dll
 0001:00029747       _fflush                    0042a747 f   ucrtd:ucrtbased.dll
 0001:0002974d       __fsopen                   0042a74d f   ucrtd:ucrtbased.dll
 0001:00029753       _fwrite                    0042a753 f   ucrtd:ucrtbased.dll
 0001:00029759       _calloc                    0042a759 f   ucrtd:ucrtbased.dll
 0001:0002975f       _free                      0042a75f f   ucrtd:ucrtbased.dll
 0001:00029765       _malloc                    0042a765 f   ucrtd:ucrtbased.dll
 0001:0002976b       _fclose                    0042a76b f   ucrtd:ucrtbased.dll
 0001:00029771       _fopen                     0042a771 f   ucrtd:ucrtbased.dll
 0001:00029777       _strcmp                    0042a777 f   ucrtd:ucrtbased.dll
 0001:0002977d       ___acrt_iob_func           0042a77d f   ucrtd:ucrtbased.dll
 0001:00029783       _perror                    0042a783 f   ucrtd:ucrtbased.dll
 0001:00029789       ___stdio_common_vfprintf   0042a789 f   ucrtd:ucrtbased.dll
 0001:0002978f       ___stdio_common_vsscanf    0042a78f f   ucrtd:ucrtbased.dll
 0001:00029795       _atof                      0042a795 f   ucrtd:ucrtbased.dll
 0001:0002979b       _strncmp                   0042a79b f   ucrtd:ucrtbased.dll
 0001:000297a1       _feof                      0042a7a1 f   ucrtd:ucrtbased.dll
 0001:000297a7       _fgets                     0042a7a7 f   ucrtd:ucrtbased.dll
 0001:000297ad       __getcwd                   0042a7ad f   ucrtd:ucrtbased.dll
 0001:000297b3       _rand                      0042a7b3 f   ucrtd:ucrtbased.dll
 0001:000297b9       _pow                       0042a7b9 f   ucrtd:ucrtbased.dll
 0001:000297bf       _sqrt                      0042a7bf f   ucrtd:ucrtbased.dll
 0001:000297c5       _srand                     0042a7c5 f   ucrtd:ucrtbased.dll
 0001:000297cb       _wcslen                    0042a7cb f   ucrtd:ucrtbased.dll
 0001:000297d1       ___stdio_common_vsnprintf_s 0042a7d1 f   ucrtd:ucrtbased.dll
 0001:000297d7       _strcpy_s                  0042a7d7 f   ucrtd:ucrtbased.dll
 0001:000297dd       _fabs                      0042a7dd f   ucrtd:ucrtbased.dll
 0001:000297e3       _strncpy                   0042a7e3 f   ucrtd:ucrtbased.dll
[...]
 0002:00006504       $SG261498                  00435504     Ioascii.obj
 0002:0000650c       $SG97678                   0043550c     Ioascii.obj
 0002:00006520       $SG261528                  00435520     Ioascii.obj
 0002:00006528       $SG261529                  00435528     Ioascii.obj
 0002:00006530       $SG261530                  00435530     Ioascii.obj
 0002:00006538       $SG261531                  00435538     Ioascii.obj
 0002:00006540       $SG261532                  00435540     Ioascii.obj
 0002:00006548       $SG261533                  00435548     Ioascii.obj
 0002:00006550       $SG261534                  00435550     Ioascii.obj
 0002:0000655c       $SG261535                  0043555c     Ioascii.obj
 0002:00006564       $SG261536                  00435564     Ioascii.obj
 0002:00006570       $SG261537                  00435570     Ioascii.obj
 0002:00006578       $SG261538                  00435578     Ioascii.obj
 0002:00006580       $SG261539                  00435580     Ioascii.obj
 0002:0000658c       $SG261540                  0043558c     Ioascii.obj
 0002:00006598       $SG261541                  00435598     Ioascii.obj
 0002:000065a0       $SG261558                  004355a0     Ioascii.obj
 0002:000065b0       $SG261568                  004355b0     Ioascii.obj
 0002:000065b8       $SG261573                  004355b8     Ioascii.obj
 0002:000065c0       $SG261574                  004355c0     Ioascii.obj
 0002:000065c8       $SG261575                  004355c8     Ioascii.obj
 0002:000065d0       $SG261576                  004355d0     Ioascii.obj
 0002:000065dc       $SG261577                  004355dc     Ioascii.obj
 0002:000065e8       $SG261578                  004355e8     Ioascii.obj
 0002:000065f4       $SG261579                  004355f4     Ioascii.obj
 0002:00006600       $SG261580                  00435600     Ioascii.obj
 0002:0000660c       $SG261581                  0043560c     Ioascii.obj
 0002:00006618       $SG261582                  00435618     Ioascii.obj
 0002:00006624       $SG261584                  00435624     Ioascii.obj
 0002:00006628       $SG261585                  00435628     Ioascii.obj
 0002:0000662c       $SG261586                  0043562c     Ioascii.obj
 0002:00006630       $SG261587                  00435630     Ioascii.obj
 0002:00006634       $SG261588                  00435634     Ioascii.obj
 0002:0000663c       $SG261589                  0043563c     Ioascii.obj
 0002:00006644       $SG261590                  00435644     Ioascii.obj
 0002:0000664c       $SG261591                  0043564c     Ioascii.obj
 0002:00006654       $SG261593                  00435654     Ioascii.obj
 0002:0000665c       $SG261594                  0043565c     Ioascii.obj
 0002:00006660       $SG261595                  00435660     Ioascii.obj
 0002:00006668       $SG261597                  00435668     Ioascii.obj
 0002:00006670       $SG261598                  00435670     Ioascii.obj
 0002:00006678       $SG261600                  00435678     Ioascii.obj
 0002:0000667c       $SG261601                  0043567c     Ioascii.obj
 0002:00006680       $SG261602                  00435680     Ioascii.obj
 0002:00006684       $SG261627                  00435684     Ioascii.obj
 0002:00006690       $SG261628                  00435690     Ioascii.obj
 0002:00006698       $SG261629                  00435698     Ioascii.obj
 0002:000066a0       $SG261630                  004356a0     Ioascii.obj
 0002:000066a8       $SG261631                  004356a8     Ioascii.obj
 0002:000066b0       $SG261632                  004356b0     Ioascii.obj
 0002:000066bc       $SG261633                  004356bc     Ioascii.obj
 0002:000066c4       $SG261634                  004356c4     Ioascii.obj
 0002:000066d0       $SG261635                  004356d0     Ioascii.obj
 0002:000066d8       $SG261636                  004356d8     Ioascii.obj
 0002:000066e0       $SG261637                  004356e0     Ioascii.obj
 0002:000066e8       $SG261638                  004356e8     Ioascii.obj
 0002:000066f0       $SG261697                  004356f0     Ioascii.obj
 0002:000066f8       $SG261698                  004356f8     Ioascii.obj
 0002:00006700       $SG261699                  00435700     Ioascii.obj
 0002:0000670c       $SG261700                  0043570c     Ioascii.obj
 0002:00006714       $SG261701                  00435714     Ioascii.obj
 0002:0000671c       $SG261702                  0043571c     Ioascii.obj
 0002:00006724       $SG261703                  00435724     Ioascii.obj
 0002:0000672c       $SG261704                  0043572c     Ioascii.obj
 0002:00006734       $SG261705                  00435734     Ioascii.obj
 0002:0000673c       $SG261706                  0043573c     Ioascii.obj
 0002:00006744       $SG261707                  00435744     Ioascii.obj
 0002:0000674c       $SG261708                  0043574c     Ioascii.obj
 0002:00006758       $SG261709                  00435758     Ioascii.obj
 0002:00006764       $SG261710                  00435764     Ioascii.obj
 0002:0000676c       $SG261776                  0043576c     Ioascii.obj
 0002:00006774       $SG261777                  00435774     Ioascii.obj
 0002:00006780       $SG261778                  00435780     Ioascii.obj
 0002:0000678c       $SG261779                  0043578c     Ioascii.obj
 0002:00006798       $SG261780                  00435798     Ioascii.obj
 0002:000067a4       $SG261781                  004357a4     Ioascii.obj
 0002:000067ac       $SG261782                  004357ac     Ioascii.obj
 0002:000067b8       $SG261783                  004357b8     Ioascii.obj
 0002:000067c4       $SG261784                  004357c4     Ioascii.obj
 0002:000067cc       $SG261785                  004357cc     Ioascii.obj
 0002:000067d8       $SG261786                  004357d8     Ioascii.obj
 0002:000067e4       $SG261787                  004357e4     Ioascii.obj
 0002:000067f0       $SG261788                  004357f0     Ioascii.obj
 0002:000067fc       $SG261789                  004357fc     Ioascii.obj
 0002:00006804       $SG261790                  00435804     Ioascii.obj
 0002:00006808       $SG261791                  00435808     Ioascii.obj
 0002:00006810       $SG261792                  00435810     Ioascii.obj
 0002:00006818       $SG261793                  00435818     Ioascii.obj
 0002:00006820       $SG261866                  00435820     Ioascii.obj
 0002:00006828       $SG261867                  00435828     Ioascii.obj
 0002:00006834       $SG261868                  00435834     Ioascii.obj
 0002:00006840       $SG261869                  00435840     Ioascii.obj
 0002:0000684c       $SG261870                  0043584c     Ioascii.obj
 0002:00006858       $SG261871                  00435858     Ioascii.obj
 0002:00006868       $SG261872                  00435868     Ioascii.obj
 0002:00006878       $SG261873                  00435878     Ioascii.obj
 0002:00006880       $SG261874                  00435880     Ioascii.obj
 0002:0000688c       $SG261875                  0043588c     Ioascii.obj
 0002:00006894       $SG261876                  00435894     Ioascii.obj
 0002:000068a0       $SG261877                  004358a0     Ioascii.obj
 0002:000068ac       $SG261878                  004358ac     Ioascii.obj
 0002:000068b8       $SG261879                  004358b8     Ioascii.obj
 0002:000068c4       $SG261880                  004358c4     Ioascii.obj
 0002:000068cc       $SG261881                  004358cc     Ioascii.obj
 0002:000068d0       $SG261882                  004358d0     Ioascii.obj
 0002:000068d8       $SG261883                  004358d8     Ioascii.obj
 0002:000068e0       $SG261884                  004358e0     Ioascii.obj
 0002:000068e8       $SG261956                  004358e8     Ioascii.obj
 0002:000068f0       $SG261957                  004358f0     Ioascii.obj
 0002:000068fc       $SG261958                  004358fc     Ioascii.obj
 0002:00006908       $SG261959                  00435908     Ioascii.obj
 0002:00006914       $SG261960                  00435914     Ioascii.obj
 0002:00006920       $SG261961                  00435920     Ioascii.obj
 0002:0000692c       $SG261962                  0043592c     Ioascii.obj
 0002:00006938       $SG261963                  00435938     Ioascii.obj
 0002:00006944       $SG261964                  00435944     Ioascii.obj
 0002:0000694c       $SG261965                  0043594c     Ioascii.obj
 0002:00006950       $SG261966                  00435950     Ioascii.obj
 0002:00006958       $SG261967                  00435958     Ioascii.obj
 0002:00006960       $SG261968                  00435960     Ioascii.obj
 0002:00006968       $SG262033                  00435968     Ioascii.obj
 0002:00006970       $SG262034                  00435970     Ioascii.obj
 0002:0000697c       $SG262035                  0043597c     Ioascii.obj
 0002:00006984       $SG262036                  00435984     Ioascii.obj
 0002:00006990       $SG262037                  00435990     Ioascii.obj
 0002:00006998       $SG262038                  00435998     Ioascii.obj
 0002:000069a4       $SG262039                  004359a4     Ioascii.obj
 0002:000069a8       $SG262040                  004359a8     Ioascii.obj
 0002:000069b0       $SG262041                  004359b0     Ioascii.obj
 0002:000069b8       $SG262042                  004359b8     Ioascii.obj
 0002:000069c0       $SG262113                  004359c0     Ioascii.obj
 0002:000069c8       $SG262114                  004359c8     Ioascii.obj
 0002:000069d0       $SG262115                  004359d0     Ioascii.obj
 0002:000069d8       $SG262116                  004359d8     Ioascii.obj
 0002:000069e4       $SG262117                  004359e4     Ioascii.obj
 0002:000069ec       $SG262118                  004359ec     Ioascii.obj
 0002:000069f4       $SG262119                  004359f4     Ioascii.obj
 0002:00006a00       $SG262120                  00435a00     Ioascii.obj
 0002:00006a0c       $SG262121                  00435a0c     Ioascii.obj
 0002:00006a10       $SG262122                  00435a10     Ioascii.obj
 0002:00006a18       $SG262123                  00435a18     Ioascii.obj
 0002:00006a20       $SG262124                  00435a20     Ioascii.obj
 0002:0000a014       _GS_ExceptionPointers      00439014     msvcrtd:gs_report.obj
 0002:0000a020       ?_RTC_ErrorMessages@@3QBQBDB 00439020     msvcrtd:error.obj
 0002:0000a038       ?_RTC_NoFalsePositives@@3QBHB 00439038     msvcrtd:error.obj
 0002:0000a050       ?stack_premsg@@3QBDB       00439050     msvcrtd:error.obj
 0002:0000a06c       ?stack_postmsg@@3QBDB      0043906c     msvcrtd:error.obj
 0002:0000a080       ?uninit_premsg@@3QBDB      00439080     msvcrtd:error.obj
 0002:0000a090       ?uninit_postmsg@@3QBDB     00439090     msvcrtd:error.obj
 0002:0000a6e0       ?_RTC_errlist@@3QBQBDB     004396e0     msvcrtd:userapi.obj
 0002:0000a7c4       ?mspdbName@@3QB_WB         004397c4     msvcrtd:pdblkup.obj
 0002:0000a7e8       ?debugCrtFileName@@3QB_WB  004397e8     msvcrtd:pdblkup.obj
 0002:0000a978       ?dllExt@?1??GetPdbDllPathFromFilePath@@YAHPB_WPA_WI@Z@4QB_WB 00439978     msvcrtd:pdblkup.obj
 0002:0000a984       ?mspdbFilename@?1??GetPdbDllPathFromFilePath@@YAHPB_WPA_WI@Z@4QB_WB 00439984     msvcrtd:pdblkup.obj
 0002:0000bda0       __RTC_InitBase.rtc$IMZ     0043ada0     mfcs140d:nolib.obj
 0002:0000bda4       __RTC_InitBase.rtc$IMZ     0043ada4     mfcs140d:stdafx.obj
 0002:0000bda8       __RTC_InitBase.rtc$IMZ     0043ada8     mfcs140d:sockexp.obj
 0002:0000bdac       __RTC_InitBase.rtc$IMZ     0043adac     mfcs140d:appmodul.obj
 0002:0000c0bc       __RTC_Shutdown.rtc$TMZ     0043b0bc     mfcs140d:nolib.obj
 0002:0000c0c0       __RTC_Shutdown.rtc$TMZ     0043b0c0     mfcs140d:stdafx.obj
 0002:0000c0c4       __RTC_Shutdown.rtc$TMZ     0043b0c4     mfcs140d:sockexp.obj
 0002:0000c0c8       __RTC_Shutdown.rtc$TMZ     0043b0c8     mfcs140d:appmodul.obj
 0002:0000c2d8       __unwindtable$?InitInstance@CDemoAUBApp@@UAEHXZ 0043b2d8     DemoAUB.obj
 0002:0000c2e0       __ehfuncinfo$?InitInstance@CDemoAUBApp@@UAEHXZ 0043b2e0     DemoAUB.obj
 0002:0000c308       __unwindtable$?OnSysCommand@CDemoAUBDlg@@IAEXIJ@Z 0043b308     DemoSimDlg.obj
 0002:0000c310       __unwindtable$?OnInitDialog@CDemoAUBDlg@@MAEHXZ 0043b310     DemoSimDlg.obj
 0002:0000c320       __ehfuncinfo$?OnSysCommand@CDemoAUBDlg@@IAEXIJ@Z 0043b320     DemoSimDlg.obj
 0002:0000c344       __ehfuncinfo$?OnInitDialog@CDemoAUBDlg@@MAEHXZ 0043b344     DemoSimDlg.obj
 0002:0000c368       __ehfuncinfo$??0CDemoAUBDlg@@QAE@PAVCWnd@@@Z 0043b368     DemoSimDlg.obj
 0002:0000c38c       __unwindtable$??0CDemoAUBDlg@@QAE@PAVCWnd@@@Z 0043b38c     DemoSimDlg.obj
 0002:0000c3f4       __unwindtable$?TraceV@CTrace@ATL@@SAXPBDHII0PAD@Z 0043b3f4     StdAfx.obj
 0002:0000c404       __ehfuncinfo$?TraceV@CTrace@ATL@@SAXPBDHII0PAD@Z 0043b404     StdAfx.obj
 0002:0000c430       __unwindtable$??RCTraceFileAndLineInfo@ATL@@QBAXHIPBDZZ 0043b430     StdAfx.obj
 0002:0000c438       __ehfuncinfo$??RCTraceFileAndLineInfo@ATL@@QBAXHIPBDZZ 0043b438     StdAfx.obj
 0002:0000c460       __ehfuncinfo$??1?$CSimpleArray@GV?$CSimpleArrayEqualHelper@G@ATL@@@ATL@@QAE@XZ 0043b460     StdAfx.obj
 0002:0000c488       __unwindtable$??0_ATL_WIN_MODULE70@ATL@@QAE@XZ 0043b488     StdAfx.obj
 0002:0000c490       __ehfuncinfo$??0_ATL_WIN_MODULE70@ATL@@QAE@XZ 0043b490     StdAfx.obj
 0002:0000c4b8       __ehfuncinfo$??1CAtlComModule@ATL@@QAE@XZ 0043b4b8     StdAfx.obj
 0002:0000c4e0       __ehfuncinfo$??1CAtlWinModule@ATL@@QAE@XZ 0043b4e0     StdAfx.obj
 0002:0000c508       __unwindtable$?ShowCfgError@@YAXXZ 0043b508     Ioascii.obj
 0002:0000c510       __ehfuncinfo$?ShowCfgError@@YAXXZ 0043b510     Ioascii.obj
 0002:0000c538       __sehtable$_WinbaseIsolationAwarePrivatetRgzlnPgpgk@0 0043b538     mfcs140d:nolib.obj
 0002:0000c558       __sehtable$_IsolationAwareUnregisterClassA@8 0043b558     mfcs140d:nolib.obj
 0002:0000c578       __ehfuncinfo$??_Estringdispid@CComTypeInfoHolder@ATL@@QAEPAXI@Z 0043b578     mfcs140d:nolib.obj
 0002:0000c5a0       __sehtable$___scrt_is_nonwritable_in_current_image 0043b5a0     msvcrtd:utility.obj
 0002:0000c5c0       __sehtable$?__scrt_common_main_seh@@YAHXZ 0043b5c0     msvcrtd:exe_winmain.obj
 0002:0000c5e0       __sehtable$??_M@YGXPAXIIP6EX0@Z@Z 0043b5e0     msvcrtd:ehvecdtr.obj
 0002:0000c600       __sehtable$?__ArrayUnwind@@YGXPAXIIP6EX0@Z@Z 0043b600     msvcrtd:ehvecdtr.obj
 0002:0000c620       __sehtable$?notify_debugger@@YAXABUtagEXCEPTION_VISUALCPP_DEBUG_INFO@@@Z 0043b620     msvcrtd:error.obj
 0003:00000000       ?first_lap@?1??AutoProcedure@@YAXXZ@4_NA 0043c000     ApplicationSpecific.obj
 0003:00000059       ?SimRandom@@3_NA           0043c059     Simulator.obj
 0003:00000650       ?dataType@@3PAPADA         0043c650     Ioascii.obj
 0003:0000067c       ?baudrate@@3PAPADA         0043c67c     Ioascii.obj
 0003:000006a0       ?parity@@3PAPADA           0043c6a0     Ioascii.obj
 0003:000006b0       ?ipside@@3PAPADA           0043c6b0     Ioascii.obj
 0003:000006bc       ?port@@3PAPADA             0043c6bc     Ioascii.obj
 0003:00000be4       ?timebuf@?1??ctime2str@@YAPADXZ@4PADA 0043cbe4     AUBTime.obj
 0003:00000c08       ?timebuf@?1??time2str@@YAPADJ@Z@4PADA 0043cc08     AUBTime.obj
 0003:00000c2c       ?datebuf@?1??cdate2str@@YAPADXZ@4PADA 0043cc2c     AUBTime.obj
 0003:00000d70       ?InitDone@@3_NA            0043cd70     DemoSimDlg.obj
 0003:00000d74       ?dlg@@3PAVCDemoAUBDlg@@A   0043cd74     DemoSimDlg.obj
 0003:00003490       ?efh@@3PAU_iobuf@@A        0043f490     Event.obj
 0003:00003498       ?EvPath@@3PADA             0043f498     Event.obj
 0003:000035d8       ?logmsg@@3PADA             0043f5d8     Loger.obj
 0003:00003a98       ?socklsn@@3IA              0043fa98     PipeFun.obj
 0003:00003a9c       ?pipe_open@@3_NA           0043fa9c     PipeFun.obj
 0003:00003aa0       ?Client@@3UCPIPE@@A        0043faa0     PipeFun.obj
 0003:000047dc       ?CS_TimerList@@3U_RTL_CRITICAL_SECTION@@A 004407dc     Timers.obj
 0003:00004894       ?pass_cnt@@3HA             00440894     Ioascii.obj
 0003:00004898       ?buffer@@3PADA             00440898     Ioascii.obj
 0003:00004998       ?line_num@@3HA             00440998     Ioascii.obj
 0003:0000499c       ?rcode@@3PAFA              0044099c     Ioascii.obj
 0003:000049a0       ?deep_level@@3HA           004409a0     Ioascii.obj
 0003:00004a24       ?is_initialized_as_dll@@3_NA 00440a24     msvcrtd:utility.obj
 0003:00004a25       ?module_local_atexit_table_initialized@@3_NA 00440a25     msvcrtd:utility.obj
 0003:00004a28       ?module_local_atexit_table@@3U_onexit_table_t@@A 00440a28     msvcrtd:utility.obj
 0003:00004a34       ?module_local_at_quick_exit_table@@3U_onexit_table_t@@A 00440a34     msvcrtd:utility.obj
 0003:00004a48       ?g_tss_cv@@3U_RTL_CONDITION_VARIABLE@@A 00440a48     msvcrtd:thread_safe_statics.obj
 0003:00004a4c       ?g_tss_event@@3PAXA        00440a4c     msvcrtd:thread_safe_statics.obj
 0003:00004a50       ?g_tss_mutex@@3U_RTL_CRITICAL_SECTION@@A 00440a50     msvcrtd:thread_safe_statics.obj
 0003:00004a68       ?g_sleep_condition_variable_cs@@3P6GHPAU_RTL_CONDITION_VARIABLE@@PAU_RTL_CRITICAL_SECTION@@K@ZA 00440a68     msvcrtd:thread_safe_statics.obj
 0003:00004a6c       ?g_wake_all_condition_variable@@3P6GXPAU_RTL_CONDITION_VARIABLE@@@ZA 00440a6c     msvcrtd:thread_safe_statics.obj
 0003:00004a80       _GS_ExceptionRecord        00440a80     msvcrtd:gs_report.obj
 0003:00004ad0       _GS_ContextRecord          00440ad0     msvcrtd:gs_report.obj
 0003:00004e3b       ?init@?1??_RTC_InitBase@@9@4_NA 00440e3b     msvcrtd:init.obj
 0003:00004e5c       ?_RTC_ErrorReportFunc@@3P6AHHPBDH00ZZA 00440e5c     msvcrtd:userapi.obj
 0003:00004e60       ?_RTC_ErrorReportFuncW@@3P6AHHPB_WH00ZZA 00440e60     msvcrtd:userapi.obj
 0003:00004e68       ?mspdb@@3PAUHINSTANCE__@@A 00440e68     msvcrtd:pdblkup.obj
 0003:00004e6c       ?alreadyTried@?1??GetPdbDll@@YAPAUHINSTANCE__@@XZ@4_NA 00440e6c     msvcrtd:pdblkup.obj
 0003:00004e6d       ?PDBOK@?1??_RTC_GetSrcLine@@YAHPAEPA_WKPAH1K@Z@4_NA 00440e6d     msvcrtd:pdblkup.obj
 0004:000010e4       .idata$6                   004420e4     winmm:WINMM.dll
 0004:000010ee       .idata$6                   004420ee     mfc140d:mfc140d.dll
 0004:00001514       .idata$6                   00442514     kernel32:KERNEL32.dll
 0004:00001550       .idata$6                   00442550     user32:USER32.dll
 0004:0000155c       .idata$6                   0044255c     oleaut32:OLEAUT32.dll
 0004:0000156a       .idata$6                   0044256a     ws2_32:WS2_32.dll
 0004:00001684       .idata$6                   00442684     vcruntimed:VCRUNTIME140D.dll
 0004:00001b28       .idata$6                   00442b28     ucrtd:ucrtbased.dll
 0007:000004f0       $R000000                   004454f0     DemoAUB.res
 0007:00000618       $R000128                   00445618     DemoAUB.res
 0007:00000ec0       $R0009D0                   00445ec0     DemoAUB.res
 0007:00000ee8       $R0009F8                   00445ee8     DemoAUB.res
 0007:00001010       $R000B20                   00446010     DemoAUB.res
 0007:000012f8       $R000E08                   004462f8     DemoAUB.res
 0007:00001320       $R000E30                   00446320     DemoAUB.res
 0007:00001fc8       $R001AD8                   00446fc8     DemoAUB.res
 0007:00002330       $R001E40                   00447330     DemoAUB.res
 0007:00002358       $R001E68                   00447358     DemoAUB.res
 0007:00002480       $R001F90                   00447480     DemoAUB.res
 0007:000027a8       $R0022B8                   004477a8     DemoAUB.res
 0007:00002a58       $R002568                   00447a58     DemoAUB.res
 0007:00002ae8       $R0025F8                   00447ae8     DemoAUB.res
