 dSim

 Timestamp is 5f2c3999 (Thu Aug  6 19:10:49 2020)

 Preferred load address is 00400000

 Start         Length     Name                   Class
 0001:00000000 000044a0H .text$di                CODE
 0001:000044a0 00026da0H .text$mn                CODE
 0001:0002b240 00001330H .text$x                 CODE
 0001:0002c570 000011ceH .text$yd                CODE
 0002:00000000 00000104H .CRT$XCA                DATA
 0002:00000104 00000104H .CRT$XCAA               DATA
 0002:00000208 0000010cH .CRT$XCL                DATA
 0002:00000314 00000184H .CRT$XCU                DATA
 0002:00000498 00000104H .CRT$XCZ                DATA
 0002:0000059c 00000104H .CRT$XIA                DATA
 0002:000006a0 00000104H .CRT$XIAA               DATA
 0002:000007a4 00000104H .CRT$XIAC               DATA
 0002:000008a8 00000104H .CRT$XIC                DATA
 0002:000009ac 00000104H .CRT$XIZ                DATA
 0002:00000ab0 00000004H .CRT$XLA                DATA
 0002:00000ab4 00000004H .CRT$XLZ                DATA
 0002:00000ab8 00000104H .CRT$XPA                DATA
 0002:00000bbc 00000104H .CRT$XPZ                DATA
 0002:00000cc0 00000104H .CRT$XTA                DATA
 0002:00000dc4 0000010cH .CRT$XTZ                DATA
 0002:00000ed0 0000a4e8H .rdata                  DATA
 0002:0000b3b8 0000011cH .rdata$T                DATA
 0002:0000b4d4 0000059cH .rdata$r                DATA
 0002:0000ba70 00000144H .rdata$sxdata           DATA
 0002:0000bbb4 0000017cH .rdata$zzzdbg           DATA
 0002:0000bd30 00000104H .rtc$IAA                DATA
 0002:0000be34 00000114H .rtc$IMZ                DATA
 0002:0000bf48 00000104H .rtc$IZZ                DATA
 0002:0000c04c 00000104H .rtc$TAA                DATA
 0002:0000c150 00000114H .rtc$TMZ                DATA
 0002:0000c264 00000104H .rtc$TZZ                DATA
 0002:0000c368 000004c4H .xdata$x                DATA
 0002:0000c82c 00000104H ATL$__a                 DATA
 0002:0000c930 00000104H ATL$__z                 DATA
 0002:0000ca34 00000000H .edata                  DATA
 0003:00000000 000008dcH .data                   DATA
 0003:000008dc 000002ccH .data$r                 DATA
 0003:00000ba8 00004344H .bss                    DATA
 0004:00000000 00000800H .idata$5                DATA
 0004:00000800 000000a0H .idata$2                DATA
 0004:000008a0 00000014H .idata$3                DATA
 0004:000008b4 00000800H .idata$4                DATA
 0004:000010b4 00000cc8H .idata$6                DATA
 0005:00000000 00000104H .tls                    DATA
 0005:00000104 00000104H .tls$                   DATA
 0005:00000208 00000101H .tls$ZZZ                DATA
 0006:00000000 00000109H .00cfg                  DATA
 0007:00000000 000004f0H .rsrc$01                DATA
 0007:000004f0 00003126H .rsrc$02                DATA

  Address         Publics by Value              Rva+Base       Lib:Object

 0000:00000000       ___guard_fids_table        00000000     <absolute>
 0000:00000000       ___volatile_metadata       00000000     <absolute>
 0000:00000000       ___guard_eh_cont_count     00000000     <absolute>
 0000:00000000       ___enclave_config          00000000     <absolute>
 0000:00000000       ___guard_iat_count         00000000     <absolute>
 0000:00000000       ___dynamic_value_reloc_table 00000000     <absolute>
 0000:00000000       ___guard_eh_cont_table     00000000     <absolute>
 0000:00000000       ___hybrid_auxiliary_iat    00000000     <absolute>
 0000:00000000       ___AbsoluteZero            00000000     <absolute>
 0000:00000000       ___hybrid_code_map         00000000     <absolute>
 0000:00000000       ___guard_fids_count        00000000     <absolute>
 0000:00000000       ___guard_longjmp_count     00000000     <absolute>
 0000:00000000       ___guard_iat_table         00000000     <absolute>
 0000:00000000       ___guard_longjmp_table     00000000     <absolute>
 0000:00000000       ___hybrid_code_map_count   00000000     <absolute>
 0000:0000000e       ___safe_se_handler_count   0000000e     <absolute>
 0000:0000002c       __tls_array                0000002c     <absolute>
 0000:00000100       ___guard_flags             00000100     <absolute>
 0000:00000000       ___ImageBase               00400000     <linker-defined>
 0001:000044a0       ?RestoreLastCommand@@YAXPAUdigital@@@Z 004054a0 f   ApplicationSpecific.obj
 0001:00004550       ?CheckSpontaneousChange@@YAXPAUdigital@@@Z 00405550 f   ApplicationSpecific.obj
 0001:00004780       ?ValidateDigitalCommand@@YAHPAUdigital@@C@Z 00405780 f   ApplicationSpecific.obj
 0001:00004820       ?CheckCommandExecution@@YAHPAUdigital@@@Z 00405820 f   ApplicationSpecific.obj
 0001:00004920       ?ProcessObject@@YA_NPAUobject@@@Z 00405920 f   ApplicationSpecific.obj
 0001:00004cb0       ?ValidateObjectCommand@@YA_NPAUobject@@C@Z 00405cb0 f   ApplicationSpecific.obj
 0001:00004d10       ?ValidateObjectState@@YA_NPAUobject@@C@Z 00405d10 f   ApplicationSpecific.obj
 0001:00004d80       ?AutoProcedure@@YAXXZ      00405d80 f   ApplicationSpecific.obj
 0001:00004dd0       ?initial_control@@YAHXZ    00405dd0 f   ApplicationSpecific.obj
 0001:00004e40       ?AutoClearCounters@@YAXXZ  00405e40 f   ApplicationSpecific.obj
 0001:00004ef0       _sscanf                    00405ef0 f i PipeFun.obj
 0001:00004f23       _select@20                 00405f23 f   ws2_32:WS2_32.dll
 0001:00005180       ?__empty_global_delete@@YAXPAX@Z 00406180 f i ApplicationSpecific.obj
 0001:00005190       ?__empty_global_delete@@YAXPAXI@Z 00406190 f i ApplicationSpecific.obj
 0001:00005190       ?__global_delete@@YAXPAXI@Z 00406190 f i ApplicationSpecific.obj
 0001:000051c0       ?get_seconds@@YAJXZ        004061c0 f   AUBTime.obj
 0001:000051f0       ?ctime2str@@YAPADXZ        004061f0 f   AUBTime.obj
 0001:00005210       ?time2str@@YAPADJ@Z        00406210 f   AUBTime.obj
 0001:00005280       ?cdate2str@@YAPADXZ        00406280 f   AUBTime.obj
 0001:000052e0       ___local_stdio_printf_options 004062e0 f i AUBTime.obj
 0001:000052f0       __vsnprintf_l              004062f0 f i AUBTime.obj
 0001:00005360       __vsprintf_l               00406360 f i AUBTime.obj
 0001:00005390       _sprintf                   00406390 f i AUBTime.obj
 0001:000053d0       ??0CDemoAUBApp@@QAE@XZ     004063d0 f   DemoAUB.obj
 0001:00005400       ?InitInstance@CDemoAUBApp@@UAEHXZ 00406400 f   DemoAUB.obj
 0001:000054b0       ?ExitInstance@CDemoAUBApp@@UAEHXZ 004064b0 f   DemoAUB.obj
 0001:000054d0       ?GetThisMessageMap@CDemoAUBApp@@KGPBUAFX_MSGMAP@@XZ 004064d0 f   DemoAUB.obj
 0001:000054e0       ?GetMessageMap@CDemoAUBApp@@MBEPBUAFX_MSGMAP@@XZ 004064e0 f   DemoAUB.obj
 0001:00005540       ??1CDemoAUBApp@@UAE@XZ     00406540 f i DemoAUB.obj
 0001:00005560       ??1CDemoAUBDlg@@UAE@XZ     00406560 f i DemoAUB.obj
 0001:00005620       ??_GCDemoAUBApp@@UAEPAXI@Z 00406620 f i DemoAUB.obj
 0001:00005620       ??_ECDemoAUBApp@@UAEPAXI@Z 00406620 f i DemoAUB.obj
 0001:00005680       ?GetApplicationRecoveryParameter@CWinApp@@UAEPAXXZ 00406680 f i DemoAUB.obj
 0001:00005690       ?GetApplicationRecoveryPingInterval@CWinApp@@UAEKXZ 00406690 f i DemoAUB.obj
 0001:000056b0       ?GetApplicationRestartFlags@CWinApp@@UAEKXZ 004066b0 f i DemoAUB.obj
 0001:000056c0       ?ReopenPreviousFilesAtRestart@CWinApp@@UBEHXZ 004066c0 f i DemoAUB.obj
 0001:000056e0       ?RestoreAutosavedFilesAtRestart@CWinApp@@UBEHXZ 004066e0 f i DemoAUB.obj
 0001:00005700       ?SupportsApplicationRecovery@CWinApp@@UBEHXZ 00406700 f i DemoAUB.obj
 0001:00005720       ?SupportsAutosaveAtInterval@CWinApp@@UBEHXZ 00406720 f i DemoAUB.obj
 0001:00005740       ?SupportsAutosaveAtRestart@CWinApp@@UBEHXZ 00406740 f i DemoAUB.obj
 0001:00005760       ?SupportsRestartManager@CWinApp@@UBEHXZ 00406760 f i DemoAUB.obj
 0001:00005780       ?wputs@@YAXHPADZZ          00406780 f   DemoSimDlg.obj
 0001:000058c0       ?lputs@@YAXPADZZ           004068c0 f   DemoSimDlg.obj
 0001:000059e0       ?_abort@@YAXPADH@Z         004069e0 f   DemoSimDlg.obj
 0001:00005a40       ??0CDemoAUBDlg@@QAE@PAVCWnd@@@Z 00406a40 f   DemoSimDlg.obj
 0001:00005b60       ?DoDataExchange@CDemoAUBDlg@@MAEXPAVCDataExchange@@@Z 00406b60 f   DemoSimDlg.obj
 0001:00005c40       ?OnInitDialog@CDemoAUBDlg@@MAEHXZ 00406c40 f   DemoSimDlg.obj
 0001:00005f10       ?StartScadaTasks@CDemoAUBDlg@@IAEXXZ 00406f10 f   DemoSimDlg.obj
 0001:00006090       ?OnSysCommand@CDemoAUBDlg@@IAEXIJ@Z 00407090 f   DemoSimDlg.obj
 0001:00006120       ?OnOK@CDemoAUBDlg@@MAEXXZ  00407120 f   DemoSimDlg.obj
 0001:00006150       ?GetThisMessageMap@CDemoAUBDlg@@KGPBUAFX_MSGMAP@@XZ 00407150 f   DemoSimDlg.obj
 0001:00006160       ?GetMessageMap@CDemoAUBDlg@@MBEPBUAFX_MSGMAP@@XZ 00407160 f   DemoSimDlg.obj
 0001:00006170       ?OnClose@CDemoAUBDlg@@QAEXXZ 00407170 f   DemoSimDlg.obj
 0001:000061a0       ?OnBnClickedClrevents@CDemoAUBDlg@@QAEXXZ 004071a0 f   DemoSimDlg.obj
 0001:000061c0       ??0CAboutDlg@@QAE@XZ       004071c0 f   DemoSimDlg.obj
 0001:000061f0       ?DoDataExchange@CAboutDlg@@MAEXPAVCDataExchange@@@Z 004071f0 f   DemoSimDlg.obj
 0001:00006210       ?GetThisMessageMap@CAboutDlg@@KGPBUAFX_MSGMAP@@XZ 00407210 f   DemoSimDlg.obj
 0001:00006220       ?GetMessageMap@CAboutDlg@@MBEPBUAFX_MSGMAP@@XZ 00407220 f   DemoSimDlg.obj
 0001:00006230       ?Timer1@@YGXIIKKK@Z        00407230 f   DemoSimDlg.obj
 0001:00006290       ?Ispad@@YAXXZ              00407290 f   DemoSimDlg.obj
 0001:000062b0       ?DebugTask@@YGKPAX@Z       004072b0 f   DemoSimDlg.obj
 0001:00006650       ??0?$CTraceCategoryEx@$0CAAA@$0A@@ATL@@QAE@PBD@Z 00407650 f i DemoSimDlg.obj
 0001:00006680       ??1CAboutDlg@@UAE@XZ       00407680 f i DemoSimDlg.obj
 0001:000066a0       ??_GCAboutDlg@@UAEPAXI@Z   004076a0 f i DemoSimDlg.obj
 0001:000066a0       ??_ECAboutDlg@@UAEPAXI@Z   004076a0 f i DemoSimDlg.obj
 0001:00006700       ??_ECDemoAUBDlg@@UAEPAXI@Z 00407700 f i DemoSimDlg.obj
 0001:00006700       ??_GCDemoAUBDlg@@UAEPAXI@Z 00407700 f i DemoSimDlg.obj
 0001:00006760       ?RegisterCategory@CTrace@ATL@@SAXPBDI@Z 00407760 f i DemoSimDlg.obj
 0001:00006870       ?strrchr@@YAPADQADH@Z      00407870 f i DemoSimDlg.obj
 0001:00006890       __vswprintf_s_l            00407890 f i DemoSimDlg.obj
 0001:00006900       _swprintf_s                00407900 f i DemoSimDlg.obj
 0001:00006950       _vsprintf                  00407950 f i DemoSimDlg.obj
 0001:00006980       ?initAUB@@YAHXZ            00407980 f   dSim.obj
 0001:00006a20       ?deinitAUB@@YAXXZ          00407a20 f   dSim.obj
 0001:00006a40       ?PeriodicProcessingTask@@YGKPAX@Z 00407a40 f   dSim.obj
 0001:00006ab0       ?SimulationTask@@YGKPAX@Z  00407ab0 f   dSim.obj
 0001:00006ba0       ?PipeTask@@YGKPAX@Z        00407ba0 f   dSim.obj
 0001:00006bd0       ?RefreshTask@@YGKPAX@Z     00407bd0 f   dSim.obj
 0001:00006ca0       ?PutEvent@@YAXPAU_ProcessVariableID@@PADZZ 00407ca0 f   Event.obj
 0001:00006d10       ?PutStaEvent@@YAXHPAU_ProcessVariableID@@PADZZ 00407d10 f   Event.obj
 0001:00006d80       ?PutLocEvent@@YAXPAU_ProcessVariableID@@PADZZ 00407d80 f   Event.obj
 0001:00006df0       ?FireEvent@@YAXHPAD@Z      00407df0 f   Event.obj
 0001:00006eb0       ?put_event@@YAXHPAU_ProcessVariableID@@PADZZ 00407eb0 f   Event.obj
 0001:00007110       ?InitHashTable@@YAXXZ      00408110 f   HashFun.obj
 0001:000072f0       ?FreeHashTable@@YAXXZ      004082f0 f   HashFun.obj
 0001:00007300       ?find_rtu@@YAPAU_ProcessVariableID@@PAD@Z 00408300 f   HashFun.obj
 0001:00007340       ?find_var@@YAPAU_ProcessVariableID@@PAD0@Z 00408340 f   HashFun.obj
 0001:00007380       ?hash_add_rtu@@YAPAUhash_item@@PAU_ProcessVariableID@@PAD@Z 00408380 f   HashFun.obj
 0001:00007e70       ?hash_add_var@@YAXPAUhash_item@@PAU_ProcessVariableID@@PAD@Z 00408e70 f   HashFun.obj
 0001:00008960       ?hash_find_rtu@@YAPAUhash_item@@PAD@Z 00409960 f   HashFun.obj
 0001:00008f40       ?hash_find_var@@YAPAUhash_item@@PAD0@Z 00409f40 f   HashFun.obj
 0001:00009af0       ?delete_var@@YAXPAUhash_item@@@Z 0040aaf0 f   HashFun.obj
 0001:00009cc0       ?delete_all@@YAXXZ         0040acc0 f   HashFun.obj
 0001:0000a140       ?count_all@@YAHXZ          0040b140 f   HashFun.obj
 0001:0000ae10       ?PutLogMessage@@YAXPADZZ   0040be10 f   Loger.obj
 0001:0000aee0       ?ShowNetError@@YAXPADH@Z   0040bee0 f   Loger.obj
 0001:0000af80       ?OpenPipe@@YAHXZ           0040bf80 f   PipeFun.obj
 0001:0000b160       ?ClosePipe@@YAXXZ          0040c160 f   PipeFun.obj
 0001:0000b1e0       ?DisconnectClient@@YAXXZ   0040c1e0 f   PipeFun.obj
 0001:0000b220       ?SendToPipe@@YAHPAD@Z      0040c220 f   PipeFun.obj
 0001:0000b370       ?WaitForClient@@YAHXZ      0040c370 f   PipeFun.obj
 0001:0000b590       ?WaitForCmd@@YAXXZ         0040c590 f   PipeFun.obj
 0001:0000b5b0       ?RefreshClient@@YAXXZ      0040c5b0 f   PipeFun.obj
 0001:0000be60       ?InitClient@@YAXXZ         0040ce60 f   PipeFun.obj
 0001:0000c770       ?PutRtuSts@@YAHPADH@Z      0040d770 f   PipeFun.obj
 0001:0000c7c0       ?ProcessCmd@@YAXXZ         0040d7c0 f   PipeFun.obj
 0001:0000cc00       ?put_flag@@YAPADH@Z        0040dc00 f   PipeFun.obj
 0001:0000cc20       ?get_flag@@YA_NPAD@Z       0040dc20 f   PipeFun.obj
 0001:0000cc50       ?CheckForCmd@@YAXXZ        0040dc50 f   PipeFun.obj
 0001:0000cd40       ?putTags@@YAXPADG00@Z      0040dd40 f   PipeFun.obj
 0001:0000d350       ___local_stdio_scanf_options 0040e350 f i PipeFun.obj
 0001:0000d360       __vfprintf_l               0040e360 f i PipeFun.obj
 0001:0000d3a0       __vsscanf_l                0040e3a0 f i PipeFun.obj
 0001:0000d3e0       _fprintf                   0040e3e0 f i PipeFun.obj
 0001:0000d420       _printf                    0040e420 f i PipeFun.obj
 0001:0000d460       ?ReadConfigFile@@YAHXZ     0040e460 f   ReadConfigFile.obj
 0001:0000d870       ?strstr@@YAPADQADQBD@Z     0040e870 f i ReadConfigFile.obj
 0001:0000d890       ?get_PVID@@YAPAU_ProcessVariableID@@PAD0_N@Z 0040e890 f   pvidstr.obj
 0001:0000db50       ?get_pvp@@YAPAXPAU_ProcessVariableID@@H@Z 0040eb50 f   pvidstr.obj
 0001:0000e0b0       ?same_pvid@@YA_NPAU_ProcessVariableID@@0@Z 0040f0b0 f   pvidstr.obj
 0001:0000e0e0       ?get_name@@YAPADPAU_ProcessVariableID@@@Z 0040f0e0 f   pvidstr.obj
 0001:0000e370       ?put_chg@@YAXPAU_ProcessVariableID@@HH@Z 0040f370 f   pvidstr.obj
 0001:0000e400       ?get_chg@@YAHPAU_ProcessVariableID@@H@Z 0040f400 f   pvidstr.obj
 0001:0000e4a0       ?get_status@@YAGPAU_ProcessVariableID@@H@Z 0040f4a0 f   pvidstr.obj
 0001:0000e5c0       ?get_timestamp@@YAJPAU_ProcessVariableID@@@Z 0040f5c0 f   pvidstr.obj
 0001:0000e660       ?get_status_string@@YAPADPAU_ProcessVariableID@@@Z 0040f660 f   pvidstr.obj
 0001:0000e6b0       ?put_pvid_status@@YAHPAU_ProcessVariableID@@HGH@Z 0040f6b0 f   pvidstr.obj
 0001:0000eaa0       ?getObjElmID@@YAPAU_ProcessVariableID@@PAU1@H@Z 0040faa0 f   pvidstr.obj
 0001:0000ead0       ?getObjElm@@YAPAXPAU_ProcessVariableID@@H@Z 0040fad0 f   pvidstr.obj
 0001:0000eb10       ?getObjPrm@@YAMPAU_ProcessVariableID@@H@Z 0040fb10 f   pvidstr.obj
 0001:0000eb40       ?getObjType@@YAHPAU_ProcessVariableID@@@Z 0040fb40 f   pvidstr.obj
 0001:0000eb70       ?getObjClass@@YAHPAU_ProcessVariableID@@@Z 0040fb70 f   pvidstr.obj
 0001:0000eba0       ?getObjCatg@@YAHPAU_ProcessVariableID@@@Z 0040fba0 f   pvidstr.obj
 0001:0000ebd0       ?getDigSts@@YACPAU_ProcessVariableID@@@Z 0040fbd0 f   pvidstr.obj
 0001:0000ec40       ?getDigCmd@@YACPAU_ProcessVariableID@@@Z 0040fc40 f   pvidstr.obj
 0001:0000ecb0       ?getEguVal@@YAMPAU_ProcessVariableID@@@Z 0040fcb0 f   pvidstr.obj
 0001:0000ed70       ?getCmd@@YAHPAD@Z          0040fd70 f   pvidstr.obj
 0001:0000edc0       ?getSts@@YAHPAD@Z          0040fdc0 f   pvidstr.obj
 0001:0000ee10       ?save_var@@YAXPAU_ProcessVariableID@@PAE@Z 0040fe10 f   pvidstr.obj
 0001:0000eed0       ?save_opr@@YAXPAU_ProcessVariableID@@PAE@Z 0040fed0 f   pvidstr.obj
 0001:0000ef90       ?get_priority_status@@YAHPAU_ProcessVariableID@@H@Z 0040ff90 f   pvidstr.obj
 0001:0000f7c0       ?frand@@YAMMMM@Z           004107c0 f   SimLib.obj
 0001:0000f860       ?irand@@YAHHHH@Z           00410860 f   SimLib.obj
 0001:0000f8b0       ?ssetPVID@@YAXPAU_ProcessVariableID@@MCH@Z 004108b0 f   SimLib.obj
 0001:0000fb50       ?ssetPVAR@@YAXPAD0MCH@Z    00410b50 f   SimLib.obj
 0001:0000fc90       ?SetPlantSimulator@@YAXXZ  00410c90 f   SimPlant.obj
 0001:0000ff60       ?SetPlantDigDev@@YAXPAUdigital@@@Z 00410f60 f   SimPlant.obj
 0001:0000fff0       ?RunPlantSimulator@@YAXH@Z 00410ff0 f   SimPlant.obj
 0001:00010e80       ?MakeCmdResponse@@YAXPAUdigital@@@Z 00411e80 f   SimPlant.obj
 0001:00010fc0       ?ZastitaTrafoa@@YAXH@Z     00411fc0 f   SimPlant.obj
 0001:00011230       ?ZastitaIzvoda@@YAXH@Z     00412230 f   SimPlant.obj
 0001:00011390       ?StanjeIzvoda@@YAXH@Z      00412390 f   SimPlant.obj
 0001:00011b80       ?randAI@@YAXPAUanain@@@Z   00412b80 f   SimRandom.obj
 0001:00011c70       ?randCNT@@YAXPAUcounter@@@Z 00412c70 f   SimRandom.obj
 0001:00011ce0       ?randDigDev@@YAXPAUdigital@@@Z 00412ce0 f   SimRandom.obj
 0001:00011df0       ?SimulatorRTU@@YAXH@Z      00412df0 f   Simulator.obj
 0001:00012140       ?SetSimulation@@YAXXZ      00413140 f   Simulator.obj
 0001:00012340       ?RunSimulation@@YAXH@Z     00413340 f   Simulator.obj
 0001:000124b0       ?CheckDIgital@@YAXPAUdigital@@@Z 004134b0 f   Simulator.obj
 0001:00012730       ?_AfxInitManaged@@YAHXZ    00413730 f i StdAfx.obj
 0001:00012740       ?refresh_WD@@YAXXZ         00413740 f   StdAfx.obj
 0001:00012750       ?disable_WD@@YAXXZ         00413750 f   StdAfx.obj
 0001:00012760       ?enable_WD@@YAXXZ          00413760 f   StdAfx.obj
 0001:00012770       ?SetPriority@@YAHH@Z       00413770 f   StdAfx.obj
 0001:000127b0       ?bsplit@@YAXPAXPAPAEH@Z    004137b0 f   StdAfx.obj
 0001:00012800       ??$AtlAdd@H@ATL@@YAJPAHHH@Z 00413800 f i StdAfx.obj
 0001:00012840       ??$AtlAdd@I@ATL@@YAJPAIII@Z 00413840 f i StdAfx.obj
 0001:00012880       ??$AtlAdd@K@ATL@@YAJPAKKK@Z 00413880 f i StdAfx.obj
 0001:000128c0       ??$AtlAlignUp@H@ATL@@YGHHK@Z 004138c0 f i StdAfx.obj
 0001:000128f0       ??$AtlMultiply@I@ATL@@YAJPAIII@Z 004138f0 f i StdAfx.obj
 0001:00012940       ??$AtlMultiply@K@ATL@@YAJPAKKK@Z 00413940 f i StdAfx.obj
 0001:00012990       ??0?$CHeapPtr@DVCCRTAllocator@ATL@@@ATL@@QAE@XZ 00413990 f i StdAfx.obj
 0001:000129b0       ??0?$CHeapPtr@_WVCCRTAllocator@ATL@@@ATL@@QAE@XZ 004139b0 f i StdAfx.obj
 0001:000129d0       ??0?$CHeapPtrBase@DVCCRTAllocator@ATL@@@ATL@@IAE@XZ 004139d0 f i StdAfx.obj
 0001:000129f0       ??0?$CHeapPtrBase@_WVCCRTAllocator@ATL@@@ATL@@IAE@XZ 004139f0 f i StdAfx.obj
 0001:00012a10       ??0?$CSimpleArray@GV?$CSimpleArrayEqualHelper@G@ATL@@@ATL@@QAE@XZ 00413a10 f i StdAfx.obj
 0001:00012a50       ??0?$CTraceCategoryEx@$00$0A@@ATL@@QAE@PBD@Z 00413a50 f i StdAfx.obj
 0001:00012a80       ??0?$CTraceCategoryEx@$01$0A@@ATL@@QAE@PBD@Z 00413a80 f i StdAfx.obj
 0001:00012ab0       ??0?$CTraceCategoryEx@$03$0A@@ATL@@QAE@PBD@Z 00413ab0 f i StdAfx.obj
 0001:00012ae0       ??0?$CTraceCategoryEx@$07$0A@@ATL@@QAE@PBD@Z 00413ae0 f i StdAfx.obj
 0001:00012b10       ??0?$CTraceCategoryEx@$0BA@$0A@@ATL@@QAE@PBD@Z 00413b10 f i StdAfx.obj
 0001:00012b40       ??0?$CTraceCategoryEx@$0BAA@$0A@@ATL@@QAE@PBD@Z 00413b40 f i StdAfx.obj
 0001:00012b70       ??0?$CTraceCategoryEx@$0BAAA@$0A@@ATL@@QAE@PBD@Z 00413b70 f i StdAfx.obj
 0001:00012ba0       ??0?$CTraceCategoryEx@$0BAAAA@$0A@@ATL@@QAE@PBD@Z 00413ba0 f i StdAfx.obj
 0001:00012bd0       ??0?$CTraceCategoryEx@$0BAAAAA@$0A@@ATL@@QAE@PBD@Z 00413bd0 f i StdAfx.obj
 0001:00012c00       ??0?$CTraceCategoryEx@$0CA@$0A@@ATL@@QAE@PBD@Z 00413c00 f i StdAfx.obj
 0001:00012c30       ??0?$CTraceCategoryEx@$0CAA@$0A@@ATL@@QAE@PBD@Z 00413c30 f i StdAfx.obj
 0001:00012c60       ??0?$CTraceCategoryEx@$0CAAAA@$0A@@ATL@@QAE@PBD@Z 00413c60 f i StdAfx.obj
 0001:00012c90       ??0?$CTraceCategoryEx@$0CAAAAA@$0A@@ATL@@QAE@PBD@Z 00413c90 f i StdAfx.obj
 0001:00012cc0       ??0?$CTraceCategoryEx@$0EA@$0A@@ATL@@QAE@PBD@Z 00413cc0 f i StdAfx.obj
 0001:00012cf0       ??0?$CTraceCategoryEx@$0EAA@$0A@@ATL@@QAE@PBD@Z 00413cf0 f i StdAfx.obj
 0001:00012d20       ??0?$CTraceCategoryEx@$0EAAA@$0A@@ATL@@QAE@PBD@Z 00413d20 f i StdAfx.obj
 0001:00012d50       ??0?$CTraceCategoryEx@$0EAAAA@$0A@@ATL@@QAE@PBD@Z 00413d50 f i StdAfx.obj
 0001:00012d80       ??0?$CTraceCategoryEx@$0EAAAAA@$0A@@ATL@@QAE@PBD@Z 00413d80 f i StdAfx.obj
 0001:00012db0       ??0?$CTraceCategoryEx@$0IA@$0A@@ATL@@QAE@PBD@Z 00413db0 f i StdAfx.obj
 0001:00012de0       ??0?$CTraceCategoryEx@$0IAA@$0A@@ATL@@QAE@PBD@Z 00413de0 f i StdAfx.obj
 0001:00012e10       ??0?$CTraceCategoryEx@$0IAAA@$0A@@ATL@@QAE@PBD@Z 00413e10 f i StdAfx.obj
 0001:00012e40       ??0?$CTraceCategoryEx@$0IAAAA@$0A@@ATL@@QAE@PBD@Z 00413e40 f i StdAfx.obj
 0001:00012e70       ??0CAtlComModule@ATL@@QAE@XZ 00413e70 f i StdAfx.obj
 0001:00012f60       ??0CAtlStringMgr@ATL@@QAE@PAUIAtlMemMgr@1@@Z 00413f60 f i StdAfx.obj
 0001:00012fb0       ??0CAtlStringMgrStaticInitializer@ATLImplementationDetails@ATL@@QAE@XZ 00413fb0 f i StdAfx.obj
 0001:00012fd0       ??0CAtlWinModule@ATL@@QAE@XZ 00413fd0 f i StdAfx.obj
 0001:00013060       ??0CComCriticalSection@ATL@@QAE@XZ 00414060 f i StdAfx.obj
 0001:00013090       ??0CNilStringData@ATL@@QAE@XZ 00414090 f i StdAfx.obj
 0001:00013100       ??0CPreserveLastError@ATL@@QAE@XZ 00414100 f i StdAfx.obj
 0001:00013120       ??0CTraceFileAndLineInfo@ATL@@QAE@PBDH@Z 00414120 f i StdAfx.obj
 0001:00013150       ??0CWin32Heap@ATL@@QAE@PAX@Z 00414150 f i StdAfx.obj
 0001:000131c0       ??0_ATL_COM_MODULE70@ATL@@QAE@XZ 004141c0 f i StdAfx.obj
 0001:000131e0       ??0_ATL_WIN_MODULE70@ATL@@QAE@XZ 004141e0 f i StdAfx.obj
 0001:00013260       ??1?$CHeapPtr@DVCCRTAllocator@ATL@@@ATL@@QAE@XZ 00414260 f i StdAfx.obj
 0001:00013280       ??1?$CHeapPtr@_WVCCRTAllocator@ATL@@@ATL@@QAE@XZ 00414280 f i StdAfx.obj
 0001:000132a0       ??1?$CHeapPtrBase@DVCCRTAllocator@ATL@@@ATL@@QAE@XZ 004142a0 f i StdAfx.obj
 0001:000132c0       ??1?$CHeapPtrBase@_WVCCRTAllocator@ATL@@@ATL@@QAE@XZ 004142c0 f i StdAfx.obj
 0001:000132e0       ??1?$CSimpleArray@GV?$CSimpleArrayEqualHelper@G@ATL@@@ATL@@QAE@XZ 004142e0 f i StdAfx.obj
 0001:00013330       ??1CAtlComModule@ATL@@QAE@XZ 00414330 f i StdAfx.obj
 0001:00013390       ??1CAtlStringMgr@ATL@@UAE@XZ 00414390 f i StdAfx.obj
 0001:000133a0       ??1CAtlWinModule@ATL@@QAE@XZ 004143a0 f i StdAfx.obj
 0001:00013400       ??1CComCriticalSection@ATL@@QAE@XZ 00414400 f i StdAfx.obj
 0001:00013410       ??1CPreserveLastError@ATL@@QAE@XZ 00414410 f i StdAfx.obj
 0001:00013430       ??1CWin32Heap@ATL@@UAE@XZ  00414430 f i StdAfx.obj
 0001:000134b0       ??1_ATL_COM_MODULE70@ATL@@QAE@XZ 004144b0 f i StdAfx.obj
 0001:000134d0       ??1_ATL_WIN_MODULE70@ATL@@QAE@XZ 004144d0 f i StdAfx.obj
 0001:00013500       ??A?$CSimpleArray@GV?$CSimpleArrayEqualHelper@G@ATL@@@ATL@@QAEAAGH@Z 00414500 f i StdAfx.obj
 0001:00013590       ??B?$CHeapPtrBase@DVCCRTAllocator@ATL@@@ATL@@QBEPADXZ 00414590 f i StdAfx.obj
 0001:000135b0       ??B?$CHeapPtrBase@_WVCCRTAllocator@ATL@@@ATL@@QBEPA_WXZ 004145b0 f i StdAfx.obj
 0001:000135d0       ??B?$CTraceCategoryEx@$01$0A@@ATL@@QAEIXZ 004145d0 f i StdAfx.obj
 0001:000135f0       ??B?$CTraceCategoryEx@$0CA@$0A@@ATL@@QAEIXZ 004145f0 f i StdAfx.obj
 0001:00013610       ??RCTraceFileAndLineInfo@ATL@@QBAXHIPBDZZ 00414610 f i StdAfx.obj
 0001:000136c0       ??_ECAtlStringMgr@ATL@@UAEPAXI@Z 004146c0 f i StdAfx.obj
 0001:000136c0       ??_GCAtlStringMgr@ATL@@UAEPAXI@Z 004146c0 f i StdAfx.obj
 0001:00013700       ??_GCWin32Heap@ATL@@UAEPAXI@Z 00414700 f i StdAfx.obj
 0001:00013700       ??_ECWin32Heap@ATL@@UAEPAXI@Z 00414700 f i StdAfx.obj
 0001:00013740       ??_H@YGXPAXIIP6EPAX0@Z@Z   00414740 f i StdAfx.obj
 0001:00013780       ?AddRef@CStringData@ATL@@QAEXXZ 00414780 f i StdAfx.obj
 0001:000137e0       ?Allocate@?$CHeapPtr@DVCCRTAllocator@ATL@@@ATL@@QAE_NI@Z 004147e0 f i StdAfx.obj
 0001:00013830       ?Allocate@?$CHeapPtr@_WVCCRTAllocator@ATL@@@ATL@@QAE_NI@Z 00414830 f i StdAfx.obj
 0001:00013880       ?Allocate@CAtlStringMgr@ATL@@UAEPAUCStringData@2@HH@Z 00414880 f i StdAfx.obj
 0001:00013a50       ?Allocate@CCRTAllocator@ATL@@SAPAXI@Z 00414a50 f i StdAfx.obj
 0001:00013a70       ?Allocate@CWin32Heap@ATL@@UAEPAXI@Z 00414a70 f i StdAfx.obj
 0001:00013aa0       ?AllocateBytes@?$CHeapPtrBase@DVCCRTAllocator@ATL@@@ATL@@QAE_NI@Z 00414aa0 f i StdAfx.obj
 0001:00013b20       ?AllocateBytes@?$CHeapPtrBase@_WVCCRTAllocator@ATL@@@ATL@@QAE_NI@Z 00414b20 f i StdAfx.obj
 0001:00013ba0       ?AtlWinModuleInit@ATL@@YGJPAU_ATL_WIN_MODULE70@1@@Z 00414ba0 f i StdAfx.obj
 0001:00013c70       ?AtlWinModuleTerm@ATL@@YGJPAU_ATL_WIN_MODULE70@1@PAUHINSTANCE__@@@Z 00414c70 f i StdAfx.obj
 0001:00013d30       ?Clone@CAtlStringMgr@ATL@@UAEPAUIAtlStringMgr@2@XZ 00414d30 f i StdAfx.obj
 0001:00013d50       ?Free@?$CHeapPtrBase@DVCCRTAllocator@ATL@@@ATL@@QAEXXZ 00414d50 f i StdAfx.obj
 0001:00013d80       ?Free@?$CHeapPtrBase@_WVCCRTAllocator@ATL@@@ATL@@QAEXXZ 00414d80 f i StdAfx.obj
 0001:00013db0       ?Free@CAtlStringMgr@ATL@@UAEXPAUCStringData@2@@Z 00414db0 f i StdAfx.obj
 0001:00013e50       ?Free@CCRTAllocator@ATL@@SAXPAX@Z 00414e50 f i StdAfx.obj
 0001:00013e70       ?Free@CWin32Heap@ATL@@UAEXPAX@Z 00414e70 f i StdAfx.obj
 0001:00013ee0       ?GetCategoryName@CTrace@ATL@@CAPA_WI@Z 00414ee0 f i StdAfx.obj
 0001:00013f40       ?GetInstance@CAtlStringMgr@ATL@@SAPAUIAtlStringMgr@2@XZ 00414f40 f i StdAfx.obj
 0001:00014040       ?GetModuleInstance@CAtlBaseModule@ATL@@QAEPAUHINSTANCE__@@XZ 00415040 f i StdAfx.obj
 0001:00014060       ?GetNilString@CAtlStringMgr@ATL@@UAEPAUCStringData@2@XZ 00415060 f i StdAfx.obj
 0001:00014090       ?GetSize@?$CSimpleArray@GV?$CSimpleArrayEqualHelper@G@ATL@@@ATL@@QBEHXZ 00415090 f i StdAfx.obj
 0001:000140b0       ?GetSize@CWin32Heap@ATL@@UAEIPAX@Z 004150b0 f i StdAfx.obj
 0001:000140e0       ?Init@CComCriticalSection@ATL@@QAEJXZ 004150e0 f i StdAfx.obj
 0001:00014130       ?Reallocate@CAtlStringMgr@ATL@@UAEPAUCStringData@2@PAU32@HH@Z 00415130 f i StdAfx.obj
 0001:00014310       ?Reallocate@CWin32Heap@ATL@@UAEPAXPAXI@Z 00415310 f i StdAfx.obj
 0001:00014380       ?RemoveAll@?$CSimpleArray@GV?$CSimpleArrayEqualHelper@G@ATL@@@ATL@@QAEXXZ 00415380 f i StdAfx.obj
 0001:00014400       ?SetManager@CNilStringData@ATL@@QAEXPAUIAtlStringMgr@2@@Z 00415400 f i StdAfx.obj
 0001:00014460       ?Term@CAtlComModule@ATL@@QAEXXZ 00415460 f i StdAfx.obj
 0001:00014510       ?Term@CAtlWinModule@ATL@@QAEXXZ 00415510 f i StdAfx.obj
 0001:00014540       ?Term@CComCriticalSection@ATL@@QAEJXZ 00415540 f i StdAfx.obj
 0001:00014560       ?TraceV@CTrace@ATL@@CAXPBDHIIPB_W@Z 00415560 f i StdAfx.obj
 0001:000147f0       ?TraceV@CTrace@ATL@@SAXPBDHII0PAD@Z 004157f0 f i StdAfx.obj
 0001:00014a20       ?_AtlInitializeCriticalSectionEx@ATL@@YAHPAU_RTL_CRITICAL_SECTION@@KK@Z 00415a20 f i StdAfx.obj
 0001:00014a40       ?_AtlRaiseException@ATL@@YAXKK@Z 00415a40 f i StdAfx.obj
 0001:00014a60       _HRESULT_FROM_WIN32        00415a60 f i StdAfx.obj
 0001:00014aa0       __vscprintf                00415aa0 f i StdAfx.obj
 0001:00014ac0       __vscprintf_l              00415ac0 f i StdAfx.obj
 0001:00014b20       __vsnprintf_s              00415b20 f i StdAfx.obj
 0001:00014b50       __vsnprintf_s_l            00415b50 f i StdAfx.obj
 0001:00014bc0       ?OpenTimerList@@YAXH@Z     00415bc0 f   Timers.obj
 0001:00014be0       ?CloseTimerList@@YAXXZ     00415be0 f   Timers.obj
 0001:00014c60       ?GetTimer@@YAPAUtimer@@PAD@Z 00415c60 f   Timers.obj
 0001:00014cf0       ?DelTimer@@YAXPAUtimer@@@Z 00415cf0 f   Timers.obj
 0001:00014d60       ?StartTimer@@YAXPAUtimer@@HH@Z 00415d60 f   Timers.obj
 0001:00014de0       ?RestartTimer@@YAXPAUtimer@@@Z 00415de0 f   Timers.obj
 0001:00014e40       ?StopTimer@@YAXPAUtimer@@@Z 00415e40 f   Timers.obj
 0001:00014e70       ?SuspendTimer@@YAXPAUtimer@@@Z 00415e70 f   Timers.obj
 0001:00014e90       ?ResumeTimer@@YAXPAUtimer@@@Z 00415e90 f   Timers.obj
 0001:00014eb0       ?TimeLeftTimer@@YAHPAUtimer@@H@Z 00415eb0 f   Timers.obj
 0001:00014ed0       ?UpdateTimers@@YAXXZ       00415ed0 f   Timers.obj
 0001:00015080       ?LinearConversion@@YAMMIIMMH@Z 00416080 f   conversion.obj
 0001:00015280       ?pow_i@@YAHHH@Z            00416280 f   conversion.obj
 0001:00015350       ?ProcessAnalogInput@@YAXPAUanain@@HM@Z 00416350 f   processing.obj
 0001:00015690       ?ProcessAnalogOutput@@YAXPAUanaout@@GM@Z 00416690 f   processing.obj
 0001:00015890       ?CalculateAnalogCommand@@YAMPAUanaout@@@Z 00416890 f   processing.obj
 0001:000159f0       ?ProcessCounter@@YAXPAUcounter@@JM@Z 004169f0 f   processing.obj
 0001:00015b30       ?OnClearCounterDone@@YAXPAUcounter@@@Z 00416b30 f   processing.obj
 0001:00015bd0       ?GetRawDigitalInput@@YAHHH@Z 00416bd0 f   processing.obj
 0001:00015c30       ?PutRawDigitalInput@@YAXHHH@Z 00416c30 f   processing.obj
 0001:00015d20       ?ProcessDigitalInput@@YAXPAUdigital@@@Z 00416d20 f   processing.obj
 0001:00015f30       ?GetDigitalOutputValue@@YAHHH@Z 00416f30 f   processing.obj
 0001:00015f90       ?SetDigitalOutputValue@@YAXHHH@Z 00416f90 f   processing.obj
 0001:00016080       ?ProcessDigitalOutput@@YAXPAUdigital@@@Z 00417080 f   processing.obj
 0001:00016190       ?GetRawCommand@@YAHPAUdigital@@C@Z 00417190 f   processing.obj
 0001:000161f0       ?PutCommand@@YAHPAU_ProcessVariableID@@MGF@Z 004171f0 f   processing.obj
 0001:00016a10       ?PutClearCounter@@YAHPAU_ProcessVariableID@@GF@Z 00417a10 f   processing.obj
 0001:00016a60       ?CommandInspector@@YAXXZ   00417a60 f   processing.obj
 0001:00016cc0       ?ObjectsProcessor@@YAXXZ   00417cc0 f   processing.obj
 0001:00016da0       ?SetObjectValue@@YA_NPAUobject@@MCC_N@Z 00417da0 f   processing.obj
 0001:00016e70       ?SetManualValue@@YAXPAU_ProcessVariableID@@M@Z 00417e70 f   processing.obj
 0001:00017230       ?ResetManualFlag@@YAXPAU_ProcessVariableID@@@Z 00418230 f   processing.obj
 0001:00017550       ?PutManualValue@@YAHPAU_ProcessVariableID@@M_NF@Z 00418550 f   processing.obj
 0001:00017610       ?PutTags@@YAHPAU_ProcessVariableID@@GF@Z 00418610 f   processing.obj
 0001:00017720       ?pubChg@@YAXPAU_ProcessVariableID@@H@Z 00418720 f   processing.obj
 0001:00017730       ?analog_input_alarm@@YAXPAUanain@@@Z 00418730 f   processing.obj
 0001:00017a90       ?analog_output_alarm@@YAXPAUanaout@@@Z 00418a90 f   processing.obj
 0001:00017df0       ?counter_input_alarm@@YA_NPAUcounter@@_N@Z 00418df0 f   processing.obj
 0001:00017f80       ?checkManReq@@YAHPAU_ProcessVariableID@@M@Z 00418f80 f   processing.obj
 0001:00018130       ?put_tag@@YAHPAU_ProcessVariableID@@G_N@Z 00419130 f   processing.obj
 0001:00018ea0       ?ReadAsciiConfiguration@@YAHPAD@Z 00419ea0 f   Ioascii.obj
 0001:000194c0       ?InitializeConfiguration@@YAXXZ 0041a4c0 f   Ioascii.obj
 0001:00019590       ?FreeConfigurationAllocations@@YAXXZ 0041a590 f   Ioascii.obj
 0001:00019820       ?FindKey@@YAHPADPAUKEYWRD@@@Z 0041a820 f   Ioascii.obj
 0001:000198c0       ?MultCfg@@YAHH@Z           0041a8c0 f   Ioascii.obj
 0001:0001a5e0       ?WrASCIICfg@@YAHPAD@Z      0041b5e0 f   Ioascii.obj
 0001:0001a9f0       ?GetTypeID@@YAHPAD@Z       0041b9f0 f   Ioascii.obj
 0001:0001aa50       ?GetTypeName@@YAPADH@Z     0041ba50 f   Ioascii.obj
 0001:0001aaa0       ?FindKeyWord@@YAPADHPAUKEYWRD@@@Z 0041baa0 f   Ioascii.obj
 0001:0001aaf0       ?ShowCfgError@@YAXXZ       0041baf0 f   Ioascii.obj
 0001:0001abf0       ?ReadLineCfg@@YAHPAU_iobuf@@QAUKEYWRD@@H@Z 0041bbf0 f   Ioascii.obj
 0001:0001acb0       ?raise_2@@YAHH@Z           0041bcb0 f   Ioascii.obj
 0001:0001ace0       ?find_string@@YAHPAPADPAD@Z 0041bce0 f   Ioascii.obj
 0001:0001ad30       ?sget_short@@YAHPADPAF@Z   0041bd30 f   Ioascii.obj
 0001:0001ad80       ?sget_long@@YAHPADPAJ@Z    0041bd80 f   Ioascii.obj
 0001:0001add0       ?sget_ulong@@YAHPADPAK@Z   0041bdd0 f   Ioascii.obj
 0001:0001ae20       ?sget_float@@YAHPADPAM@Z   0041be20 f   Ioascii.obj
 0001:0001ae70       ?sget_on_off@@YAHPADPAF@Z  0041be70 f   Ioascii.obj
 0001:0001af30       ?sget_alltext@@YAHPAD0H@Z  0041bf30 f   Ioascii.obj
 0001:0001b020       ?sget_string@@YAHPAD0H@Z   0041c020 f   Ioascii.obj
 0001:0001b110       ?in_system@@YAHPAU_iobuf@@H@Z 0041c110 f   Ioascii.obj
 0001:0001b1e0       ?in_egunit@@YAHPAU_iobuf@@H@Z 0041c1e0 f   Ioascii.obj
 0001:0001b3a0       ?in_state@@YAHPAU_iobuf@@H@Z 0041c3a0 f   Ioascii.obj
 0001:0001b560       ?in_command@@YAHPAU_iobuf@@H@Z 0041c560 f   Ioascii.obj
 0001:0001b720       ?in_digdef@@YAHPAU_iobuf@@H@Z 0041c720 f   Ioascii.obj
 0001:0001bae0       ?in_objdef@@YAHPAU_iobuf@@H@Z 0041cae0 f   Ioascii.obj
 0001:0001c030       ?in_channel@@YAHPAU_iobuf@@H@Z 0041d030 f   Ioascii.obj
 0001:0001c6d0       ?in_rtu@@YAHPAU_iobuf@@H@Z 0041d6d0 f   Ioascii.obj
 0001:0001cd70       ?in_anain@@YAHPAU_iobuf@@H@Z 0041dd70 f   Ioascii.obj
 0001:0001d690       ?in_anaout@@YAHPAU_iobuf@@H@Z 0041e690 f   Ioascii.obj
 0001:0001dfd0       ?in_counter@@YAHPAU_iobuf@@H@Z 0041efd0 f   Ioascii.obj
 0001:0001e770       ?in_digital@@YAHPAU_iobuf@@H@Z 0041f770 f   Ioascii.obj
 0001:0001ef30       ?in_object@@YAHPAU_iobuf@@H@Z 0041ff30 f   Ioascii.obj
 0001:0001f890       ?on_end@@YAHH@Z            00420890 f   Ioascii.obj
 0001:00020300       ?inc_deep_level@@YAXXZ     00421300 f   Ioascii.obj
 0001:00020320       ?dec_deep_level@@YAXXZ     00421320 f   Ioascii.obj
 0001:00020340       ?fput_text@@YAXPAU_iobuf@@PAD@Z 00421340 f   Ioascii.obj
 0001:00020370       ?fput_newlin@@YAXPAU_iobuf@@@Z 00421370 f   Ioascii.obj
 0001:00020390       ?fput_keywrd@@YAXPAU_iobuf@@PAD1@Z 00421390 f   Ioascii.obj
 0001:00020420       ?fput_short@@YAXPAU_iobuf@@PADF1@Z 00421420 f   Ioascii.obj
 0001:000204c0       ?fput_long@@YAXPAU_iobuf@@PADJ1@Z 004214c0 f   Ioascii.obj
 0001:00020560       ?fput_ulong@@YAXPAU_iobuf@@PADK1@Z 00421560 f   Ioascii.obj
 0001:00020600       ?fput_float@@YAXPAU_iobuf@@PADM1@Z 00421600 f   Ioascii.obj
 0001:000206b0       ?fput_on_off@@YAXPAU_iobuf@@PADE@Z 004216b0 f   Ioascii.obj
 0001:00020730       ?fput_string@@YAXPAU_iobuf@@PAD1@Z 00421730 f   Ioascii.obj
 0001:00020790       ?fput_vstring@@YAXPAU_iobuf@@PAD1ZZ 00421790 f   Ioascii.obj
 0001:00020850       ?out_system@@YAXPAU_iobuf@@@Z 00421850 f   Ioascii.obj
 0001:000208a0       ?out_egu@@YAXPAU_iobuf@@PAU_egu@@@Z 004218a0 f   Ioascii.obj
 0001:00020910       ?out_state@@YAXPAU_iobuf@@PAU_state@@@Z 00421910 f   Ioascii.obj
 0001:00020980       ?out_command@@YAXPAU_iobuf@@PAU_command@@@Z 00421980 f   Ioascii.obj
 0001:000209f0       ?out_digdef@@YAXPAU_iobuf@@PAU_digdev@@@Z 004219f0 f   Ioascii.obj
 0001:00020bb0       ?out_objdef@@YAXPAU_iobuf@@PAU_objdef@@@Z 00421bb0 f   Ioascii.obj
 0001:00020de0       ?out_channel@@YAXPAU_iobuf@@PAU_chanet@@@Z 00421de0 f   Ioascii.obj
 0001:00020fc0       ?out_rtu@@YAXPAU_iobuf@@PAU_rtut@@@Z 00421fc0 f   Ioascii.obj
 0001:00021190       ?out_anain@@YAXPAU_iobuf@@PAUanain@@@Z 00422190 f   Ioascii.obj
 0001:000214a0       ?out_anaout@@YAXPAU_iobuf@@PAUanaout@@@Z 004224a0 f   Ioascii.obj
 0001:000217d0       ?out_counter@@YAXPAU_iobuf@@PAUcounter@@@Z 004227d0 f   Ioascii.obj
 0001:000219f0       ?out_digital@@YAXPAU_iobuf@@PAUdigital@@@Z 004229f0 f   Ioascii.obj
 0001:00021c10       ?out_object@@YAXPAU_iobuf@@PAUobject@@@Z 00422c10 f   Ioascii.obj
 0001:0002435c       _timeSetEvent@20           0042535c f   winmm:WINMM.dll
 0001:00024362       _timeKillEvent@4           00425362 f   winmm:WINMM.dll
 0001:00024368       ??3@YAXPAX@Z               00425368 f   mfc140d:mfc140d.dll
 0001:0002436e       ??3CObject@@SGXPAX@Z       0042536e f   mfc140d:mfc140d.dll
 0001:00024374       ?Serialize@CObject@@UAEXAAVCArchive@@@Z 00425374 f   mfc140d:mfc140d.dll
 0001:0002437a       ??1CFont@@UAE@XZ           0042537a f   mfc140d:mfc140d.dll
 0001:00024380       ?OnCmdMsg@CCmdTarget@@UAEHIHPAXPAUAFX_CMDHANDLERINFO@@@Z 00425380 f   mfc140d:mfc140d.dll
 0001:00024386       ?OnFinalRelease@CCmdTarget@@UAEXXZ 00425386 f   mfc140d:mfc140d.dll
 0001:0002438c       ?IsInvokeAllowed@CCmdTarget@@UAEHJ@Z 0042538c f   mfc140d:mfc140d.dll
 0001:00024392       ?GetDispatchIID@CCmdTarget@@UAEHPAU_GUID@@@Z 00425392 f   mfc140d:mfc140d.dll
 0001:00024398       ?GetTypeInfoCount@CCmdTarget@@UAEIXZ 00425398 f   mfc140d:mfc140d.dll
 0001:0002439e       ?GetTypeLibCache@CCmdTarget@@UAEPAVCTypeLibCache@@XZ 0042539e f   mfc140d:mfc140d.dll
 0001:000243a4       ?GetTypeLib@CCmdTarget@@UAEJKPAPAUITypeLib@@@Z 004253a4 f   mfc140d:mfc140d.dll
 0001:000243aa       ?GetCommandMap@CCmdTarget@@MBEPBUAFX_OLECMDMAP@@XZ 004253aa f   mfc140d:mfc140d.dll
 0001:000243b0       ?GetDispatchMap@CCmdTarget@@MBEPBUAFX_DISPMAP@@XZ 004253b0 f   mfc140d:mfc140d.dll
 0001:000243b6       ?GetConnectionMap@CCmdTarget@@MBEPBUAFX_CONNECTIONMAP@@XZ 004253b6 f   mfc140d:mfc140d.dll
 0001:000243bc       ?GetInterfaceMap@CCmdTarget@@MBEPBUAFX_INTERFACEMAP@@XZ 004253bc f   mfc140d:mfc140d.dll
 0001:000243c2       ?GetEventSinkMap@CCmdTarget@@MBEPBUAFX_EVENTSINKMAP@@XZ 004253c2 f   mfc140d:mfc140d.dll
 0001:000243c8       ?OnCreateAggregates@CCmdTarget@@UAEHXZ 004253c8 f   mfc140d:mfc140d.dll
 0001:000243ce       ?GetInterfaceHook@CCmdTarget@@UAEPAUIUnknown@@PBX@Z 004253ce f   mfc140d:mfc140d.dll
 0001:000243d4       ?GetExtraConnectionPoints@CCmdTarget@@MAEHPAVCPtrArray@@@Z 004253d4 f   mfc140d:mfc140d.dll
 0001:000243da       ?GetConnectionHook@CCmdTarget@@MAEPAUIConnectionPoint@@ABU_GUID@@@Z 004253da f   mfc140d:mfc140d.dll
 0001:000243e0       ?DoModal@CDialog@@UAEHXZ   004253e0 f   mfc140d:mfc140d.dll
 0001:000243e6       ??1CDialog@@UAE@XZ         004253e6 f   mfc140d:mfc140d.dll
 0001:000243ec       ??1CStatic@@UAE@XZ         004253ec f   mfc140d:mfc140d.dll
 0001:000243f2       ??1CListBox@@UAE@XZ        004253f2 f   mfc140d:mfc140d.dll
 0001:000243f8       ?PreTranslateMessage@CWinThread@@UAEHPAUtagMSG@@@Z 004253f8 f   mfc140d:mfc140d.dll
 0001:000243fe       ?PumpMessage@CWinThread@@UAEHXZ 004253fe f   mfc140d:mfc140d.dll
 0001:00024404       ?IsIdleMessage@CWinThread@@UAEHPAUtagMSG@@@Z 00425404 f   mfc140d:mfc140d.dll
 0001:0002440a       ?ProcessMessageFilter@CWinThread@@UAEHHPAUtagMSG@@@Z 0042540a f   mfc140d:mfc140d.dll
 0001:00024410       ?GetMainWnd@CWinThread@@UAEPAVCWnd@@XZ 00425410 f   mfc140d:mfc140d.dll
 0001:00024416       ?Delete@CWinThread@@UAEXXZ 00425416 f   mfc140d:mfc140d.dll
 0001:0002441c       ?GetRuntimeClass@CWinApp@@UBEPAUCRuntimeClass@@XZ 0042541c f   mfc140d:mfc140d.dll
 0001:00024422       ??0CWinApp@@QAE@PBD@Z      00425422 f   mfc140d:mfc140d.dll
 0001:00024428       ?GetProfileIntA@CWinApp@@UAEIPBD0H@Z 00425428 f   mfc140d:mfc140d.dll
 0001:0002442e       ?WriteProfileInt@CWinApp@@UAEHPBD0H@Z 0042542e f   mfc140d:mfc140d.dll
 0001:00024434       ?GetProfileStringA@CWinApp@@UAE?AV?$CStringT@DV?$StrTraitMFC_DLL@DV?$ChTraitsCRT@D@ATL@@@@@ATL@@PBD00@Z 00425434 f   mfc140d:mfc140d.dll
 0001:0002443a       ?WriteProfileStringA@CWinApp@@UAEHPBD00@Z 0042543a f   mfc140d:mfc140d.dll
 0001:00024440       ?GetProfileBinary@CWinApp@@UAEHPBD0PAPAEPAI@Z 00425440 f   mfc140d:mfc140d.dll
 0001:00024446       ?WriteProfileBinary@CWinApp@@UAEHPBD0PAEI@Z 00425446 f   mfc140d:mfc140d.dll
 0001:0002444c       ?InitLibId@CWinApp@@UAEXXZ 0042544c f   mfc140d:mfc140d.dll
 0001:00024452       ?Register@CWinApp@@UAEHXZ  00425452 f   mfc140d:mfc140d.dll
 0001:00024458       ?Unregister@CWinApp@@UAEHXZ 00425458 f   mfc140d:mfc140d.dll
 0001:0002445e       ?OpenDocumentFile@CWinApp@@UAEPAVCDocument@@PBD@Z 0042545e f   mfc140d:mfc140d.dll
 0001:00024464       ?OpenDocumentFile@CWinApp@@UAEPAVCDocument@@PBDH@Z 00425464 f   mfc140d:mfc140d.dll
 0001:0002446a       ?AddToRecentFileList@CWinApp@@UAEXPBD@Z 0042546a f   mfc140d:mfc140d.dll
 0001:00024470       ?InitApplication@CWinApp@@UAEHXZ 00425470 f   mfc140d:mfc140d.dll
 0001:00024476       ?SaveAllModified@CWinApp@@UAEHXZ 00425476 f   mfc140d:mfc140d.dll
 0001:0002447c       ?DoMessageBox@CWinApp@@UAEHPBDII@Z 0042547c f   mfc140d:mfc140d.dll
 0001:00024482       ?DoWaitCursor@CWinApp@@UAEXH@Z 00425482 f   mfc140d:mfc140d.dll
 0001:00024488       ?OnDDECommand@CWinApp@@UAEHPAD@Z 00425488 f   mfc140d:mfc140d.dll
 0001:0002448e       ?WinHelpA@CWinApp@@UAEXKI@Z 0042548e f   mfc140d:mfc140d.dll
 0001:00024494       ?HtmlHelpA@CWinApp@@UAEXKI@Z 00425494 f   mfc140d:mfc140d.dll
 0001:0002449a       ?WinHelpInternal@CWinApp@@UAEXKI@Z 0042549a f   mfc140d:mfc140d.dll
 0001:000244a0       ?RegisterWithRestartManager@CWinApp@@UAEJHABV?$CStringT@DV?$StrTraitMFC_DLL@DV?$ChTraitsCRT@D@ATL@@@@@ATL@@@Z 004254a0 f   mfc140d:mfc140d.dll
 0001:000244a6       ?RegisterWithRestartManager@CWinApp@@UAEJPB_WKP6GKPAX@Z1KK@Z 004254a6 f   mfc140d:mfc140d.dll
 0001:000244ac       ?ApplicationRecoveryCallback@CWinApp@@UAEKPAX@Z 004254ac f   mfc140d:mfc140d.dll
 0001:000244b2       ?OnHelp@CWinApp@@IAEXXZ    004254b2 f   mfc140d:mfc140d.dll
 0001:000244b8       ?GetDataRecoveryHandler@CWinApp@@UAEPAVCDataRecoveryHandler@@XZ 004254b8 f   mfc140d:mfc140d.dll
 0001:000244be       ?IsTaskbarInteractionEnabled@CWinApp@@UAEHXZ 004254be f   mfc140d:mfc140d.dll
 0001:000244c4       ?RestartInstance@CWinApp@@UAEHXZ 004254c4 f   mfc140d:mfc140d.dll
 0001:000244ca       ?Run@CWinApp@@UAEHXZ       004254ca f   mfc140d:mfc140d.dll
 0001:000244d0       ?OnIdle@CWinApp@@UAEHJ@Z   004254d0 f   mfc140d:mfc140d.dll
 0001:000244d6       ?ProcessWndProcException@CWinApp@@UAEJPAVCException@@PBUtagMSG@@@Z 004254d6 f   mfc140d:mfc140d.dll
 0001:000244dc       ?LoadAppLangResourceDLL@CWinApp@@UAEPAUHINSTANCE__@@XZ 004254dc f   mfc140d:mfc140d.dll
 0001:000244e2       ??1CWinApp@@UAE@XZ         004254e2 f   mfc140d:mfc140d.dll
 0001:000244e8       ?AssertValid@CWinApp@@UBEXXZ 004254e8 f   mfc140d:mfc140d.dll
 0001:000244ee       ?Dump@CWinApp@@UBEXAAVCDumpContext@@@Z 004254ee f   mfc140d:mfc140d.dll
 0001:000244f4       ?GetThisMessageMap@CWinApp@@KGPBUAFX_MSGMAP@@XZ 004254f4 f   mfc140d:mfc140d.dll
 0001:000244fa       ?LoadSysPolicies@CWinApp@@UAEHXZ 004254fa f   mfc140d:mfc140d.dll
 0001:00024500       ?AfxMessageBox@@YGHIII@Z   00425500 f   mfc140d:mfc140d.dll
 0001:00024506       ?AfxEnableControlContainer@@YAXPAVCOccManager@@@Z 00425506 f   mfc140d:mfc140d.dll
 0001:0002450c       ??B?$CSimpleStringT@D$00@ATL@@QBEPBDXZ 0042550c f   mfc140d:mfc140d.dll
 0001:00024512       ?IsEmpty@?$CSimpleStringT@D$00@ATL@@QBE_NXZ 00425512 f   mfc140d:mfc140d.dll
 0001:00024518       ??0?$CStringT@DV?$StrTraitMFC_DLL@DV?$ChTraitsCRT@D@ATL@@@@@ATL@@QAE@XZ 00425518 f   mfc140d:mfc140d.dll
 0001:0002451e       ??1?$CStringT@DV?$StrTraitMFC_DLL@DV?$ChTraitsCRT@D@ATL@@@@@ATL@@QAE@XZ 0042551e f   mfc140d:mfc140d.dll
 0001:00024524       ?Format@?$CStringT@DV?$StrTraitMFC_DLL@DV?$ChTraitsCRT@D@ATL@@@@@ATL@@QAAXPBDZZ 00425524 f   mfc140d:mfc140d.dll
 0001:0002452a       ?LoadStringA@?$CStringT@DV?$StrTraitMFC_DLL@DV?$ChTraitsCRT@D@ATL@@@@@ATL@@QAEHI@Z 0042552a f   mfc140d:mfc140d.dll
 0001:00024530       ??0CFont@@QAE@XZ           00425530 f   mfc140d:mfc140d.dll
 0001:00024536       ?CreateFontIndirectA@CFont@@QAEHPBUtagLOGFONTA@@@Z 00425536 f   mfc140d:mfc140d.dll
 0001:0002453c       ?AppendMenuA@CMenu@@QAEHIIPBD@Z 0042553c f   mfc140d:mfc140d.dll
 0001:00024542       ?DDX_Control@@YGXPAVCDataExchange@@HAAVCWnd@@@Z 00425542 f   mfc140d:mfc140d.dll
 0001:00024548       ?PreSubclassWindow@CWnd@@UAEXXZ 00425548 f   mfc140d:mfc140d.dll
 0001:0002454e       ?Create@CWnd@@UAEHPBD0KABUtagRECT@@PAV1@IPAUCCreateContext@@@Z 0042554e f   mfc140d:mfc140d.dll
 0001:00024554       ?CreateEx@CWnd@@UAEHKPBD0KHHHHPAUHWND__@@PAUHMENU__@@PAX@Z 00425554 f   mfc140d:mfc140d.dll
 0001:0002455a       ?CreateEx@CWnd@@UAEHKPBD0KABUtagRECT@@PAV1@IPAX@Z 0042555a f   mfc140d:mfc140d.dll
 0001:00024560       ?DestroyWindow@CWnd@@UAEHXZ 00425560 f   mfc140d:mfc140d.dll
 0001:00024566       ?PreCreateWindow@CWnd@@UAEHAAUtagCREATESTRUCTA@@@Z 00425566 f   mfc140d:mfc140d.dll
 0001:0002456c       ?CalcWindowRect@CWnd@@UAEXPAUtagRECT@@I@Z 0042556c f   mfc140d:mfc140d.dll
 0001:00024572       ?SetWindowTextA@CWnd@@QAEXPBD@Z 00425572 f   mfc140d:mfc140d.dll
 0001:00024578       ?SetFont@CWnd@@QAEXPAVCFont@@H@Z 00425578 f   mfc140d:mfc140d.dll
 0001:0002457e       ?GetMenu@CWnd@@UBEPAVCMenu@@XZ 0042557e f   mfc140d:mfc140d.dll
 0001:00024584       ?SetMenu@CWnd@@UAEHPAVCMenu@@@Z 00425584 f   mfc140d:mfc140d.dll
 0001:0002458a       ?GetSystemMenu@CWnd@@QBEPAVCMenu@@H@Z 0042558a f   mfc140d:mfc140d.dll
 0001:00024590       ?OnToolHitTest@CWnd@@UBEHVCPoint@@PAUtagTOOLINFOA@@@Z 00425590 f   mfc140d:mfc140d.dll
 0001:00024596       ?GetScrollBarCtrl@CWnd@@UBEPAVCScrollBar@@H@Z 00425596 f   mfc140d:mfc140d.dll
 0001:0002459c       ?SetIcon@CWnd@@QAEPAUHICON__@@PAU2@H@Z 0042559c f   mfc140d:mfc140d.dll
 0001:000245a2       ?WinHelpA@CWnd@@UAEXKI@Z   004255a2 f   mfc140d:mfc140d.dll
 0001:000245a8       ?HtmlHelpA@CWnd@@UAEXKI@Z  004255a8 f   mfc140d:mfc140d.dll
 0001:000245ae       ?WinHelpInternal@CWnd@@UAEXKI@Z 004255ae f   mfc140d:mfc140d.dll
 0001:000245b4       ?ContinueModal@CWnd@@UAEHXZ 004255b4 f   mfc140d:mfc140d.dll
 0001:000245ba       ?EndModalLoop@CWnd@@UAEXH@Z 004255ba f   mfc140d:mfc140d.dll
 0001:000245c0       ?OnDrawIconicThumbnailOrLivePreview@CWnd@@UAEXAAVCDC@@VCRect@@VCSize@@HAAH@Z 004255c0 f   mfc140d:mfc140d.dll
 0001:000245c6       ?GetInterfaceMap@CWnd@@MBEPBUAFX_INTERFACEMAP@@XZ 004255c6 f   mfc140d:mfc140d.dll
 0001:000245cc       ?EnsureStdObj@CWnd@@UAEJXZ 004255cc f   mfc140d:mfc140d.dll
 0001:000245d2       ?get_accParent@CWnd@@UAEJPAPAUIDispatch@@@Z 004255d2 f   mfc140d:mfc140d.dll
 0001:000245d8       ?get_accChildCount@CWnd@@UAEJPAJ@Z 004255d8 f   mfc140d:mfc140d.dll
 0001:000245de       ?get_accChild@CWnd@@UAEJUtagVARIANT@@PAPAUIDispatch@@@Z 004255de f   mfc140d:mfc140d.dll
 0001:000245e4       ?get_accName@CWnd@@UAEJUtagVARIANT@@PAPA_W@Z 004255e4 f   mfc140d:mfc140d.dll
 0001:000245ea       ?get_accValue@CWnd@@UAEJUtagVARIANT@@PAPA_W@Z 004255ea f   mfc140d:mfc140d.dll
 0001:000245f0       ?get_accDescription@CWnd@@UAEJUtagVARIANT@@PAPA_W@Z 004255f0 f   mfc140d:mfc140d.dll
 0001:000245f6       ?get_accRole@CWnd@@UAEJUtagVARIANT@@PAU2@@Z 004255f6 f   mfc140d:mfc140d.dll
 0001:000245fc       ?get_accState@CWnd@@UAEJUtagVARIANT@@PAU2@@Z 004255fc f   mfc140d:mfc140d.dll
 0001:00024602       ?get_accHelp@CWnd@@UAEJUtagVARIANT@@PAPA_W@Z 00425602 f   mfc140d:mfc140d.dll
 0001:00024608       ?get_accHelpTopic@CWnd@@UAEJPAPA_WUtagVARIANT@@PAJ@Z 00425608 f   mfc140d:mfc140d.dll
 0001:0002460e       ?get_accKeyboardShortcut@CWnd@@UAEJUtagVARIANT@@PAPA_W@Z 0042560e f   mfc140d:mfc140d.dll
 0001:00024614       ?get_accFocus@CWnd@@UAEJPAUtagVARIANT@@@Z 00425614 f   mfc140d:mfc140d.dll
 0001:0002461a       ?get_accSelection@CWnd@@UAEJPAUtagVARIANT@@@Z 0042561a f   mfc140d:mfc140d.dll
 0001:00024620       ?get_accDefaultAction@CWnd@@UAEJUtagVARIANT@@PAPA_W@Z 00425620 f   mfc140d:mfc140d.dll
 0001:00024626       ?accSelect@CWnd@@UAEJJUtagVARIANT@@@Z 00425626 f   mfc140d:mfc140d.dll
 0001:0002462c       ?accLocation@CWnd@@UAEJPAJ000UtagVARIANT@@@Z 0042562c f   mfc140d:mfc140d.dll
 0001:00024632       ?accNavigate@CWnd@@UAEJJUtagVARIANT@@PAU2@@Z 00425632 f   mfc140d:mfc140d.dll
 0001:00024638       ?accHitTest@CWnd@@UAEJJJPAUtagVARIANT@@@Z 00425638 f   mfc140d:mfc140d.dll
 0001:0002463e       ?accDoDefaultAction@CWnd@@UAEJUtagVARIANT@@@Z 0042563e f   mfc140d:mfc140d.dll
 0001:00024644       ?put_accName@CWnd@@UAEJUtagVARIANT@@PA_W@Z 00425644 f   mfc140d:mfc140d.dll
 0001:0002464a       ?put_accValue@CWnd@@UAEJUtagVARIANT@@PA_W@Z 0042564a f   mfc140d:mfc140d.dll
 0001:00024650       ?SetProxy@CWnd@@UAEJPAUIAccessibleProxy@@@Z 00425650 f   mfc140d:mfc140d.dll
 0001:00024656       ?CreateAccessibleProxy@CWnd@@UAEJIJPAJ@Z 00425656 f   mfc140d:mfc140d.dll
 0001:0002465c       ?OnCommand@CWnd@@MAEHIJ@Z  0042565c f   mfc140d:mfc140d.dll
 0001:00024662       ?OnNotify@CWnd@@MAEHIJPAJ@Z 00425662 f   mfc140d:mfc140d.dll
 0001:00024668       ?OnClose@CWnd@@IAEXXZ      00425668 f   mfc140d:mfc140d.dll
 0001:0002466e       ?OnQueryDragIcon@CWnd@@IAEPAUHICON__@@XZ 0042566e f   mfc140d:mfc140d.dll
 0001:00024674       ?OnSysCommand@CWnd@@IAEXIJ@Z 00425674 f   mfc140d:mfc140d.dll
 0001:0002467a       ?GetSuperWndProcAddr@CWnd@@MAEPAP6GJPAUHWND__@@IIJ@ZXZ 0042567a f   mfc140d:mfc140d.dll
 0001:00024680       ?DoDataExchange@CWnd@@MAEXPAVCDataExchange@@@Z 00425680 f   mfc140d:mfc140d.dll
 0001:00024686       ?BeginModalState@CWnd@@UAEXXZ 00425686 f   mfc140d:mfc140d.dll
 0001:0002468c       ?EndModalState@CWnd@@UAEXXZ 0042568c f   mfc140d:mfc140d.dll
 0001:00024692       ?OnAmbientProperty@CWnd@@UAEHPAVCOleControlSite@@JPAUtagVARIANT@@@Z 00425692 f   mfc140d:mfc140d.dll
 0001:00024698       ?WindowProc@CWnd@@MAEJIIJ@Z 00425698 f   mfc140d:mfc140d.dll
 0001:0002469e       ?OnWndMsg@CWnd@@MAEHIIJPAJ@Z 0042569e f   mfc140d:mfc140d.dll
 0001:000246a4       ?DefWindowProcA@CWnd@@MAEJIIJ@Z 004256a4 f   mfc140d:mfc140d.dll
 0001:000246aa       ?PostNcDestroy@CWnd@@MAEXXZ 004256aa f   mfc140d:mfc140d.dll
 0001:000246b0       ?OnChildNotify@CWnd@@MAEHIIJPAJ@Z 004256b0 f   mfc140d:mfc140d.dll
 0001:000246b6       ?OnTouchInputs@CWnd@@MAEHIPAUtagTOUCHINPUT@@@Z 004256b6 f   mfc140d:mfc140d.dll
 0001:000246bc       ?OnTouchInput@CWnd@@MAEHVCPoint@@HHPAUtagTOUCHINPUT@@@Z 004256bc f   mfc140d:mfc140d.dll
 0001:000246c2       ?GetGestureStatus@CWnd@@MAEKVCPoint@@@Z 004256c2 f   mfc140d:mfc140d.dll
 0001:000246c8       ?OnGestureZoom@CWnd@@MAEHVCPoint@@J@Z 004256c8 f   mfc140d:mfc140d.dll
 0001:000246ce       ?OnGesturePan@CWnd@@MAEHVCPoint@@0@Z 004256ce f   mfc140d:mfc140d.dll
 0001:000246d4       ?OnGestureRotate@CWnd@@MAEHVCPoint@@N@Z 004256d4 f   mfc140d:mfc140d.dll
 0001:000246da       ?OnGestureTwoFingerTap@CWnd@@MAEHVCPoint@@@Z 004256da f   mfc140d:mfc140d.dll
 0001:000246e0       ?OnGesturePressAndTap@CWnd@@MAEHVCPoint@@J@Z 004256e0 f   mfc140d:mfc140d.dll
 0001:000246e6       ?ResizeDynamicLayout@CWnd@@MAEXXZ 004256e6 f   mfc140d:mfc140d.dll
 0001:000246ec       ?IsFrameWnd@CWnd@@UBEHXZ   004256ec f   mfc140d:mfc140d.dll
 0001:000246f2       ?OnFinalRelease@CWnd@@UAEXXZ 004256f2 f   mfc140d:mfc140d.dll
 0001:000246f8       ?CreateControlContainer@CWnd@@MAEHPAPAVCOleControlContainer@@@Z 004256f8 f   mfc140d:mfc140d.dll
 0001:000246fe       ?CreateControlSite@CWnd@@MAEHPAVCOleControlContainer@@PAPAVCOleControlSite@@IABU_GUID@@@Z 004256fe f   mfc140d:mfc140d.dll
 0001:00024704       ?GetRuntimeClass@CDialog@@UBEPAUCRuntimeClass@@XZ 00425704 f   mfc140d:mfc140d.dll
 0001:0002470a       ?Create@CDialog@@UAEHPBDPAVCWnd@@@Z 0042570a f   mfc140d:mfc140d.dll
 0001:00024710       ?Create@CDialog@@UAEHIPAVCWnd@@@Z 00425710 f   mfc140d:mfc140d.dll
 0001:00024716       ?CreateIndirect@CDialog@@UAEHPBUDLGTEMPLATE@@PAVCWnd@@PAX@Z 00425716 f   mfc140d:mfc140d.dll
 0001:0002471c       ?CreateIndirect@CDialog@@UAEHPAXPAVCWnd@@@Z 0042571c f   mfc140d:mfc140d.dll
 0001:00024722       ??0CDialog@@QAE@IPAVCWnd@@@Z 00425722 f   mfc140d:mfc140d.dll
 0001:00024728       ?EndDialog@CDialog@@QAEXH@Z 00425728 f   mfc140d:mfc140d.dll
 0001:0002472e       ?OnInitDialog@CDialog@@UAEHXZ 0042572e f   mfc140d:mfc140d.dll
 0001:00024734       ?OnSetFont@CDialog@@UAEXPAVCFont@@@Z 00425734 f   mfc140d:mfc140d.dll
 0001:0002473a       ?OnOK@CDialog@@MAEXXZ      0042573a f   mfc140d:mfc140d.dll
 0001:00024740       ?OnCancel@CDialog@@MAEXXZ  00425740 f   mfc140d:mfc140d.dll
 0001:00024746       ?AssertValid@CDialog@@UBEXXZ 00425746 f   mfc140d:mfc140d.dll
 0001:0002474c       ?Dump@CDialog@@UBEXAAVCDumpContext@@@Z 0042574c f   mfc140d:mfc140d.dll
 0001:00024752       ?PreTranslateMessage@CDialog@@UAEHPAUtagMSG@@@Z 00425752 f   mfc140d:mfc140d.dll
 0001:00024758       ?OnCmdMsg@CDialog@@UAEHIHPAXPAUAFX_CMDHANDLERINFO@@@Z 00425758 f   mfc140d:mfc140d.dll
 0001:0002475e       ?CheckAutoCenter@CDialog@@UAEHXZ 0042575e f   mfc140d:mfc140d.dll
 0001:00024764       ?SetOccDialogInfo@CDialog@@MAEHPAU_AFX_OCC_DIALOG_INFO@@@Z 00425764 f   mfc140d:mfc140d.dll
 0001:0002476a       ?GetOccDialogInfo@CDialog@@MAEPAU_AFX_OCC_DIALOG_INFO@@XZ 0042576a f   mfc140d:mfc140d.dll
 0001:00024770       ?PreInitDialog@CDialog@@MAEXXZ 00425770 f   mfc140d:mfc140d.dll
 0001:00024776       ?GetThisMessageMap@CDialog@@KGPBUAFX_MSGMAP@@XZ 00425776 f   mfc140d:mfc140d.dll
 0001:0002477c       ??0CStatic@@QAE@XZ         0042577c f   mfc140d:mfc140d.dll
 0001:00024782       ??0CListBox@@QAE@XZ        00425782 f   mfc140d:mfc140d.dll
 0001:00024788       ?GetCount@CListBox@@QBEHXZ 00425788 f   mfc140d:mfc140d.dll
 0001:0002478e       ?GetTopIndex@CListBox@@QBEHXZ 0042578e f   mfc140d:mfc140d.dll
 0001:00024794       ?SetTopIndex@CListBox@@QAEHH@Z 00425794 f   mfc140d:mfc140d.dll
 0001:0002479a       ?AddString@CListBox@@QAEHPBD@Z 0042579a f   mfc140d:mfc140d.dll
 0001:000247a0       ?DeleteString@CListBox@@QAEHI@Z 004257a0 f   mfc140d:mfc140d.dll
 0001:000247a6       ?ResetContent@CListBox@@QAEXXZ 004257a6 f   mfc140d:mfc140d.dll
 0001:000247ac       ?AfxGetApp@@YGPAVCWinApp@@XZ 004257ac f   mfc140d:mfc140d.dll
 0001:000247b2       ?AfxGetInstanceHandle@@YGPAUHINSTANCE__@@XZ 004257b2 f   mfc140d:mfc140d.dll
 0001:000247b8       ?LoadIconA@CWinApp@@QBEPAUHICON__@@I@Z 004257b8 f   mfc140d:mfc140d.dll
 0001:000247be       ?AfxMessageBox@@YGHPBDII@Z 004257be f   mfc140d:mfc140d.dll
 0001:000247d0       ??1CComBSTR@ATL@@QAE@XZ    004257d0 f i mfcs140d:nolib.obj
 0001:00024810       ??1stringdispid@CComTypeInfoHolder@ATL@@QAE@XZ 00425810 f i mfcs140d:nolib.obj
 0001:00024840       ??_Estringdispid@CComTypeInfoHolder@ATL@@QAEPAXI@Z 00425840 f i mfcs140d:nolib.obj
 0001:00024920       _IsolationAwareActivateActCtx@8 00425920 f i mfcs140d:nolib.obj
 0001:000249e0       _IsolationAwareCreateActCtxW@4 004259e0 f i mfcs140d:nolib.obj
 0001:00024aa0       _IsolationAwareDeactivateActCtx@8 00425aa0 f i mfcs140d:nolib.obj
 0001:00024b60       _IsolationAwareFindActCtxSectionStringW@20 00425b60 f i mfcs140d:nolib.obj
 0001:00024c30       _IsolationAwarePrivatenPgViNgRzlnPgpgk@4 00425c30 f i mfcs140d:nolib.obj
 0001:00024d50       _IsolationAwarePrivatezltRgCebPnQQeRff@12 00425d50 f i mfcs140d:nolib.obj
 0001:00024e20       _IsolationAwarePrivatezltRgzbQhYRuNaQYRJ@4 00425e20 f i mfcs140d:nolib.obj
 0001:00024e50       _IsolationAwarePrivatezltRgzbQhYRuNaQYRn@4 00425e50 f i mfcs140d:nolib.obj
 0001:00024e80       _IsolationAwareQueryActCtxW@28 00425e80 f i mfcs140d:nolib.obj
 0001:00024f60       _IsolationAwareUnregisterClassA@8 00425f60 f i mfcs140d:nolib.obj
 0001:00025170       _WinbaseIsolationAwarePrivatetRgCebPnQQeRff_xReaRYQP_QYY@4 00426170 f i mfcs140d:nolib.obj
 0001:000251a0       _WinbaseIsolationAwarePrivatetRgzlnPgpgk@0 004261a0 f i mfcs140d:nolib.obj
 0001:000255f0       ?AfxSocketInit@@YGHPAUWSAData@@@Z 004265f0 f   mfcs140d:sockexp.obj
 0001:00025620       ?configure_argv@__scrt_narrow_argv_policy@@SAHXZ 00426620 f i msvcrtd:utility.obj
 0001:000256f0       ?initialize_environment@__scrt_narrow_environment_policy@@SAHXZ 004266f0 f i msvcrtd:utility.obj
 0001:00025790       _NtCurrentTeb              00426790 f i msvcrtd:utility.obj
 0001:000257a0       ___scrt_acquire_startup_lock 004267a0 f   msvcrtd:utility.obj
 0001:00025800       ___scrt_dllmain_after_initialize_c 00426800 f   msvcrtd:utility.obj
 0001:00025840       ___scrt_dllmain_before_initialize_c 00426840 f   msvcrtd:utility.obj
 0001:00025870       ___scrt_dllmain_crt_thread_attach 00426870 f   msvcrtd:utility.obj
 0001:000258b0       ___scrt_dllmain_crt_thread_detach 004268b0 f   msvcrtd:utility.obj
 0001:000258d0       ___scrt_dllmain_exception_filter 004268d0 f   msvcrtd:utility.obj
 0001:00025930       ___scrt_dllmain_uninitialize_c 00426930 f   msvcrtd:utility.obj
 0001:00025970       ___scrt_dllmain_uninitialize_critical 00426970 f   msvcrtd:utility.obj
 0001:00025990       ___scrt_initialize_crt     00426990 f   msvcrtd:utility.obj
 0001:000259f0       ___scrt_initialize_onexit_tables 004269f0 f   msvcrtd:utility.obj
 0001:00025b00       ___scrt_is_nonwritable_in_current_image 00426b00 f   msvcrtd:utility.obj
 0001:00025c80       ___scrt_release_startup_lock 00426c80 f   msvcrtd:utility.obj
 0001:00025cb0       ___scrt_uninitialize_crt   00426cb0 f   msvcrtd:utility.obj
 0001:00025d00       __onexit                   00426d00 f   msvcrtd:utility.obj
 0001:00025d80       _at_quick_exit             00426d80 f   msvcrtd:utility.obj
 0001:00025dd0       _atexit                    00426dd0 f   msvcrtd:utility.obj
 0001:00025e10       @__security_check_cookie@4 00426e10 f   msvcrtd:secchk.obj
 0001:00025e30       ??1type_info@@UAE@XZ       00426e30 f   msvcrtd:std_type_info_static.obj
 0001:00025e50       ??_Gtype_info@@UAEPAXI@Z   00426e50 f i msvcrtd:std_type_info_static.obj
 0001:00025e50       ??_Etype_info@@UAEPAXI@Z   00426e50 f i msvcrtd:std_type_info_static.obj
 0001:00025e90       ??3@YAXPAXI@Z              00426e90 f   msvcrtd:delete_scalar_size.obj
 0001:00026000       __Init_thread_abort        00427000 f   msvcrtd:thread_safe_statics.obj
 0001:00026030       __Init_thread_footer       00427030 f   msvcrtd:thread_safe_statics.obj
 0001:00026090       __Init_thread_header       00427090 f   msvcrtd:thread_safe_statics.obj
 0001:00026120       __Init_thread_lock         00427120 f   msvcrtd:thread_safe_statics.obj
 0001:00026140       __Init_thread_notify       00427140 f   msvcrtd:thread_safe_statics.obj
 0001:000261a0       __Init_thread_unlock       004271a0 f   msvcrtd:thread_safe_statics.obj
 0001:000261c0       __Init_thread_wait         004271c0 f   msvcrtd:thread_safe_statics.obj
 0001:00026270       ___raise_securityfailure   00427270 f   msvcrtd:gs_report.obj
 0001:000262b0       ___report_gsfailure        004272b0 f   msvcrtd:gs_report.obj
 0001:00026400       ___report_rangecheckfailure 00427400 f   msvcrtd:gs_report.obj
 0001:00026410       ___report_securityfailure  00427410 f   msvcrtd:gs_report.obj
 0001:00026520       ___report_securityfailureEx 00427520 f   msvcrtd:gs_report.obj
 0001:00026aa0       ?set_app_type@__scrt_winmain_policy@@SAXXZ 00427aa0 f i msvcrtd:exe_winmain.obj
 0001:00026ac0       ?set_commode@__scrt_file_policy@@SAXXZ 00427ac0 f i msvcrtd:exe_winmain.obj
 0001:00026ae0       ?set_fmode@__scrt_file_policy@@SAXXZ 00427ae0 f i msvcrtd:exe_winmain.obj
 0001:00026b00       _WinMainCRTStartup         00427b00 f   msvcrtd:exe_winmain.obj
 0001:00026b10       ??_M@YGXPAXIHP6EX0@Z@Z     00427b10 f   msvcrtd:ehvecdtr.obj
 0001:00026b40       ??_M@YGXPAXIIP6EX0@Z@Z     00427b40 f   msvcrtd:ehvecdtr.obj
 0001:00026ca0       ?__ArrayUnwind@@YGXPAXIIP6EX0@Z@Z 00427ca0 f   msvcrtd:ehvecdtr.obj
 0001:00026d80       ??_V@YAXPAXI@Z             00427d80 f   msvcrtd:delete_array_size.obj
 0001:00026da0       @_RTC_AllocaHelper@12      00427da0 f   msvcrtd:stack.obj
 0001:00026de0       @_RTC_CheckStackVars2@12   00427de0 f   msvcrtd:stack.obj
 0001:00026ef0       @_RTC_CheckStackVars@8     00427ef0 f   msvcrtd:stack.obj
 0001:00026f60       __RTC_CheckEsp             00427f60 f   msvcrtd:stack.obj
 0001:00026fa0       __CRT_RTC_INIT             00427fa0 f   msvcrtd:init.obj
 0001:00026fb0       __CRT_RTC_INITW            00427fb0 f   msvcrtd:init.obj
 0001:00026fc0       __RTC_InitBase             00427fc0 f   msvcrtd:init.obj
 0001:00027000       __RTC_Shutdown             00428000 f   msvcrtd:init.obj
 0001:00027020       __except_handler4          00428020 f   msvcrtd:chandler4gs.obj
 0001:00027070       @_guard_check_icall_nop@4  00428070 f i msvcrtd:guard_support.obj
 0001:00027080       _ReadNoFence               00428080 f i msvcrtd:guard_support.obj
 0001:000270a0       _ReadPointerNoFence        004280a0 f i msvcrtd:guard_support.obj
 0001:000270c0       __guard_icall_checks_enforced 004280c0 f i msvcrtd:guard_support.obj
 0001:00027100       ___isa_available_init      00428100 f   msvcrtd:cpu_disp.obj
 0001:00027500       __get_startup_argv_mode    00428500 f   msvcrtd:argv_mode.obj
 0001:00027510       ___scrt_is_ucrt_dll_in_use 00428510 f   msvcrtd:ucrt_detection.obj
 0001:00027540       ___scrt_fastfail           00428540 f   msvcrtd:utility_desktop.obj
 0001:000276d0       ___scrt_get_show_window_mode 004286d0 f   msvcrtd:utility_desktop.obj
 0001:00027720       ___scrt_initialize_mta     00428720 f   msvcrtd:utility_desktop.obj
 0001:00027730       ___scrt_initialize_winrt   00428730 f   msvcrtd:utility_desktop.obj
 0001:00027740       ___scrt_is_managed_app     00428740 f   msvcrtd:utility_desktop.obj
 0001:000277f0       ___scrt_set_unhandled_exception_filter 004287f0 f   msvcrtd:utility_desktop.obj
 0001:00027810       ___scrt_stub_for_initialize_mta 00428810 f   msvcrtd:utility_desktop.obj
 0001:00027810       ___scrt_exe_initialize_mta 00428810 f   msvcrtd:utility_desktop.obj
 0001:00027820       ___scrt_unhandled_exception_filter@4 00428820 f   msvcrtd:utility_desktop.obj
 0001:000278c0       __crt_debugger_hook        004288c0 f   msvcrtd:utility_desktop.obj
 0001:00027970       ___security_init_cookie    00428970 f   msvcrtd:gs_support.obj
 0001:00027a10       __matherr                  00428a10 f   msvcrtd:matherr.obj
 0001:00027a20       __get_startup_commit_mode  00428a20 f   msvcrtd:commit_mode.obj
 0001:00027a30       __get_startup_file_mode    00428a30 f   msvcrtd:file_mode.obj
 0001:00027a40       __get_startup_new_mode     00428a40 f   msvcrtd:new_mode.obj
 0001:00027a50       __get_startup_thread_locale_mode 00428a50 f   msvcrtd:thread_locale.obj
 0001:00027a60       ?__scrt_initialize_type_info@@YAXXZ 00428a60 f   msvcrtd:tncleanup.obj
 0001:00027a80       ?__scrt_uninitialize_type_info@@YAXXZ 00428a80 f   msvcrtd:tncleanup.obj
 0001:00027aa0       __should_initialize_environment 00428aa0 f   msvcrtd:env_mode.obj
 0001:00027ab0       __initialize_default_precision 00428ab0 f   msvcrtd:default_precision.obj
 0001:00027ae0       __initialize_invalid_parameter_handler 00428ae0 f   msvcrtd:invalid_parameter_handler.obj
 0001:00027af0       __initialize_denormal_control 00428af0 f   msvcrtd:denormal_control.obj
 0001:00027b00       ___scrt_initialize_default_local_stdio_options 00428b00 f   msvcrtd:default_local_stdio_options.obj
 0001:00027b50       ___scrt_is_user_matherr_present 00428b50 f   msvcrtd:matherr_detection.obj
 0001:00027b80       ___scrt_get_dyn_tls_init_callback 00428b80 f   msvcrtd:dyn_tls_init.obj
 0001:00027b90       ___scrt_get_dyn_tls_dtor_callback 00428b90 f   msvcrtd:dyn_tls_dtor.obj
 0001:00027ba0       __RTC_Initialize           00428ba0 f   msvcrtd:initsect.obj
 0001:00027be0       __RTC_Terminate            00428be0 f   msvcrtd:initsect.obj
 0001:00027c20       ??_V@YAXPAX@Z              00428c20 f   msvcrtd:delete_array.obj
 0001:00027cf0       ?_RTC_AllocaFailure@@YAXPAXPAU_RTC_ALLOCA_NODE@@H@Z 00428cf0 f   msvcrtd:error.obj
 0001:00027e10       ?_RTC_Failure@@YAXPAXH@Z   00428e10 f   msvcrtd:error.obj
 0001:00027e80       ?_RTC_StackFailure@@YAXPAXPBD@Z 00428e80 f   msvcrtd:error.obj
 0001:00028330       __RTC_UninitUse            00429330 f   msvcrtd:error.obj
 0001:00028410       __vsprintf_s_l             00429410 f i msvcrtd:error.obj
 0001:00028450       _sprintf_s                 00429450 f i msvcrtd:error.obj
 0001:00028480       ?_RTC_GetErrorFunc@@YAP6AHHPBDH00ZZPBX@Z 00429480 f   msvcrtd:userapi.obj
 0001:00028490       ?_RTC_GetErrorFuncW@@YAP6AHHPB_WH00ZZPBX@Z 00429490 f   msvcrtd:userapi.obj
 0001:000284a0       __RTC_GetErrDesc           004294a0 f   msvcrtd:userapi.obj
 0001:000284c0       __RTC_NumErrors            004294c0 f   msvcrtd:userapi.obj
 0001:000284d0       __RTC_SetErrorFunc         004294d0 f   msvcrtd:userapi.obj
 0001:00028500       __RTC_SetErrorFuncW        00429500 f   msvcrtd:userapi.obj
 0001:00028530       __RTC_SetErrorType         00429530 f   msvcrtd:userapi.obj
 0001:00028af0       ?_RTC_GetSrcLine@@YAHPAEPA_WKPAH1K@Z 00429af0 f   msvcrtd:pdblkup.obj
 0001:00028f50       __except_handler4_noexcept 00429f50 f   msvcrtd:chandler4_noexcept.obj
 0001:00028fc1       _ReleaseSemaphore@12       00429fc1 f   kernel32:KERNEL32.dll
 0001:00028fc7       _ReleaseMutex@4            00429fc7 f   kernel32:KERNEL32.dll
 0001:00028fcd       _WaitForSingleObject@8     00429fcd f   kernel32:KERNEL32.dll
 0001:00028fd3       _CreateMutexA@12           00429fd3 f   kernel32:KERNEL32.dll
 0001:00028fd9       _Sleep@4                   00429fd9 f   kernel32:KERNEL32.dll
 0001:00028fdf       _CreateThread@24           00429fdf f   kernel32:KERNEL32.dll
 0001:00028fe5       _GetCurrentThread@0        00429fe5 f   kernel32:KERNEL32.dll
 0001:00028feb       _SetThreadPriority@8       00429feb f   kernel32:KERNEL32.dll
 0001:00028ff1       _CreateSemaphoreA@16       00429ff1 f   kernel32:KERNEL32.dll
 0001:00028ff7       _DecodePointer@4           00429ff7 f   kernel32:KERNEL32.dll
 0001:00028ffd       _RaiseException@16         00429ffd f   kernel32:KERNEL32.dll
 0001:00029003       _GetLastError@0            0042a003 f   kernel32:KERNEL32.dll
 0001:00029009       _SetLastError@4            0042a009 f   kernel32:KERNEL32.dll
 0001:0002900f       _HeapDestroy@4             0042a00f f   kernel32:KERNEL32.dll
 0001:00029015       _HeapAlloc@12              0042a015 f   kernel32:KERNEL32.dll
 0001:0002901b       _HeapReAlloc@16            0042a01b f   kernel32:KERNEL32.dll
 0001:00029021       _HeapFree@12               0042a021 f   kernel32:KERNEL32.dll
 0001:00029027       _HeapSize@12               0042a027 f   kernel32:KERNEL32.dll
 0001:0002902d       _GetProcessHeap@0          0042a02d f   kernel32:KERNEL32.dll
 0001:00029033       _InitializeCriticalSectionEx@12 0042a033 f   kernel32:KERNEL32.dll
 0001:00029039       _DeleteCriticalSection@4   0042a039 f   kernel32:KERNEL32.dll
 0001:0002903f       _GetThreadPriority@4       0042a03f f   kernel32:KERNEL32.dll
 0001:00029045       _MultiByteToWideChar@24    0042a045 f   kernel32:KERNEL32.dll
 0001:0002904b       _InitializeCriticalSection@4 0042a04b f   kernel32:KERNEL32.dll
 0001:00029051       _EnterCriticalSection@4    0042a051 f   kernel32:KERNEL32.dll
 0001:00029057       _LeaveCriticalSection@4    0042a057 f   kernel32:KERNEL32.dll
 0001:0002905d       _OutputDebugStringA@4      0042a05d f   kernel32:KERNEL32.dll
 0001:00029063       _InitializeCriticalSectionAndSpinCount@8 0042a063 f   kernel32:KERNEL32.dll
 0001:00029069       _GetModuleFileNameW@12     0042a069 f   kernel32:KERNEL32.dll
 0001:0002906f       _GetModuleHandleA@4        0042a06f f   kernel32:KERNEL32.dll
 0001:00029075       _GetModuleHandleW@4        0042a075 f   kernel32:KERNEL32.dll
 0001:0002907b       _GetProcAddress@8          0042a07b f   kernel32:KERNEL32.dll
 0001:00029081       _LoadLibraryW@4            0042a081 f   kernel32:KERNEL32.dll
 0001:00029087       _CloseHandle@4             0042a087 f   kernel32:KERNEL32.dll
 0001:0002908d       _SetEvent@4                0042a08d f   kernel32:KERNEL32.dll
 0001:00029093       _ResetEvent@4              0042a093 f   kernel32:KERNEL32.dll
 0001:00029099       _WaitForSingleObjectEx@12  0042a099 f   kernel32:KERNEL32.dll
 0001:0002909f       _CreateEventW@16           0042a09f f   kernel32:KERNEL32.dll
 0001:000290a5       _UnhandledExceptionFilter@4 0042a0a5 f   kernel32:KERNEL32.dll
 0001:000290ab       _SetUnhandledExceptionFilter@4 0042a0ab f   kernel32:KERNEL32.dll
 0001:000290b1       _GetCurrentProcess@0       0042a0b1 f   kernel32:KERNEL32.dll
 0001:000290b7       _TerminateProcess@8        0042a0b7 f   kernel32:KERNEL32.dll
 0001:000290bd       _IsProcessorFeaturePresent@4 0042a0bd f   kernel32:KERNEL32.dll
 0001:000290c3       _IsDebuggerPresent@0       0042a0c3 f   kernel32:KERNEL32.dll
 0001:000290c9       _GetStartupInfoW@4         0042a0c9 f   kernel32:KERNEL32.dll
 0001:000290cf       _QueryPerformanceCounter@4 0042a0cf f   kernel32:KERNEL32.dll
 0001:000290d5       _GetCurrentProcessId@0     0042a0d5 f   kernel32:KERNEL32.dll
 0001:000290db       _GetCurrentThreadId@0      0042a0db f   kernel32:KERNEL32.dll
 0001:000290e1       _GetSystemTimeAsFileTime@4 0042a0e1 f   kernel32:KERNEL32.dll
 0001:000290e7       _InitializeSListHead@4     0042a0e7 f   kernel32:KERNEL32.dll
 0001:000290ed       _WideCharToMultiByte@32    0042a0ed f   kernel32:KERNEL32.dll
 0001:000290f3       _VirtualQuery@12           0042a0f3 f   kernel32:KERNEL32.dll
 0001:000290f9       _FreeLibrary@4             0042a0f9 f   kernel32:KERNEL32.dll
 0001:000290ff       _LoadIconA@8               0042a0ff f   user32:USER32.dll
 0001:00029105       _UnregisterClassA@8        0042a105 f   user32:USER32.dll
 0001:0002910b       _MessageBoxA@16            0042a10b f   user32:USER32.dll
 0001:00029111       ??$?2PAUHINSTANCE__@@@Wrapper@?$CSimpleArray@PAUHINSTANCE__@@V?$CSimpleArrayEqualHelper@PAUHINSTANCE__@@@ATL@@@ATL@@SAPAXIPAPAUHINSTANCE__@@@Z 0042a111 f i atls:atlbase.obj
 0001:0002911b       ??0?$CComCritSecLock@VCComCriticalSection@ATL@@@ATL@@QAE@AAVCComCriticalSection@1@_N@Z 0042a11b f i atls:atlbase.obj
 0001:0002914b       ??0?$CSimpleArray@PAUHINSTANCE__@@V?$CSimpleArrayEqualHelper@PAUHINSTANCE__@@@ATL@@@ATL@@QAE@XZ 0042a14b f i atls:atlbase.obj
 0001:0002915b       ??0CAtlBaseModule@ATL@@QAE@XZ 0042a15b f   atls:atlbase.obj
 0001:000291c2       ??0Wrapper@?$CSimpleArray@PAUHINSTANCE__@@V?$CSimpleArrayEqualHelper@PAUHINSTANCE__@@@ATL@@@ATL@@QAE@ABQAUHINSTANCE__@@@Z 0042a1c2 f i atls:atlbase.obj
 0001:000291d6       ??0_ATL_BASE_MODULE70@ATL@@QAE@XZ 0042a1d6 f i atls:atlbase.obj
 0001:00029201       ??1?$CComCritSecLock@VCComCriticalSection@ATL@@@ATL@@QAE@XZ 0042a201 f i atls:atlbase.obj
 0001:0002921d       ??1?$CSimpleArray@PAUHINSTANCE__@@V?$CSimpleArrayEqualHelper@PAUHINSTANCE__@@@ATL@@@ATL@@QAE@XZ 0042a21d f i atls:atlbase.obj
 0001:00029222       ??1CAtlBaseModule@ATL@@QAE@XZ 0042a222 f   atls:atlbase.obj
 0001:0002923d       ??1_ATL_BASE_MODULE70@ATL@@QAE@XZ 0042a23d f i atls:atlbase.obj
 0001:00029247       ??A?$CSimpleArray@PAUHINSTANCE__@@V?$CSimpleArrayEqualHelper@PAUHINSTANCE__@@@ATL@@@ATL@@QAEAAPAUHINSTANCE__@@H@Z 0042a247 f i atls:atlbase.obj
 0001:00029275       ?Add@?$CSimpleArray@PAUHINSTANCE__@@V?$CSimpleArrayEqualHelper@PAUHINSTANCE__@@@ATL@@@ATL@@QAEHABQAUHINSTANCE__@@@Z 0042a275 f i atls:atlbase.obj
 0001:00029317       ?AddResourceInstance@CAtlBaseModule@ATL@@QAE_NPAUHINSTANCE__@@@Z 0042a317 f   atls:atlbase.obj
 0001:00029356       ?AtlCrtErrorCheck@ATL@@YAHH@Z 0042a356 f i atls:atlbase.obj
 0001:0002939f       ?AtlThrowImpl@ATL@@YGXJ@Z  0042a39f f i atls:atlbase.obj
 0001:000293c8       ?GetHInstanceAt@CAtlBaseModule@ATL@@QAEPAUHINSTANCE__@@H@Z 0042a3c8 f   atls:atlbase.obj
 0001:0002941e       ?GetSize@?$CSimpleArray@PAUHINSTANCE__@@V?$CSimpleArrayEqualHelper@PAUHINSTANCE__@@@ATL@@@ATL@@QBEHXZ 0042a41e f i atls:atlbase.obj
 0001:00029422       ?InternalSetAtIndex@?$CSimpleArray@PAUHINSTANCE__@@V?$CSimpleArrayEqualHelper@PAUHINSTANCE__@@@ATL@@@ATL@@QAEXHABQAUHINSTANCE__@@@Z 0042a422 f i atls:atlbase.obj
 0001:00029442       ?Lock@?$CComCritSecLock@VCComCriticalSection@ATL@@@ATL@@QAEJXZ 0042a442 f i atls:atlbase.obj
 0001:00029459       ?Lock@CComCriticalSection@ATL@@QAEJXZ 0042a459 f i atls:atlbase.obj
 0001:00029465       ?RemoveAll@?$CSimpleArray@PAUHINSTANCE__@@V?$CSimpleArrayEqualHelper@PAUHINSTANCE__@@@ATL@@@ATL@@QAEXXZ 0042a465 f i atls:atlbase.obj
 0001:00029489       ?RemoveAt@?$CSimpleArray@PAUHINSTANCE__@@V?$CSimpleArrayEqualHelper@PAUHINSTANCE__@@@ATL@@@ATL@@QAEHH@Z 0042a489 f i atls:atlbase.obj
 0001:000294ea       ?RemoveResourceInstance@CAtlBaseModule@ATL@@QAE_NPAUHINSTANCE__@@@Z 0042a4ea f   atls:atlbase.obj
 0001:0002955e       ?Unlock@?$CComCritSecLock@VCComCriticalSection@ATL@@@ATL@@QAEXXZ 0042a55e f i atls:atlbase.obj
 0001:00029573       ?Unlock@CComCriticalSection@ATL@@QAEJXZ 0042a573 f i atls:atlbase.obj
 0001:0002957f       ?memmove_s@Checked@ATL@@YAXPAXIPBXI@Z 0042a57f f i atls:atlbase.obj
 0001:00029643       ??0?$CTraceCategoryEx@$00$0A@@ATL@@QAE@PB_W@Z 0042a643 f i atls:stdafx.obj
 0001:00029648       ??0?$CTraceCategoryEx@$01$0A@@ATL@@QAE@PB_W@Z 0042a648 f i atls:stdafx.obj
 0001:0002964d       ??0?$CTraceCategoryEx@$03$0A@@ATL@@QAE@PB_W@Z 0042a64d f i atls:stdafx.obj
 0001:00029652       ??0?$CTraceCategoryEx@$07$0A@@ATL@@QAE@PB_W@Z 0042a652 f i atls:stdafx.obj
 0001:00029657       ??0?$CTraceCategoryEx@$0BA@$0A@@ATL@@QAE@PB_W@Z 0042a657 f i atls:stdafx.obj
 0001:0002965c       ??0?$CTraceCategoryEx@$0BAA@$0A@@ATL@@QAE@PB_W@Z 0042a65c f i atls:stdafx.obj
 0001:00029661       ??0?$CTraceCategoryEx@$0BAAA@$0A@@ATL@@QAE@PB_W@Z 0042a661 f i atls:stdafx.obj
 0001:00029666       ??0?$CTraceCategoryEx@$0BAAAA@$0A@@ATL@@QAE@PB_W@Z 0042a666 f i atls:stdafx.obj
 0001:0002966b       ??0?$CTraceCategoryEx@$0BAAAAA@$0A@@ATL@@QAE@PB_W@Z 0042a66b f i atls:stdafx.obj
 0001:00029670       ??0?$CTraceCategoryEx@$0CA@$0A@@ATL@@QAE@PB_W@Z 0042a670 f i atls:stdafx.obj
 0001:00029675       ??0?$CTraceCategoryEx@$0CAA@$0A@@ATL@@QAE@PB_W@Z 0042a675 f i atls:stdafx.obj
 0001:0002967a       ??0?$CTraceCategoryEx@$0CAAA@$0A@@ATL@@QAE@PB_W@Z 0042a67a f i atls:stdafx.obj
 0001:0002967f       ??0?$CTraceCategoryEx@$0CAAAA@$0A@@ATL@@QAE@PB_W@Z 0042a67f f i atls:stdafx.obj
 0001:00029684       ??0?$CTraceCategoryEx@$0CAAAAA@$0A@@ATL@@QAE@PB_W@Z 0042a684 f i atls:stdafx.obj
 0001:00029689       ??0?$CTraceCategoryEx@$0EA@$0A@@ATL@@QAE@PB_W@Z 0042a689 f i atls:stdafx.obj
 0001:0002968e       ??0?$CTraceCategoryEx@$0EAA@$0A@@ATL@@QAE@PB_W@Z 0042a68e f i atls:stdafx.obj
 0001:00029693       ??0?$CTraceCategoryEx@$0EAAA@$0A@@ATL@@QAE@PB_W@Z 0042a693 f i atls:stdafx.obj
 0001:00029698       ??0?$CTraceCategoryEx@$0EAAAA@$0A@@ATL@@QAE@PB_W@Z 0042a698 f i atls:stdafx.obj
 0001:0002969d       ??0?$CTraceCategoryEx@$0EAAAAA@$0A@@ATL@@QAE@PB_W@Z 0042a69d f i atls:stdafx.obj
 0001:000296a2       ??0?$CTraceCategoryEx@$0IA@$0A@@ATL@@QAE@PB_W@Z 0042a6a2 f i atls:stdafx.obj
 0001:000296a7       ??0?$CTraceCategoryEx@$0IAA@$0A@@ATL@@QAE@PB_W@Z 0042a6a7 f i atls:stdafx.obj
 0001:000296ac       ??0?$CTraceCategoryEx@$0IAAA@$0A@@ATL@@QAE@PB_W@Z 0042a6ac f i atls:stdafx.obj
 0001:000296b1       ??0?$CTraceCategoryEx@$0IAAAA@$0A@@ATL@@QAE@PB_W@Z 0042a6b1 f i atls:stdafx.obj
 0001:000296b6       ??_I@YGXPAXIIP6EX0@Z@Z     0042a6b6 f i atls:stdafx.obj
 0001:000296f5       _SysFreeString@4           0042a6f5 f   oleaut32:OLEAUT32.dll
 0001:000296fb       _WSACleanup@0              0042a6fb f   ws2_32:WS2_32.dll
 0001:00029701       _WSAGetLastError@0         0042a701 f   ws2_32:WS2_32.dll
 0001:00029707       _bind@12                   0042a707 f   ws2_32:WS2_32.dll
 0001:0002970d       _closesocket@4             0042a70d f   ws2_32:WS2_32.dll
 0001:00029713       _ioctlsocket@12            0042a713 f   ws2_32:WS2_32.dll
 0001:00029719       _htonl@4                   0042a719 f   ws2_32:WS2_32.dll
 0001:0002971f       _htons@4                   0042a71f f   ws2_32:WS2_32.dll
 0001:00029725       _inet_addr@4               0042a725 f   ws2_32:WS2_32.dll
 0001:0002972b       _recv@16                   0042a72b f   ws2_32:WS2_32.dll
 0001:00029731       _recvfrom@24               0042a731 f   ws2_32:WS2_32.dll
 0001:00029737       _sendto@24                 0042a737 f   ws2_32:WS2_32.dll
 0001:0002973d       _setsockopt@20             0042a73d f   ws2_32:WS2_32.dll
 0001:00029743       _socket@12                 0042a743 f   ws2_32:WS2_32.dll
 0001:00029749       _WSAStartup@8              0042a749 f   ws2_32:WS2_32.dll
 0001:0002974f       ___CxxFrameHandler3        0042a74f f   vcruntimed:VCRUNTIME140D.dll
 0001:00029755       _memset                    0042a755 f   vcruntimed:VCRUNTIME140D.dll
 0001:0002975b       _strrchr                   0042a75b f   vcruntimed:VCRUNTIME140D.dll
 0001:00029761       _memcmp                    0042a761 f   vcruntimed:VCRUNTIME140D.dll
 0001:00029767       _memcpy                    0042a767 f   vcruntimed:VCRUNTIME140D.dll
 0001:0002976d       _strstr                    0042a76d f   vcruntimed:VCRUNTIME140D.dll
 0001:00029773       ___current_exception       0042a773 f   vcruntimed:VCRUNTIME140D.dll
 0001:00029779       ___current_exception_context 0042a779 f   vcruntimed:VCRUNTIME140D.dll
 0001:0002977f       __except_handler4_common   0042a77f f   vcruntimed:VCRUNTIME140D.dll
 0001:00029785       ___std_type_info_destroy_list 0042a785 f   vcruntimed:VCRUNTIME140D.dll
 0001:0002978b       ___vcrt_GetModuleFileNameW 0042a78b f   vcruntimed:VCRUNTIME140D.dll
 0001:00029791       ___vcrt_GetModuleHandleW   0042a791 f   vcruntimed:VCRUNTIME140D.dll
 0001:00029797       ___vcrt_LoadLibraryExW     0042a797 f   vcruntimed:VCRUNTIME140D.dll
 0001:0002979d       _memmove                   0042a79d f   vcruntimed:VCRUNTIME140D.dll
 0001:000297a3       ___stdio_common_vsprintf   0042a7a3 f   ucrtd:ucrtbased.dll
 0001:000297a9       __localtime64              0042a7a9 f   ucrtd:ucrtbased.dll
 0001:000297af       __localtime64_s            0042a7af f   ucrtd:ucrtbased.dll
 0001:000297b5       __strdate_s                0042a7b5 f   ucrtd:ucrtbased.dll
 0001:000297bb       __strtime_s                0042a7bb f   ucrtd:ucrtbased.dll
 0001:000297c1       __time64                   0042a7c1 f   ucrtd:ucrtbased.dll
 0001:000297c7       _wcscpy_s                  0042a7c7 f   ucrtd:ucrtbased.dll
 0001:000297cd       _strcpy                    0042a7cd f   ucrtd:ucrtbased.dll
 0001:000297d3       ___stdio_common_vswprintf_s 0042a7d3 f   ucrtd:ucrtbased.dll
 0001:000297d9       _exit                      0042a7d9 f   ucrtd:ucrtbased.dll
 0001:000297df       __CrtDbgReportW            0042a7df f   ucrtd:ucrtbased.dll
 0001:000297e5       _strcat                    0042a7e5 f   ucrtd:ucrtbased.dll
 0001:000297eb       _strlen                    0042a7eb f   ucrtd:ucrtbased.dll
 0001:000297f1       _fflush                    0042a7f1 f   ucrtd:ucrtbased.dll
 0001:000297f7       __fsopen                   0042a7f7 f   ucrtd:ucrtbased.dll
 0001:000297fd       _fwrite                    0042a7fd f   ucrtd:ucrtbased.dll
 0001:00029803       _calloc                    0042a803 f   ucrtd:ucrtbased.dll
 0001:00029809       _free                      0042a809 f   ucrtd:ucrtbased.dll
 0001:0002980f       _malloc                    0042a80f f   ucrtd:ucrtbased.dll
 0001:00029815       _fclose                    0042a815 f   ucrtd:ucrtbased.dll
 0001:0002981b       _fopen                     0042a81b f   ucrtd:ucrtbased.dll
 0001:00029821       _strcmp                    0042a821 f   ucrtd:ucrtbased.dll
 0001:00029827       ___acrt_iob_func           0042a827 f   ucrtd:ucrtbased.dll
 0001:0002982d       _perror                    0042a82d f   ucrtd:ucrtbased.dll
 0001:00029833       ___stdio_common_vfprintf   0042a833 f   ucrtd:ucrtbased.dll
 0001:00029839       ___stdio_common_vsscanf    0042a839 f   ucrtd:ucrtbased.dll
 0001:0002983f       _atof                      0042a83f f   ucrtd:ucrtbased.dll
 0001:00029845       _strncmp                   0042a845 f   ucrtd:ucrtbased.dll
 0001:0002984b       _feof                      0042a84b f   ucrtd:ucrtbased.dll
 0001:00029851       _fgets                     0042a851 f   ucrtd:ucrtbased.dll
 0001:00029857       __getcwd                   0042a857 f   ucrtd:ucrtbased.dll
 0001:0002985d       _rand                      0042a85d f   ucrtd:ucrtbased.dll
 0001:00029863       _pow                       0042a863 f   ucrtd:ucrtbased.dll
 0001:00029869       _sqrt                      0042a869 f   ucrtd:ucrtbased.dll
 0001:0002986f       _srand                     0042a86f f   ucrtd:ucrtbased.dll
 0001:00029875       _wcslen                    0042a875 f   ucrtd:ucrtbased.dll
 0001:0002987b       ___stdio_common_vsnprintf_s 0042a87b f   ucrtd:ucrtbased.dll
 0001:00029881       _strcpy_s                  0042a881 f   ucrtd:ucrtbased.dll
 0001:00029887       _fabs                      0042a887 f   ucrtd:ucrtbased.dll
 0001:0002988d       _strncpy                   0042a88d f   ucrtd:ucrtbased.dll
 0001:00029893       __strupr                   0042a893 f   ucrtd:ucrtbased.dll
 0001:00029899       _fputs                     0042a899 f   ucrtd:ucrtbased.dll
[...]
 0002:00006594       $SG261498                  00435594     Ioascii.obj
 0002:0000659c       $SG97678                   0043559c     Ioascii.obj
 0002:000065b0       $SG261528                  004355b0     Ioascii.obj
 0002:000065b8       $SG261529                  004355b8     Ioascii.obj
 0002:000065c0       $SG261530                  004355c0     Ioascii.obj
 0002:000065c8       $SG261531                  004355c8     Ioascii.obj
 0002:000065d0       $SG261532                  004355d0     Ioascii.obj
 0002:000065d8       $SG261533                  004355d8     Ioascii.obj
 0002:000065e0       $SG261534                  004355e0     Ioascii.obj
 0002:000065ec       $SG261535                  004355ec     Ioascii.obj
 0002:000065f4       $SG261536                  004355f4     Ioascii.obj
 0002:00006600       $SG261537                  00435600     Ioascii.obj
 0002:00006608       $SG261538                  00435608     Ioascii.obj
 0002:00006610       $SG261539                  00435610     Ioascii.obj
 0002:0000661c       $SG261540                  0043561c     Ioascii.obj
 0002:00006628       $SG261541                  00435628     Ioascii.obj
 0002:00006630       $SG261558                  00435630     Ioascii.obj
 0002:00006640       $SG261568                  00435640     Ioascii.obj
 0002:00006648       $SG261573                  00435648     Ioascii.obj
 0002:00006650       $SG261574                  00435650     Ioascii.obj
 0002:00006658       $SG261575                  00435658     Ioascii.obj
 0002:00006660       $SG261576                  00435660     Ioascii.obj
 0002:0000666c       $SG261577                  0043566c     Ioascii.obj
 0002:00006678       $SG261578                  00435678     Ioascii.obj
 0002:00006684       $SG261579                  00435684     Ioascii.obj
 0002:00006690       $SG261580                  00435690     Ioascii.obj
 0002:0000669c       $SG261581                  0043569c     Ioascii.obj
 0002:000066a8       $SG261582                  004356a8     Ioascii.obj
 0002:000066b4       $SG261584                  004356b4     Ioascii.obj
 0002:000066b8       $SG261585                  004356b8     Ioascii.obj
 0002:000066bc       $SG261586                  004356bc     Ioascii.obj
 0002:000066c0       $SG261587                  004356c0     Ioascii.obj
 0002:000066c4       $SG261588                  004356c4     Ioascii.obj
 0002:000066cc       $SG261589                  004356cc     Ioascii.obj
 0002:000066d4       $SG261590                  004356d4     Ioascii.obj
 0002:000066dc       $SG261591                  004356dc     Ioascii.obj
 0002:000066e4       $SG261593                  004356e4     Ioascii.obj
 0002:000066ec       $SG261594                  004356ec     Ioascii.obj
 0002:000066f0       $SG261595                  004356f0     Ioascii.obj
 0002:000066f8       $SG261597                  004356f8     Ioascii.obj
 0002:00006700       $SG261598                  00435700     Ioascii.obj
 0002:00006708       $SG261600                  00435708     Ioascii.obj
 0002:0000670c       $SG261601                  0043570c     Ioascii.obj
 0002:00006710       $SG261602                  00435710     Ioascii.obj
 0002:00006714       $SG261627                  00435714     Ioascii.obj
 0002:00006720       $SG261628                  00435720     Ioascii.obj
 0002:00006728       $SG261629                  00435728     Ioascii.obj
 0002:00006730       $SG261630                  00435730     Ioascii.obj
 0002:00006738       $SG261631                  00435738     Ioascii.obj
 0002:00006740       $SG261632                  00435740     Ioascii.obj
 0002:0000674c       $SG261633                  0043574c     Ioascii.obj
 0002:00006754       $SG261634                  00435754     Ioascii.obj
 0002:00006760       $SG261635                  00435760     Ioascii.obj
 0002:00006768       $SG261636                  00435768     Ioascii.obj
 0002:00006770       $SG261637                  00435770     Ioascii.obj
 0002:00006778       $SG261638                  00435778     Ioascii.obj
 0002:00006780       $SG261697                  00435780     Ioascii.obj
 0002:00006788       $SG261698                  00435788     Ioascii.obj
 0002:00006790       $SG261699                  00435790     Ioascii.obj
 0002:0000679c       $SG261700                  0043579c     Ioascii.obj
 0002:000067a4       $SG261701                  004357a4     Ioascii.obj
 0002:000067ac       $SG261702                  004357ac     Ioascii.obj
 0002:000067b4       $SG261703                  004357b4     Ioascii.obj
 0002:000067bc       $SG261704                  004357bc     Ioascii.obj
 0002:000067c4       $SG261705                  004357c4     Ioascii.obj
 0002:000067cc       $SG261706                  004357cc     Ioascii.obj
 0002:000067d4       $SG261707                  004357d4     Ioascii.obj
 0002:000067dc       $SG261708                  004357dc     Ioascii.obj
 0002:000067e8       $SG261709                  004357e8     Ioascii.obj
 0002:000067f4       $SG261710                  004357f4     Ioascii.obj
 0002:000067fc       $SG261776                  004357fc     Ioascii.obj
 0002:00006804       $SG261777                  00435804     Ioascii.obj
 0002:00006810       $SG261778                  00435810     Ioascii.obj
 0002:0000681c       $SG261779                  0043581c     Ioascii.obj
 0002:00006828       $SG261780                  00435828     Ioascii.obj
 0002:00006834       $SG261781                  00435834     Ioascii.obj
 0002:0000683c       $SG261782                  0043583c     Ioascii.obj
 0002:00006848       $SG261783                  00435848     Ioascii.obj
 0002:00006854       $SG261784                  00435854     Ioascii.obj
 0002:0000685c       $SG261785                  0043585c     Ioascii.obj
 0002:00006868       $SG261786                  00435868     Ioascii.obj
 0002:00006874       $SG261787                  00435874     Ioascii.obj
 0002:00006880       $SG261788                  00435880     Ioascii.obj
 0002:0000688c       $SG261789                  0043588c     Ioascii.obj
 0002:00006894       $SG261790                  00435894     Ioascii.obj
 0002:00006898       $SG261791                  00435898     Ioascii.obj
 0002:000068a0       $SG261792                  004358a0     Ioascii.obj
 0002:000068a8       $SG261793                  004358a8     Ioascii.obj
 0002:000068b0       $SG261866                  004358b0     Ioascii.obj
 0002:000068b8       $SG261867                  004358b8     Ioascii.obj
 0002:000068c4       $SG261868                  004358c4     Ioascii.obj
 0002:000068d0       $SG261869                  004358d0     Ioascii.obj
 0002:000068dc       $SG261870                  004358dc     Ioascii.obj
 0002:000068e8       $SG261871                  004358e8     Ioascii.obj
 0002:000068f8       $SG261872                  004358f8     Ioascii.obj
 0002:00006908       $SG261873                  00435908     Ioascii.obj
 0002:00006910       $SG261874                  00435910     Ioascii.obj
 0002:0000691c       $SG261875                  0043591c     Ioascii.obj
 0002:00006924       $SG261876                  00435924     Ioascii.obj
 0002:00006930       $SG261877                  00435930     Ioascii.obj
 0002:0000693c       $SG261878                  0043593c     Ioascii.obj
 0002:00006948       $SG261879                  00435948     Ioascii.obj
 0002:00006954       $SG261880                  00435954     Ioascii.obj
 0002:0000695c       $SG261881                  0043595c     Ioascii.obj
 0002:00006960       $SG261882                  00435960     Ioascii.obj
 0002:00006968       $SG261883                  00435968     Ioascii.obj
 0002:00006970       $SG261884                  00435970     Ioascii.obj
 0002:00006978       $SG261956                  00435978     Ioascii.obj
 0002:00006980       $SG261957                  00435980     Ioascii.obj
 0002:0000698c       $SG261958                  0043598c     Ioascii.obj
 0002:00006998       $SG261959                  00435998     Ioascii.obj
 0002:000069a4       $SG261960                  004359a4     Ioascii.obj
 0002:000069b0       $SG261961                  004359b0     Ioascii.obj
 0002:000069bc       $SG261962                  004359bc     Ioascii.obj
 0002:000069c8       $SG261963                  004359c8     Ioascii.obj
 0002:000069d4       $SG261964                  004359d4     Ioascii.obj
 0002:000069dc       $SG261965                  004359dc     Ioascii.obj
 0002:000069e0       $SG261966                  004359e0     Ioascii.obj
 0002:000069e8       $SG261967                  004359e8     Ioascii.obj
 0002:000069f0       $SG261968                  004359f0     Ioascii.obj
 0002:000069f8       $SG262033                  004359f8     Ioascii.obj
 0002:00006a00       $SG262034                  00435a00     Ioascii.obj
 0002:00006a0c       $SG262035                  00435a0c     Ioascii.obj
 0002:00006a14       $SG262036                  00435a14     Ioascii.obj
 0002:00006a20       $SG262037                  00435a20     Ioascii.obj
 0002:00006a28       $SG262038                  00435a28     Ioascii.obj
 0002:00006a34       $SG262039                  00435a34     Ioascii.obj
 0002:00006a38       $SG262040                  00435a38     Ioascii.obj
 0002:00006a40       $SG262041                  00435a40     Ioascii.obj
 0002:00006a48       $SG262042                  00435a48     Ioascii.obj
 0002:00006a50       $SG262113                  00435a50     Ioascii.obj
 0002:00006a58       $SG262114                  00435a58     Ioascii.obj
 0002:00006a60       $SG262115                  00435a60     Ioascii.obj
 0002:00006a68       $SG262116                  00435a68     Ioascii.obj
 0002:00006a74       $SG262117                  00435a74     Ioascii.obj
 0002:00006a7c       $SG262118                  00435a7c     Ioascii.obj
 0002:00006a84       $SG262119                  00435a84     Ioascii.obj
 0002:00006a90       $SG262120                  00435a90     Ioascii.obj
 0002:00006a9c       $SG262121                  00435a9c     Ioascii.obj
 0002:00006aa0       $SG262122                  00435aa0     Ioascii.obj
 0002:00006aa8       $SG262123                  00435aa8     Ioascii.obj
 0002:00006ab0       $SG262124                  00435ab0     Ioascii.obj
 0002:0000a0a4       _GS_ExceptionPointers      004390a4     msvcrtd:gs_report.obj
 0002:0000a0b0       ?_RTC_ErrorMessages@@3QBQBDB 004390b0     msvcrtd:error.obj
 0002:0000a0c8       ?_RTC_NoFalsePositives@@3QBHB 004390c8     msvcrtd:error.obj
 0002:0000a0e0       ?stack_premsg@@3QBDB       004390e0     msvcrtd:error.obj
 0002:0000a0fc       ?stack_postmsg@@3QBDB      004390fc     msvcrtd:error.obj
 0002:0000a110       ?uninit_premsg@@3QBDB      00439110     msvcrtd:error.obj
 0002:0000a120       ?uninit_postmsg@@3QBDB     00439120     msvcrtd:error.obj
 0002:0000a770       ?_RTC_errlist@@3QBQBDB     00439770     msvcrtd:userapi.obj
 0002:0000a854       ?mspdbName@@3QB_WB         00439854     msvcrtd:pdblkup.obj
 0002:0000a878       ?debugCrtFileName@@3QB_WB  00439878     msvcrtd:pdblkup.obj
 0002:0000aa08       ?dllExt@?1??GetPdbDllPathFromFilePath@@YAHPB_WPA_WI@Z@4QB_WB 00439a08     msvcrtd:pdblkup.obj
 0002:0000aa14       ?mspdbFilename@?1??GetPdbDllPathFromFilePath@@YAHPB_WPA_WI@Z@4QB_WB 00439a14     msvcrtd:pdblkup.obj
 0002:0000be34       __RTC_InitBase.rtc$IMZ     0043ae34     mfcs140d:nolib.obj
 0002:0000be38       __RTC_InitBase.rtc$IMZ     0043ae38     mfcs140d:stdafx.obj
 0002:0000be3c       __RTC_InitBase.rtc$IMZ     0043ae3c     mfcs140d:sockexp.obj
 0002:0000be40       __RTC_InitBase.rtc$IMZ     0043ae40     mfcs140d:appmodul.obj
 0002:0000c150       __RTC_Shutdown.rtc$TMZ     0043b150     mfcs140d:nolib.obj
 0002:0000c154       __RTC_Shutdown.rtc$TMZ     0043b154     mfcs140d:stdafx.obj
 0002:0000c158       __RTC_Shutdown.rtc$TMZ     0043b158     mfcs140d:sockexp.obj
 0002:0000c15c       __RTC_Shutdown.rtc$TMZ     0043b15c     mfcs140d:appmodul.obj
 0002:0000c368       __unwindtable$?InitInstance@CDemoAUBApp@@UAEHXZ 0043b368     DemoAUB.obj
 0002:0000c370       __ehfuncinfo$?InitInstance@CDemoAUBApp@@UAEHXZ 0043b370     DemoAUB.obj
 0002:0000c398       __unwindtable$?OnSysCommand@CDemoAUBDlg@@IAEXIJ@Z 0043b398     DemoSimDlg.obj
 0002:0000c3a0       __unwindtable$?OnInitDialog@CDemoAUBDlg@@MAEHXZ 0043b3a0     DemoSimDlg.obj
 0002:0000c3b0       __ehfuncinfo$?OnSysCommand@CDemoAUBDlg@@IAEXIJ@Z 0043b3b0     DemoSimDlg.obj
 0002:0000c3d4       __ehfuncinfo$?OnInitDialog@CDemoAUBDlg@@MAEHXZ 0043b3d4     DemoSimDlg.obj
 0002:0000c3f8       __ehfuncinfo$??0CDemoAUBDlg@@QAE@PAVCWnd@@@Z 0043b3f8     DemoSimDlg.obj
 0002:0000c41c       __unwindtable$??0CDemoAUBDlg@@QAE@PAVCWnd@@@Z 0043b41c     DemoSimDlg.obj
 0002:0000c484       __unwindtable$?TraceV@CTrace@ATL@@SAXPBDHII0PAD@Z 0043b484     StdAfx.obj
 0002:0000c494       __ehfuncinfo$?TraceV@CTrace@ATL@@SAXPBDHII0PAD@Z 0043b494     StdAfx.obj
 0002:0000c4c0       __unwindtable$??RCTraceFileAndLineInfo@ATL@@QBAXHIPBDZZ 0043b4c0     StdAfx.obj
 0002:0000c4c8       __ehfuncinfo$??RCTraceFileAndLineInfo@ATL@@QBAXHIPBDZZ 0043b4c8     StdAfx.obj
 0002:0000c4f0       __ehfuncinfo$??1?$CSimpleArray@GV?$CSimpleArrayEqualHelper@G@ATL@@@ATL@@QAE@XZ 0043b4f0     StdAfx.obj
 0002:0000c518       __unwindtable$??0_ATL_WIN_MODULE70@ATL@@QAE@XZ 0043b518     StdAfx.obj
 0002:0000c520       __ehfuncinfo$??0_ATL_WIN_MODULE70@ATL@@QAE@XZ 0043b520     StdAfx.obj
 0002:0000c548       __ehfuncinfo$??1CAtlComModule@ATL@@QAE@XZ 0043b548     StdAfx.obj
 0002:0000c570       __ehfuncinfo$??1CAtlWinModule@ATL@@QAE@XZ 0043b570     StdAfx.obj
 0002:0000c598       __unwindtable$?ShowCfgError@@YAXXZ 0043b598     Ioascii.obj
 0002:0000c5a0       __ehfuncinfo$?ShowCfgError@@YAXXZ 0043b5a0     Ioascii.obj
 0002:0000c5c8       __sehtable$_WinbaseIsolationAwarePrivatetRgzlnPgpgk@0 0043b5c8     mfcs140d:nolib.obj
 0002:0000c5e8       __sehtable$_IsolationAwareUnregisterClassA@8 0043b5e8     mfcs140d:nolib.obj
 0002:0000c608       __ehfuncinfo$??_Estringdispid@CComTypeInfoHolder@ATL@@QAEPAXI@Z 0043b608     mfcs140d:nolib.obj
 0002:0000c630       __sehtable$___scrt_is_nonwritable_in_current_image 0043b630     msvcrtd:utility.obj
 0002:0000c650       __sehtable$?__scrt_common_main_seh@@YAHXZ 0043b650     msvcrtd:exe_winmain.obj
 0002:0000c670       __sehtable$??_M@YGXPAXIIP6EX0@Z@Z 0043b670     msvcrtd:ehvecdtr.obj
 0002:0000c690       __sehtable$?__ArrayUnwind@@YGXPAXIIP6EX0@Z@Z 0043b690     msvcrtd:ehvecdtr.obj
 0002:0000c6b0       __sehtable$?notify_debugger@@YAXABUtagEXCEPTION_VISUALCPP_DEBUG_INFO@@@Z 0043b6b0     msvcrtd:error.obj
 0003:00000000       ?first_lap@?1??AutoProcedure@@YAXXZ@4_NA 0043c000     ApplicationSpecific.obj
 0003:00000059       ?SimRandom@@3_NA           0043c059     Simulator.obj
 0003:00000650       ?dataType@@3PAPADA         0043c650     Ioascii.obj
 0003:0000067c       ?baudrate@@3PAPADA         0043c67c     Ioascii.obj
 0003:000006a0       ?parity@@3PAPADA           0043c6a0     Ioascii.obj
 0003:000006b0       ?ipside@@3PAPADA           0043c6b0     Ioascii.obj
 0003:000006bc       ?port@@3PAPADA             0043c6bc     Ioascii.obj
 0003:00000be4       ?timebuf@?1??ctime2str@@YAPADXZ@4PADA 0043cbe4     AUBTime.obj
 0003:00000c08       ?timebuf@?1??time2str@@YAPADJ@Z@4PADA 0043cc08     AUBTime.obj
 0003:00000c2c       ?datebuf@?1??cdate2str@@YAPADXZ@4PADA 0043cc2c     AUBTime.obj
 0003:00000d70       ?InitDone@@3_NA            0043cd70     DemoSimDlg.obj
 0003:00000d74       ?dlg@@3PAVCDemoAUBDlg@@A   0043cd74     DemoSimDlg.obj
 0003:00003490       ?efh@@3PAU_iobuf@@A        0043f490     Event.obj
 0003:00003498       ?EvPath@@3PADA             0043f498     Event.obj
 0003:000035d8       ?logmsg@@3PADA             0043f5d8     Loger.obj
 0003:00003a90       ?socklsn@@3IA              0043fa90     PipeFun.obj
 0003:00003a94       ?pipe_open@@3_NA           0043fa94     PipeFun.obj
 0003:00003a98       ?Client@@3UCPIPE@@A        0043fa98     PipeFun.obj
 0003:000047f4       ?CS_TimerList@@3U_RTL_CRITICAL_SECTION@@A 004407f4     Timers.obj
 0003:000048ac       ?pass_cnt@@3HA             004408ac     Ioascii.obj
 0003:000048b0       ?buffer@@3PADA             004408b0     Ioascii.obj
 0003:000049b0       ?line_num@@3HA             004409b0     Ioascii.obj
 0003:000049b4       ?rcode@@3PAFA              004409b4     Ioascii.obj
 0003:000049b8       ?deep_level@@3HA           004409b8     Ioascii.obj
 0003:00004a3c       ?is_initialized_as_dll@@3_NA 00440a3c     msvcrtd:utility.obj
 0003:00004a3d       ?module_local_atexit_table_initialized@@3_NA 00440a3d     msvcrtd:utility.obj
 0003:00004a40       ?module_local_atexit_table@@3U_onexit_table_t@@A 00440a40     msvcrtd:utility.obj
 0003:00004a4c       ?module_local_at_quick_exit_table@@3U_onexit_table_t@@A 00440a4c     msvcrtd:utility.obj
 0003:00004a60       ?g_tss_cv@@3U_RTL_CONDITION_VARIABLE@@A 00440a60     msvcrtd:thread_safe_statics.obj
 0003:00004a64       ?g_tss_event@@3PAXA        00440a64     msvcrtd:thread_safe_statics.obj
 0003:00004a68       ?g_tss_mutex@@3U_RTL_CRITICAL_SECTION@@A 00440a68     msvcrtd:thread_safe_statics.obj
 0003:00004a80       ?g_sleep_condition_variable_cs@@3P6GHPAU_RTL_CONDITION_VARIABLE@@PAU_RTL_CRITICAL_SECTION@@K@ZA 00440a80     msvcrtd:thread_safe_statics.obj
 0003:00004a84       ?g_wake_all_condition_variable@@3P6GXPAU_RTL_CONDITION_VARIABLE@@@ZA 00440a84     msvcrtd:thread_safe_statics.obj
 0003:00004a98       _GS_ExceptionRecord        00440a98     msvcrtd:gs_report.obj
 0003:00004ae8       _GS_ContextRecord          00440ae8     msvcrtd:gs_report.obj
 0003:00004e53       ?init@?1??_RTC_InitBase@@9@4_NA 00440e53     msvcrtd:init.obj
 0003:00004e74       ?_RTC_ErrorReportFunc@@3P6AHHPBDH00ZZA 00440e74     msvcrtd:userapi.obj
 0003:00004e78       ?_RTC_ErrorReportFuncW@@3P6AHHPB_WH00ZZA 00440e78     msvcrtd:userapi.obj
 0003:00004e80       ?mspdb@@3PAUHINSTANCE__@@A 00440e80     msvcrtd:pdblkup.obj
 0003:00004e84       ?alreadyTried@?1??GetPdbDll@@YAPAUHINSTANCE__@@XZ@4_NA 00440e84     msvcrtd:pdblkup.obj
 0003:00004e85       ?PDBOK@?1??_RTC_GetSrcLine@@YAHPAEPA_WKPAH1K@Z@4_NA 00440e85     msvcrtd:pdblkup.obj
 0004:000010d4       .idata$6                   004420d4     winmm:WINMM.dll
 0004:000010de       .idata$6                   004420de     mfc140d:mfc140d.dll
 0004:00001504       .idata$6                   00442504     kernel32:KERNEL32.dll
 0004:00001540       .idata$6                   00442540     user32:USER32.dll
 0004:0000154c       .idata$6                   0044254c     oleaut32:OLEAUT32.dll
 0004:0000155a       .idata$6                   0044255a     ws2_32:WS2_32.dll
 0004:00001674       .idata$6                   00442674     vcruntimed:VCRUNTIME140D.dll
 0004:00001b18       .idata$6                   00442b18     ucrtd:ucrtbased.dll
 0007:000004f0       $R000000                   004454f0     DemoAUB.res
 0007:00000618       $R000128                   00445618     DemoAUB.res
 0007:00000ec0       $R0009D0                   00445ec0     DemoAUB.res
 0007:00000ee8       $R0009F8                   00445ee8     DemoAUB.res
 0007:00001010       $R000B20                   00446010     DemoAUB.res
 0007:000012f8       $R000E08                   004462f8     DemoAUB.res
 0007:00001320       $R000E30                   00446320     DemoAUB.res
 0007:00001fc8       $R001AD8                   00446fc8     DemoAUB.res
 0007:00002330       $R001E40                   00447330     DemoAUB.res
 0007:00002358       $R001E68                   00447358     DemoAUB.res
 0007:00002480       $R001F90                   00447480     DemoAUB.res
 0007:000027a8       $R0022B8                   004477a8     DemoAUB.res
 0007:00002a58       $R002568                   00447a58     DemoAUB.res
 0007:00002ae8       $R0025F8                   00447ae8     DemoAUB.res
